Component: ARM Compiler 5.06 update 2 (build 183) Tool: armlink [4d35b7]

==============================================================================

Section Cross References

    lcd.o(.text) refers to stm32f10x_spi.o(.text) for SPI_I2S_GetFlagStatus
    lcd.o(.text) refers to stm32f10x_gpio.o(.text) for GPIO_WriteBit
    lcd.o(.text) refers to c89vsprintf.o(.text) for __c89vsprintf
    lcd.o(.ARM.exidx) refers to lcd.o(.text) for .text
    menu.o(.text) refers to menu.o(i._ZN9Menu_Node5getIDEv) for Menu_Node::getID()
    menu.o(.text) refers to new.o(i._Znwj) for operator new(unsigned)
    menu.o(.text) refers to menu.o(i._ZN9Menu_NodeC1EsP4ItemPS_S2_) for Menu_Node::Menu_Node(short, Item*, Menu_Node*, Menu_Node*)
    menu.o(.text) refers to menu.o(i._ZN4Menu10prevCursorEv) for Menu::prevCursor()
    menu.o(.text) refers to menu.o(i._ZN4Menu10nextCursorEv) for Menu::nextCursor()
    menu.o(.text) refers to menu.o(i._ZN4Item8setValueEsa) for Item::setValue(short, signed char)
    menu.o(.text) refers to menu.o(i._ZN4Menu8prevPageEv) for Menu::prevPage()
    menu.o(.text) refers to menu.o(i._ZN9Menu_Node8isToggleEv) for Menu_Node::isToggle()
    menu.o(.text) refers to menu.o(i._ZN4Menu8nextPageEv) for Menu::nextPage()
    menu.o(.text) refers to menu.o(i._ZN4Menu9setCursorEP9Menu_Node) for Menu::setCursor(Menu_Node*)
    menu.o(.text) refers to menu.o(i._ZN4Menu7setPageEP9Menu_Node) for Menu::setPage(Menu_Node*)
    menu.o(.text) refers to menu.o(i._ZN4Item7getTypeEv) for Item::getType()
    menu.o(.text) refers to menu.o(i._ZN4Item4ExecEv) for Item::Exec()
    menu.o(.text) refers to menu.o(i._ZN7Param168_set_maxEs) for Param16::_set_max(short)
    menu.o(.text) refers to variables.o(.bss) for Main_Console
    menu.o(.ARM.exidx) refers to menu.o(.text) for .text
    marx.o(.text) refers to new.o(i._Znwj) for operator new(unsigned)
    marx.o(.text) refers to marx.o(i._ZN7Param16C1Esssf) for Param16::Param16(short, short, short, float)
    marx.o(.text) refers to marx.o(i._ZN4Marx8getValueEh) for Marx::getValue(unsigned char)
    marx.o(.text) refers to marx.o(i._ZN4Marx8setValueEhhs) for Marx::setValue(unsigned char, unsigned char, short)
    marx.o(.ARM.exidx) refers to marx.o(.text) for .text
    peripheral.o(.text) refers to stm32f10x_gpio.o(.text) for GPIO_ResetBits
    peripheral.o(.text) refers to stm32f10x_rcc.o(.text) for RCC_APB2PeriphClockCmd
    peripheral.o(.text) refers to stm32f10x_dma.o(.text) for DMA_DeInit
    peripheral.o(.text) refers to stm32f10x_spi.o(.text) for SPI_Init
    peripheral.o(.text) refers to stm32f10x_i2c.o(.text) for I2C_DeInit
    peripheral.o(.text) refers to stm32f10x_tim.o(.text) for TIM_TimeBaseInit
    peripheral.o(.text) refers to misc.o(.text) for NVIC_PriorityGroupConfig
    peripheral.o(.text) refers to peripheral.o(.data) for I2C1_Buffer_Tx
    peripheral.o(.ARM.exidx) refers to peripheral.o(.text) for .text
    variables.o(.text) refers to init_alloc.o(.text) for _init_alloc
    variables.o(.text) refers to aeabi_atexit.o(.text) for __aeabi_atexit
    variables.o(.text) refers to marx.o(.text) for Marx::Marx(unsigned char, unsigned char, short*, short*, short*, float*)
    variables.o(.text) refers to marx.o(i._ZN7Param16C1Esssf) for Param16::Param16(short, short, short, float)
    variables.o(.text) refers to variables.o(.data) for HeapZone
    variables.o(.text) refers to type.o(.bss) for heap_zone
    variables.o(.text) refers to variables.o(.bss) for Main_Menu
    variables.o(.text) refers to variables.o(i._ZN4MenuD1Ev) for Menu::~Menu()
    variables.o(.text) refers to variables.o(i._ZN4MarxD1Ev) for Marx::~Marx()
    variables.o(.text) refers to variables.o(i._ZN7ConsoleD1Ev) for Console::~Console()
    variables.o(.text) refers to variables.o(i._ZN7Param16D1Ev) for Param16::~Param16()
    variables.o(.ARM.exidx) refers to variables.o(.text) for .text
    variables.o(.init_array) refers to variables.o(.text) for __sti___13_variables_cpp_HeapZone
    variables.o(.init_array) refers to init_aeabi.o(.text) for __cpp_initialize__aeabi_
    menu_init.o(.text) refers to new.o(i._Znwj) for operator new(unsigned)
    menu_init.o(.text) refers to menu_init.o(i._ZN4ItemC1EhPKc) for Item::Item(unsigned char, const char*)
    menu_init.o(.text) refers to menu.o(.text) for Menu::Menu_Insert(short, Item*, short)
    menu_init.o(.text) refers to menu_init.o(i._ZN4ItemC1EhP7Param16PKcPPc) for Item::Item(unsigned char, Param16*, const char*, char**)
    menu_init.o(.text) refers to menu_init.o(i._ZN4ItemC1EhP7Param16PKc) for Item::Item(unsigned char, Param16*, const char*)
    menu_init.o(.text) refers to variables.o(.bss) for Main_Menu
    menu_init.o(.text) refers to menu_init.o(.constdata) for tag_times
    menu_init.o(.ARM.exidx) refers to menu_init.o(.text) for .text
    menu_init.o(.constdata) refers to menu_init.o(.conststring) for .conststring
    task.o(.text) refers to rt_cmsis.o(i.osThreadCreate) for osThreadCreate
[...]
    TIM_OC4PolarityConfig                    0x080044f1   Thumb Code    26  stm32f10x_tim.o(.text)
    TIM_CCxCmd                               0x0800450b   Thumb Code    30  stm32f10x_tim.o(.text)
    TIM_CCxNCmd                              0x08004529   Thumb Code    30  stm32f10x_tim.o(.text)
    TIM_SelectOCxM                           0x08004547   Thumb Code    82  stm32f10x_tim.o(.text)
    TIM_UpdateDisableConfig                  0x08004599   Thumb Code    24  stm32f10x_tim.o(.text)
    TIM_UpdateRequestConfig                  0x080045b1   Thumb Code    24  stm32f10x_tim.o(.text)
    TIM_SelectHallSensor                     0x080045c9   Thumb Code    24  stm32f10x_tim.o(.text)
    TIM_SelectOnePulseMode                   0x080045e1   Thumb Code    18  stm32f10x_tim.o(.text)
    TIM_SelectOutputTrigger                  0x080045f3   Thumb Code    18  stm32f10x_tim.o(.text)
    TIM_SelectSlaveMode                      0x08004605   Thumb Code    18  stm32f10x_tim.o(.text)
    TIM_SelectMasterSlaveMode                0x08004617   Thumb Code    18  stm32f10x_tim.o(.text)
    TIM_SetCounter                           0x08004629   Thumb Code     4  stm32f10x_tim.o(.text)
    TIM_SetAutoreload                        0x0800462d   Thumb Code     4  stm32f10x_tim.o(.text)
    TIM_SetCompare1                          0x08004631   Thumb Code     4  stm32f10x_tim.o(.text)
    TIM_SetCompare2                          0x08004635   Thumb Code     4  stm32f10x_tim.o(.text)
    TIM_SetCompare3                          0x08004639   Thumb Code     4  stm32f10x_tim.o(.text)
    TIM_SetCompare4                          0x0800463d   Thumb Code     6  stm32f10x_tim.o(.text)
    TIM_SetClockDivision                     0x08004643   Thumb Code    18  stm32f10x_tim.o(.text)
    TIM_GetCapture1                          0x08004655   Thumb Code     6  stm32f10x_tim.o(.text)
    TIM_GetCapture2                          0x0800465b   Thumb Code     6  stm32f10x_tim.o(.text)
    TIM_GetCapture3                          0x08004661   Thumb Code     6  stm32f10x_tim.o(.text)
    TIM_GetCapture4                          0x08004667   Thumb Code     8  stm32f10x_tim.o(.text)
    TIM_GetCounter                           0x0800466f   Thumb Code     6  stm32f10x_tim.o(.text)
    TIM_GetPrescaler                         0x08004675   Thumb Code     6  stm32f10x_tim.o(.text)
    TIM_GetFlagStatus                        0x0800467b   Thumb Code    18  stm32f10x_tim.o(.text)
    TIM_ClearFlag                            0x0800468d   Thumb Code     6  stm32f10x_tim.o(.text)
    TIM_GetITStatus                          0x08004693   Thumb Code    34  stm32f10x_tim.o(.text)
    TIM_ClearITPendingBit                    0x080046b5   Thumb Code     6  stm32f10x_tim.o(.text)
    Reset_Handler                            0x080046bd   Thumb Code     8  startup_stm32f10x_md.o(.text)
    NMI_Handler                              0x080046c5   Thumb Code     2  startup_stm32f10x_md.o(.text)
    HardFault_Handler                        0x080046c7   Thumb Code     2  startup_stm32f10x_md.o(.text)
    MemManage_Handler                        0x080046c9   Thumb Code     2  startup_stm32f10x_md.o(.text)
    BusFault_Handler                         0x080046cb   Thumb Code     2  startup_stm32f10x_md.o(.text)
    UsageFault_Handler                       0x080046cd   Thumb Code     2  startup_stm32f10x_md.o(.text)
    DebugMon_Handler                         0x080046d1   Thumb Code     2  startup_stm32f10x_md.o(.text)
    ADC1_2_IRQHandler                        0x080046d7   Thumb Code     0  startup_stm32f10x_md.o(.text)
    CAN1_RX1_IRQHandler                      0x080046d7   Thumb Code     0  startup_stm32f10x_md.o(.text)
    CAN1_SCE_IRQHandler                      0x080046d7   Thumb Code     0  startup_stm32f10x_md.o(.text)
    DMA1_Channel1_IRQHandler                 0x080046d7   Thumb Code     0  startup_stm32f10x_md.o(.text)
    DMA1_Channel2_IRQHandler                 0x080046d7   Thumb Code     0  startup_stm32f10x_md.o(.text)
    DMA1_Channel3_IRQHandler                 0x080046d7   Thumb Code     0  startup_stm32f10x_md.o(.text)
    DMA1_Channel4_IRQHandler                 0x080046d7   Thumb Code     0  startup_stm32f10x_md.o(.text)
    DMA1_Channel5_IRQHandler                 0x080046d7   Thumb Code     0  startup_stm32f10x_md.o(.text)
    DMA1_Channel7_IRQHandler                 0x080046d7   Thumb Code     0  startup_stm32f10x_md.o(.text)
    EXTI0_IRQHandler                         0x080046d7   Thumb Code     0  startup_stm32f10x_md.o(.text)
    EXTI15_10_IRQHandler                     0x080046d7   Thumb Code     0  startup_stm32f10x_md.o(.text)
    EXTI1_IRQHandler                         0x080046d7   Thumb Code     0  startup_stm32f10x_md.o(.text)
    EXTI2_IRQHandler                         0x080046d7   Thumb Code     0  startup_stm32f10x_md.o(.text)
    EXTI3_IRQHandler                         0x080046d7   Thumb Code     0  startup_stm32f10x_md.o(.text)
    EXTI4_IRQHandler                         0x080046d7   Thumb Code     0  startup_stm32f10x_md.o(.text)
    EXTI9_5_IRQHandler                       0x080046d7   Thumb Code     0  startup_stm32f10x_md.o(.text)
    FLASH_IRQHandler                         0x080046d7   Thumb Code     0  startup_stm32f10x_md.o(.text)
    I2C1_ER_IRQHandler                       0x080046d7   Thumb Code     0  startup_stm32f10x_md.o(.text)
    I2C1_EV_IRQHandler                       0x080046d7   Thumb Code     0  startup_stm32f10x_md.o(.text)
    I2C2_ER_IRQHandler                       0x080046d7   Thumb Code     0  startup_stm32f10x_md.o(.text)
    I2C2_EV_IRQHandler                       0x080046d7   Thumb Code     0  startup_stm32f10x_md.o(.text)
    PVD_IRQHandler                           0x080046d7   Thumb Code     0  startup_stm32f10x_md.o(.text)
    RCC_IRQHandler                           0x080046d7   Thumb Code     0  startup_stm32f10x_md.o(.text)
    RTCAlarm_IRQHandler                      0x080046d7   Thumb Code     0  startup_stm32f10x_md.o(.text)
    RTC_IRQHandler                           0x080046d7   Thumb Code     0  startup_stm32f10x_md.o(.text)
    SPI1_IRQHandler                          0x080046d7   Thumb Code     0  startup_stm32f10x_md.o(.text)
    SPI2_IRQHandler                          0x080046d7   Thumb Code     0  startup_stm32f10x_md.o(.text)
    TAMPER_IRQHandler                        0x080046d7   Thumb Code     0  startup_stm32f10x_md.o(.text)
    TIM1_BRK_IRQHandler                      0x080046d7   Thumb Code     0  startup_stm32f10x_md.o(.text)
    TIM1_CC_IRQHandler                       0x080046d7   Thumb Code     0  startup_stm32f10x_md.o(.text)
    TIM1_TRG_COM_IRQHandler                  0x080046d7   Thumb Code     0  startup_stm32f10x_md.o(.text)
    TIM1_UP_IRQHandler                       0x080046d7   Thumb Code     0  startup_stm32f10x_md.o(.text)
    TIM2_IRQHandler                          0x080046d7   Thumb Code     0  startup_stm32f10x_md.o(.text)
    TIM3_IRQHandler                          0x080046d7   Thumb Code     0  startup_stm32f10x_md.o(.text)
    TIM4_IRQHandler                          0x080046d7   Thumb Code     0  startup_stm32f10x_md.o(.text)
    USART1_IRQHandler                        0x080046d7   Thumb Code     0  startup_stm32f10x_md.o(.text)
    USART2_IRQHandler                        0x080046d7   Thumb Code     0  startup_stm32f10x_md.o(.text)
    USART3_IRQHandler                        0x080046d7   Thumb Code     0  startup_stm32f10x_md.o(.text)
    USBWakeUp_IRQHandler                     0x080046d7   Thumb Code     0  startup_stm32f10x_md.o(.text)
    USB_HP_CAN1_TX_IRQHandler                0x080046d7   Thumb Code     0  startup_stm32f10x_md.o(.text)
    USB_LP_CAN1_RX0_IRQHandler               0x080046d7   Thumb Code     0  startup_stm32f10x_md.o(.text)
    WWDG_IRQHandler                          0x080046d7   Thumb Code     0  startup_stm32f10x_md.o(.text)
    __user_initial_stackheap                 0x080046d9   Thumb Code     0  startup_stm32f10x_md.o(.text)
    SystemInit                               0x080047db   Thumb Code    78  system_stm32f10x.o(.text)
    SystemCoreClockUpdate                    0x08004829   Thumb Code   142  system_stm32f10x.o(.text)
    __user_libspace                          0x080048dd   Thumb Code     8  libspace.o(.text)
    __user_perproc_libspace                  0x080048dd   Thumb Code     0  libspace.o(.text)
    _terminate_user_alloc                    0x080048e5   Thumb Code     2  init_alloc.o(.text)
    _init_user_alloc                         0x080048e7   Thumb Code     2  init_alloc.o(.text)
    __Heap_Full                              0x080048e9   Thumb Code    34  init_alloc.o(.text)
    __Heap_Broken                            0x0800490b   Thumb Code     6  init_alloc.o(.text)
    _init_alloc                              0x08004911   Thumb Code    94  init_alloc.o(.text)
    __aeabi_uldivmod                         0x0800496f   Thumb Code     0  lludivv7m.o(.text)
    _ll_udiv                                 0x0800496f   Thumb Code   238  lludivv7m.o(.text)
    __c89vsprintf                            0x08004a5d   Thumb Code    32  c89vsprintf.o(.text)
    exit                                     0x08004a81   Thumb Code    18  exit.o(.text)
    __aeabi_atexit                           0x08004a93   Thumb Code    46  aeabi_atexit.o(.text)
    __use_two_region_memory                  0x08004ac1   Thumb Code     2  heapauxi.o(.text)
    __rt_heap_escrow                         0x08004ac3   Thumb Code     2  heapauxi.o(.text)
    __rt_heap_expand                         0x08004ac5   Thumb Code     2  heapauxi.o(.text)
    __cpp_initialize__aeabi_                 0x08004ac9   Thumb Code    26  init_aeabi.o(.text)
    __rt_heap_descriptor                     0x08004aed   Thumb Code    10  rt_heap_descriptor_twolibspace.o(.text)
    __rt_new_handler_addr                    0x08004af7   Thumb Code    10  rt_new_handler_addr_twolibspace.o(.text)
    __rt_ddtor_pointer_addr                  0x08004b01   Thumb Code    10  rt_ddtor_pointer_addr_twolibspace.o(.text)
    __use_no_heap                            0x08004b0b   Thumb Code     2  hguard.o(.text)
    __heap$guard                             0x08004b0d   Thumb Code     2  hguard.o(.text)
    __Heap_Initialize                        0x08004b0f   Thumb Code    14  h1_init_mt.o(.text)
    __Heap_DescSize                          0x08004b1d   Thumb Code     4  h1_init_mt.o(.text)
    _malloc_internal                         0x08004b29   Thumb Code   130  h1_alloc_mt.o(.text)
    malloc                                   0x08004bab   Thumb Code    20  h1_alloc_mt.o(.text)
    __Heap_ProvideMemory                     0x08004bbf   Thumb Code    62  h1_extend_mt.o(.text)
    _printf_pre_padding                      0x08004bfd   Thumb Code    44  _printf_pad.o(.text)
    _printf_post_padding                     0x08004c29   Thumb Code    34  _printf_pad.o(.text)
    _printf_truncate_signed                  0x08004c4b   Thumb Code    18  _printf_truncate.o(.text)
    _printf_truncate_unsigned                0x08004c5d   Thumb Code    18  _printf_truncate.o(.text)
    _printf_str                              0x08004c6f   Thumb Code    82  _printf_str.o(.text)
    _printf_int_dec                          0x08004cc1   Thumb Code   104  _printf_dec.o(.text)
    _printf_charcount                        0x08004d39   Thumb Code    40  _printf_charcount.o(.text)
    _printf_char_common                      0x08004d6b   Thumb Code    32  _printf_char_common.o(.text)
    _sputc                                   0x08004d91   Thumb Code    10  _sputc.o(.text)
    _printf_wctomb                           0x08004d9d   Thumb Code   182  _printf_wctomb.o(.text)
    _printf_longlong_dec                     0x08004e59   Thumb Code   108  _printf_longlong_dec.o(.text)
    _printf_longlong_oct                     0x08004ed5   Thumb Code    68  _printf_oct_int_ll.o(.text)
    _printf_int_oct                          0x08004f19   Thumb Code    24  _printf_oct_int_ll.o(.text)
    _printf_ll_oct                           0x08004f31   Thumb Code    12  _printf_oct_int_ll.o(.text)
    _printf_longlong_hex                     0x08004f45   Thumb Code    86  _printf_hex_int_ll_ptr.o(.text)
    _printf_int_hex                          0x08004f9b   Thumb Code    28  _printf_hex_int_ll_ptr.o(.text)
    _printf_ll_hex                           0x08004fb7   Thumb Code    12  _printf_hex_int_ll_ptr.o(.text)
    _printf_hex_ptr                          0x08004fc3   Thumb Code    18  _printf_hex_int_ll_ptr.o(.text)
    __printf                                 0x08004fd9   Thumb Code   388  __printf_flags_ss_wp.o(.text)
    __cxa_finalize                           0x08005161   Thumb Code    66  cxa_finalize.o(.text)
    __rt_SIGRTMEM                            0x080051a3   Thumb Code    14  defsig_rtmem_outer.o(.text)
    __default_new_handler()                  0x080051b1   Thumb Code     4  arm_newhandler_noexceptions.o(.text)
    __I$use$semihosting                      0x080051b5   Thumb Code     0  use_no_semi.o(.text)
    __use_no_semihosting_swi                 0x080051b5   Thumb Code     2  use_no_semi.o(.text)
    __semihosting_library_function           0x080051b7   Thumb Code     0  indicate_semi.o(.text)
    _free_internal                           0x080051b7   Thumb Code    98  h1_free_mt.o(.text)
    free                                     0x08005219   Thumb Code    20  h1_free_mt.o(.text)
    _ll_udiv10                               0x0800522d   Thumb Code   138  lludiv10.o(.text)
    _printf_int_common                       0x080052b7   Thumb Code   178  _printf_intcommon.o(.text)
    __lib_sel_fp_printf                      0x08005369   Thumb Code     2  _printf_fp_dec.o(.text)
    _printf_fp_dec_real                      0x08005517   Thumb Code   620  _printf_fp_dec.o(.text)
    _printf_cs_common                        0x08005783   Thumb Code    20  _printf_char.o(.text)
    _printf_char                             0x08005797   Thumb Code    16  _printf_char.o(.text)
    _printf_string                           0x080057a7   Thumb Code     8  _printf_char.o(.text)
    _printf_lcs_common                       0x080057af   Thumb Code    20  _printf_wchar.o(.text)
    _printf_wchar                            0x080057c3   Thumb Code    16  _printf_wchar.o(.text)
    _printf_wstring                          0x080057d3   Thumb Code     8  _printf_wchar.o(.text)
    _wcrtomb                                 0x080057db   Thumb Code    64  _wcrtomb.o(.text)
    __sig_exit                               0x0800581b   Thumb Code    10  defsig_exit.o(.text)
    __rt_SIGRTMEM_inner                      0x08005825   Thumb Code    22  defsig_rtmem_inner.o(.text)
    std::terminate()                         0x08005875   Thumb Code    26  arm_exceptions_terminate.o(.text)
    _sys_exit                                0x08005891   Thumb Code     8  sys_exit.o(.text)
    __user_setup_stackheap                   0x0800589d   Thumb Code    74  sys_stackheap_outer.o(.text)
    __rt_ctype_table                         0x080058e9   Thumb Code    16  rt_ctype_table.o(.text)
    __rt_locale                              0x080058f9   Thumb Code    10  rt_locale_twolibspace.o(.text)
    _printf_fp_infnan                        0x08005905   Thumb Code   112  _printf_fp_infnan.o(.text)
    _btod_etento                             0x08005985   Thumb Code   216  bigflt0.o(.text)
    abort                                    0x08005a61   Thumb Code    22  abort.o(.text)
    __default_signal_display                 0x08005a77   Thumb Code    50  defsig_general.o(.text)
    __cxa_get_globals                        0x08005aaf   Thumb Code    62  arm_exceptions_globs.o(.text)
    _ttywrch                                 0x08005af9   Thumb Code    14  sys_wrch.o(.text)
    __rt_eh_globals_addr                     0x08005b07   Thumb Code    10  rt_eh_globals_addr_twolibspace.o(.text)
    __rt_SIGABRT                             0x08005b11   Thumb Code    14  defsig_abrt_outer.o(.text)
    strcmp                                   0x08005b21   Thumb Code   128  strcmpv7m.o(.text)
    __ARM_exceptions_buffer_init             0x08005ba1   Thumb Code    18  arm_exceptions_mem.o(.text)
    __ARM_exceptions_buffer_allocate         0x08005bb3   Thumb Code    22  arm_exceptions_mem.o(.text)
    __ARM_exceptions_buffer_free             0x08005bc9   Thumb Code    20  arm_exceptions_mem.o(.text)
    __rt_SIGABRT_inner                       0x08005bdd   Thumb Code    14  defsig_abrt_inner.o(.text)
    _btod_d2e                                0x08005c0d   Thumb Code    62  btod.o(CL$$btod_d2e)
    _d2e_denorm_low                          0x08005c4b   Thumb Code    70  btod.o(CL$$btod_d2e_denorm_low)
    _d2e_norm_op1                            0x08005c91   Thumb Code    96  btod.o(CL$$btod_d2e_norm_op1)
    __btod_div_common                        0x08005cf1   Thumb Code   696  btod.o(CL$$btod_div_common)
    _e2e                                     0x08006029   Thumb Code   198  btod.o(CL$$btod_e2e)
    _btod_ediv                               0x080060ef   Thumb Code    40  btod.o(CL$$btod_ediv)
    _btod_emul                               0x08006117   Thumb Code    40  btod.o(CL$$btod_emul)
    __btod_mult_common                       0x0800613f   Thumb Code   580  btod.o(CL$$btod_mult_common)
    SVC_Count                                0x08006384   Data           4  svc_table.o(SVC_TABLE)
    SVC_Table                                0x08006388   Data           0  svc_table.o(SVC_TABLE)
    Non_Linear(short)                        0x08006389   Thumb Code    78  task_button.o(i._Z10Non_Linears)
    send_data(unsigned char, unsigned char, unsigned short) 0x080063d7   Thumb Code    32  task_sending.o(i._Z9send_datahht)
    LCD::~LCD()                              0x080063f7   Thumb Code     2  task_lcd.o(i._ZN3LCDD1Ev)
    LCD::~LCD__sub_object()                  0x080063f7   Thumb Code     0  task_lcd.o(i._ZN3LCDD1Ev)
    Item::Exec()                             0x080063f9   Thumb Code   140  menu.o(i._ZN4Item4ExecEv)
    Item::getType()                          0x08006485   Thumb Code     6  menu.o(i._ZN4Item7getTypeEv)
    Item::getLabel()                         0x0800648b   Thumb Code     6  task_lcd.o(i._ZN4Item8getLabelEv)
    Item::getValue()                         0x08006491   Thumb Code    34  task_lcd.o(i._ZN4Item8getValueEv)
    Item::setValue(short, signed char)       0x080064b3   Thumb Code   196  menu.o(i._ZN4Item8setValueEsa)
    Item::Item(unsigned char, Param16*, const char*) 0x08006577   Thumb Code    22  menu_init.o(i._ZN4ItemC1EhP7Param16PKc)
    Item::Item__sub_object(unsigned char, Param16*, const char*) 0x08006577   Thumb Code     0  menu_init.o(i._ZN4ItemC1EhP7Param16PKc)
    Item::Item(unsigned char, Param16*, const char*, char**) 0x0800658d   Thumb Code    24  menu_init.o(i._ZN4ItemC1EhP7Param16PKcPPc)
    Item::Item__sub_object(unsigned char, Param16*, const char*, char**) 0x0800658d   Thumb Code     0  menu_init.o(i._ZN4ItemC1EhP7Param16PKcPPc)
    Item::Item(unsigned char, const char*)   0x080065a5   Thumb Code    20  menu_init.o(i._ZN4ItemC1EhPKc)
    Item::Item__sub_object(unsigned char, const char*) 0x080065a5   Thumb Code     0  menu_init.o(i._ZN4ItemC1EhPKc)
    Marx::getValue(unsigned char)            0x080065b9   Thumb Code    16  marx.o(i._ZN4Marx8getValueEh)
    Marx::setValue(unsigned char, unsigned char, short) 0x080065c9   Thumb Code    74  marx.o(i._ZN4Marx8setValueEhhs)
    Marx::setValue(unsigned char, short)     0x08006613   Thumb Code    54  task_button.o(i._ZN4Marx8setValueEhs)
    Marx::~Marx()                            0x08006649   Thumb Code     2  variables.o(i._ZN4MarxD1Ev)
    Marx::~Marx__sub_object()                0x08006649   Thumb Code     0  variables.o(i._ZN4MarxD1Ev)
    Menu::nextCursor()                       0x0800664b   Thumb Code    30  menu.o(i._ZN4Menu10nextCursorEv)
    Menu::prevCursor()                       0x08006669   Thumb Code    30  menu.o(i._ZN4Menu10prevCursorEv)
    Menu::setPage(Menu_Node*)                0x08006687   Thumb Code    22  menu.o(i._ZN4Menu7setPageEP9Menu_Node)
    Menu::nextPage()                         0x0800669d   Thumb Code    32  menu.o(i._ZN4Menu8nextPageEv)
    Menu::prevPage()                         0x080066bd   Thumb Code    32  menu.o(i._ZN4Menu8prevPageEv)
    Menu::setCursor(Menu_Node*)              0x080066dd   Thumb Code    22  menu.o(i._ZN4Menu9setCursorEP9Menu_Node)
    Menu::~Menu()                            0x080066f3   Thumb Code     2  variables.o(i._ZN4MenuD1Ev)
    Menu::~Menu__sub_object()                0x080066f3   Thumb Code     0  variables.o(i._ZN4MenuD1Ev)
    Console::getValue(unsigned char)         0x080066f5   Thumb Code    18  task_sending.o(i._ZN7Console8getValueEh)
    Console::~Console()                      0x08006707   Thumb Code     2  variables.o(i._ZN7ConsoleD1Ev)
    Console::~Console__sub_object()          0x08006707   Thumb Code     0  variables.o(i._ZN7ConsoleD1Ev)
    Param16::_get_val()                      0x08006709   Thumb Code     8  task_sending.o(i._ZN7Param168_get_valEv)
    Param16::_set_max(short)                 0x08006711   Thumb Code    28  menu.o(i._ZN7Param168_set_maxEs)
    Param16::Param16(short, short, short, float) 0x0800672d   Thumb Code    40  marx.o(i._ZN7Param16C1Esssf)
    Param16::Param16__sub_object(short, short, short, float) 0x0800672d   Thumb Code     0  marx.o(i._ZN7Param16C1Esssf)
    Param16::~Param16()                      0x08006755   Thumb Code     2  variables.o(i._ZN7Param16D1Ev)
    Param16::~Param16__sub_object()          0x08006755   Thumb Code     0  variables.o(i._ZN7Param16D1Ev)
    Menu_Node::getCursorHistory()            0x08006757   Thumb Code    14  menu.o(i._ZN9Menu_Node16getCursorHistoryEv)
    Menu_Node::setCursorHistory(Menu_Node*)  0x08006765   Thumb Code     4  menu.o(i._ZN9Menu_Node16setCursorHistoryEPS_)
    Menu_Node::getID()                       0x08006769   Thumb Code     8  menu.o(i._ZN9Menu_Node5getIDEv)
    Menu_Node::isToggle()                    0x08006771   Thumb Code    22  menu.o(i._ZN9Menu_Node8isToggleEv)
    Menu_Node::Menu_Node(short, Item*, Menu_Node*, Menu_Node*) 0x08006787   Thumb Code    22  menu.o(i._ZN9Menu_NodeC1EsP4ItemPS_S2_)
    Menu_Node::Menu_Node__sub_object(short, Item*, Menu_Node*, Menu_Node*) 0x08006787   Thumb Code     0  menu.o(i._ZN9Menu_NodeC1EsP4ItemPS_S2_)
    operator new(unsigned)                   0x0800679d   Thumb Code    34  new.o(i._Znwj)
    __ARM_fpclassify                         0x080067c5   Thumb Code    40  fpclassify.o(i.__ARM_fpclassify)
    __cxa_guard_acquire                      0x080067ed   Thumb Code    16  cxa_guard_acquire.o(i.__cxa_guard_acquire)
    _init_box                                0x080067fd   Thumb Code    70  rt_membox.o(i._init_box)
    _is_digit                                0x08006843   Thumb Code    14  __printf_wp.o(i._is_digit)
    dbg_init                                 0x08006851   Thumb Code    34  hal_cm.o(i.dbg_init)
    dbg_task_notify                          0x08006881   Thumb Code    32  hal_cm.o(i.dbg_task_notify)
    dbg_task_switch                          0x080068a1   Thumb Code    16  hal_cm.o(i.dbg_task_switch)
    isrMessageGet                            0x080068b1   Thumb Code    42  rt_cmsis.o(i.isrMessageGet)
    isrMessagePut                            0x080068db   Thumb Code    44  rt_cmsis.o(i.isrMessagePut)
    isrSignalSet                             0x08006907   Thumb Code    36  rt_cmsis.o(i.isrSignalSet)
    isr_evt_set                              0x0800692d   Thumb Code    34  rt_event.o(i.isr_evt_set)
    isr_mbx_receive                          0x08006955   Thumb Code    82  rt_mailbox.o(i.isr_mbx_receive)
    isr_mbx_send                             0x080069a7   Thumb Code    14  rt_mailbox.o(i.isr_mbx_send)
    osDelay                                  0x080069b5   Thumb Code    18  rt_cmsis.o(i.osDelay)
    osKernelInitialize                       0x080069cd   Thumb Code    30  rt_cmsis.o(i.osKernelInitialize)
    osKernelStart                            0x080069f1   Thumb Code    98  rt_cmsis.o(i.osKernelStart)
    osMessageGet                             0x08006a5d   Thumb Code    18  rt_cmsis.o(i.osMessageGet)
    osSignalSet                              0x08006a75   Thumb Code    18  rt_cmsis.o(i.osSignalSet)
    osSignalWait                             0x08006a8d   Thumb Code    18  rt_cmsis.o(i.osSignalWait)
    osThreadCreate                           0x08006aa5   Thumb Code    38  rt_cmsis.o(i.osThreadCreate)
    osThreadExit                             0x08006ad5   Thumb Code    14  rt_cmsis.o(i.osThreadExit)
    osTimerCall                              0x08006aed   Thumb Code     8  rt_cmsis.o(i.osTimerCall)
    osTimerCreate                            0x08006af9   Thumb Code    44  rt_cmsis.o(i.osTimerCreate)
    osTimerStart                             0x08006b2d   Thumb Code    18  rt_cmsis.o(i.osTimerStart)
    osTimerStop                              0x08006b45   Thumb Code    18  rt_cmsis.o(i.osTimerStop)
    osTimerThread                            0x08006b5d   Thumb Code    38  rt_cmsis.o(i.osTimerThread)
    os_tick_init                             0x08006b89   Thumb Code    32  rt_system.o(i.os_tick_init)
    os_tick_irqack                           0x08006bb1   Thumb Code     2  rt_system.o(i.os_tick_irqack)
    rt_alloc_box                             0x08006bb3   Thumb Code    26  rt_membox.o(i.rt_alloc_box)
    rt_alloc_mem                             0x08006bcd   Thumb Code    62  rt_memory.o(i.rt_alloc_mem)
    rt_block                                 0x08006c0d   Thumb Code    48  rt_task.o(i.rt_block)
    rt_chk_robin                             0x08006c45   Thumb Code    60  rt_robin.o(i.rt_chk_robin)
    rt_dec_dly                               0x08006c8d   Thumb Code   102  rt_list.o(i.rt_dec_dly)
    rt_dispatch                              0x08006cfd   Thumb Code    60  rt_task.o(i.rt_dispatch)
    rt_dly_wait                              0x08006d41   Thumb Code     6  rt_time.o(i.rt_dly_wait)
    rt_evt_psh                               0x08006d49   Thumb Code    76  rt_event.o(i.rt_evt_psh)
    rt_evt_set                               0x08006d99   Thumb Code    88  rt_event.o(i.rt_evt_set)
    rt_evt_wait                              0x08006df5   Thumb Code    56  rt_event.o(i.rt_evt_wait)
    rt_free_box                              0x08006e31   Thumb Code    44  rt_membox.o(i.rt_free_box)
    rt_free_mem                              0x08006e5d   Thumb Code    40  rt_memory.o(i.rt_free_mem)
    rt_get_first                             0x08006e85   Thumb Code    40  rt_list.o(i.rt_get_first)
    rt_init_mem                              0x08006efd   Thumb Code    26  rt_memory.o(i.rt_init_mem)
    rt_init_robin                            0x08006f19   Thumb Code    14  rt_robin.o(i.rt_init_robin)
    rt_init_stack                            0x08006f31   Thumb Code   118  hal_cm.o(i.rt_init_stack)
    rt_mbx_check                             0x08006fb1   Thumb Code     8  rt_mailbox.o(i.rt_mbx_check)
    rt_mbx_init                              0x08006fb9   Thumb Code    26  rt_mailbox.o(i.rt_mbx_init)
    rt_mbx_psh                               0x08006fd5   Thumb Code   236  rt_mailbox.o(i.rt_mbx_psh)
    rt_mbx_wait                              0x080070c5   Thumb Code   174  rt_mailbox.o(i.rt_mbx_wait)
    rt_mut_init                              0x080071bd   Thumb Code    16  rt_mutex.o(i.rt_mut_init)
    rt_mut_release                           0x080071cd   Thumb Code   208  rt_mutex.o(i.rt_mut_release)
    rt_mut_wait                              0x080072a5   Thumb Code   100  rt_mutex.o(i.rt_mut_wait)
    rt_pop_req                               0x0800730d   Thumb Code   112  rt_system.o(i.rt_pop_req)
    rt_psh_req                               0x08007389   Thumb Code    22  rt_system.o(i.rt_psh_req)
    rt_psq_enq                               0x080073a9   Thumb Code    88  rt_list.o(i.rt_psq_enq)
    rt_put_dly                               0x08007405   Thumb Code    68  rt_list.o(i.rt_put_dly)
    rt_put_prio                              0x0800744d   Thumb Code    54  rt_list.o(i.rt_put_prio)
    rt_put_rdy_first                         0x08007485   Thumb Code    14  rt_list.o(i.rt_put_rdy_first)
    rt_resort_prio                           0x08007499   Thumb Code    46  rt_list.o(i.rt_resort_prio)
    rt_ret_val                               0x080074cd   Thumb Code     6  hal_cm.o(i.rt_ret_val)
    rt_ret_val2                              0x080074d3   Thumb Code     8  hal_cm.o(i.rt_ret_val2)
    rt_rmv_dly                               0x080074db   Thumb Code    40  rt_list.o(i.rt_rmv_dly)
    rt_rmv_list                              0x08007505   Thumb Code    44  rt_list.o(i.rt_rmv_list)
    rt_sem_psh                               0x08007535   Thumb Code    48  rt_semaphore.o(i.rt_sem_psh)
    rt_stk_check                             0x08007569   Thumb Code    28  rt_system.o(i.rt_stk_check)
    rt_switch_req                            0x0800758d   Thumb Code    30  rt_task.o(i.rt_switch_req)
    rt_sys_init                              0x080075b5   Thumb Code   138  rt_task.o(i.rt_sys_init)
    rt_sys_start                             0x08007681   Thumb Code   110  rt_task.o(i.rt_sys_start)
    rt_systick                               0x080076f9   Thumb Code    50  rt_system.o(i.rt_systick)
    rt_tsk_create                            0x080077bd   Thumb Code   118  rt_task.o(i.rt_tsk_create)
    rt_tsk_delete                            0x08007845   Thumb Code   352  rt_task.o(i.rt_tsk_delete)
    rt_tsk_prio                              0x080079c1   Thumb Code   108  rt_task.o(i.rt_tsk_prio)
    rt_tsk_self                              0x08007a3d   Thumb Code    12  rt_task.o(i.rt_tsk_self)
    svcDelay                                 0x08007a4d   Thumb Code    18  rt_cmsis.o(i.svcDelay)
    svcKernelInitialize                      0x08007a61   Thumb Code    80  rt_cmsis.o(i.svcKernelInitialize)
    svcKernelStart                           0x08007ad1   Thumb Code    62  rt_cmsis.o(i.svcKernelStart)
    svcMessageCreate                         0x08007b19   Thumb Code    36  rt_cmsis.o(i.svcMessageCreate)
    svcMessageGet                            0x08007b3d   Thumb Code    58  rt_cmsis.o(i.svcMessageGet)
    svcSignalSet                             0x08007b77   Thumb Code    36  rt_cmsis.o(i.svcSignalSet)
    svcSignalWait                            0x08007b9d   Thumb Code    80  rt_cmsis.o(i.svcSignalWait)
    svcThreadCreate                          0x08007bf1   Thumb Code   100  rt_cmsis.o(i.svcThreadCreate)
    svcThreadGetId                           0x08007c61   Thumb Code    22  rt_cmsis.o(i.svcThreadGetId)
    svcThreadTerminate                       0x08007c7d   Thumb Code    50  rt_cmsis.o(i.svcThreadTerminate)
    svcTimerCall                             0x08007cb5   Thumb Code    24  rt_cmsis.o(i.svcTimerCall)
    svcTimerCreate                           0x08007ccd   Thumb Code    52  rt_cmsis.o(i.svcTimerCreate)
    svcTimerStart                            0x08007d05   Thumb Code    96  rt_cmsis.o(i.svcTimerStart)
    svcTimerStop                             0x08007d69   Thumb Code    36  rt_cmsis.o(i.svcTimerStop)
    sysTimerTick                             0x08007d8d   Thumb Code    84  rt_cmsis.o(i.sysTimerTick)
    _get_lc_numeric                          0x08007de9   Thumb Code    44  lc_numeric_c.o(locale$$code)
    _get_lc_ctype                            0x08007e15   Thumb Code    44  lc_ctype_c.o(locale$$code)
    __aeabi_d2f                              0x08007e41   Thumb Code     0  d2f.o(x$fpl$d2f)
    _d2f                                     0x08007e41   Thumb Code    98  d2f.o(x$fpl$d2f)
    __aeabi_dadd                             0x08007ea5   Thumb Code     0  daddsub_clz.o(x$fpl$dadd)
    _dadd                                    0x08007ea5   Thumb Code   332  daddsub_clz.o(x$fpl$dadd)
    __aeabi_ddiv                             0x08007ff5   Thumb Code     0  ddiv.o(x$fpl$ddiv)
    _ddiv                                    0x08007ff5   Thumb Code   552  ddiv.o(x$fpl$ddiv)
    __aeabi_dmul                             0x080082a5   Thumb Code     0  dmul.o(x$fpl$dmul)
    _dmul                                    0x080082a5   Thumb Code   332  dmul.o(x$fpl$dmul)
    __fpl_dnaninf                            0x080083f9   Thumb Code   156  dnaninf.o(x$fpl$dnaninf)
    __fpl_dretinf                            0x08008495   Thumb Code    12  dretinf.o(x$fpl$dretinf)
    __aeabi_dsub                             0x080084a1   Thumb Code     0  daddsub_clz.o(x$fpl$dsub)
    _dsub                                    0x080084a1   Thumb Code   464  daddsub_clz.o(x$fpl$dsub)
    __aeabi_f2d                              0x08008675   Thumb Code     0  f2d.o(x$fpl$f2d)
    _f2d                                     0x08008675   Thumb Code    86  f2d.o(x$fpl$f2d)
    __fpl_fcmp_Inf                           0x080086cb   Thumb Code    24  fcmpi.o(x$fpl$fcmpinf)
    __aeabi_f2uiz                            0x080086e5   Thumb Code     0  ffixu.o(x$fpl$ffixu)
    _ffixu                                   0x080086e5   Thumb Code    62  ffixu.o(x$fpl$ffixu)
    __aeabi_i2f                              0x08008725   Thumb Code     0  fflt_clz.o(x$fpl$fflt)
    _fflt                                    0x08008725   Thumb Code    48  fflt_clz.o(x$fpl$fflt)
    __aeabi_cfcmple                          0x08008755   Thumb Code     0  fleqf.o(x$fpl$fleqf)
    _fcmple                                  0x08008755   Thumb Code   104  fleqf.o(x$fpl$fleqf)
    __fpl_fcmple_InfNaN                      0x080087a7   Thumb Code     0  fleqf.o(x$fpl$fleqf)
    __aeabi_fmul                             0x080087bd   Thumb Code     0  fmul.o(x$fpl$fmul)
    _fmul                                    0x080087bd   Thumb Code   258  fmul.o(x$fpl$fmul)
    __fpl_fnaninf                            0x080088bf   Thumb Code   140  fnaninf.o(x$fpl$fnaninf)
    __fpl_fretinf                            0x0800894b   Thumb Code    10  fretinf.o(x$fpl$fretinf)
    __aeabi_cfrcmple                         0x08008955   Thumb Code     0  frleqf.o(x$fpl$frleqf)
    _frcmple                                 0x08008955   Thumb Code    98  frleqf.o(x$fpl$frleqf)
    _printf_fp_dec                           0x080089b7   Thumb Code     4  printf1.o(x$fpl$printf1)
    __I$use$fp                               0x080089ba   Number         0  usenofp.o(x$fpl$usenofp)
    os_maxtaskrun                            0x08008a04   Data           2  rtx_conf_cm.o(.constdata)
    os_stackinfo                             0x08008a08   Data           4  rtx_conf_cm.o(.constdata)
    os_rrobin                                0x08008a0c   Data           4  rtx_conf_cm.o(.constdata)
    os_tickfreq                              0x08008a10   Data           4  rtx_conf_cm.o(.constdata)
    os_tickus_i                              0x08008a14   Data           2  rtx_conf_cm.o(.constdata)
    os_tickus_f                              0x08008a16   Data           2  rtx_conf_cm.o(.constdata)
    os_trv                                   0x08008a18   Data           4  rtx_conf_cm.o(.constdata)
    os_flags                                 0x08008a1c   Data           1  rtx_conf_cm.o(.constdata)
    CMSIS_RTOS_API_Version                   0x08008a20   Data           4  rtx_conf_cm.o(.constdata)
    CMSIS_RTOS_RTX_Version                   0x08008a24   Data           4  rtx_conf_cm.o(.constdata)
    os_clockrate                             0x08008a28   Data           4  rtx_conf_cm.o(.constdata)
    os_timernum                              0x08008a2c   Data           4  rtx_conf_cm.o(.constdata)
    mp_tcb_size                              0x08008a30   Data           2  rtx_conf_cm.o(.constdata)
    mp_stk_size                              0x08008a34   Data           4  rtx_conf_cm.o(.constdata)
    os_stack_sz                              0x08008a38   Data           4  rtx_conf_cm.o(.constdata)
    os_fifo_size                             0x08008a3c   Data           1  rtx_conf_cm.o(.constdata)
    os_thread_def_osTimerThread              0x08008a40   Data          16  rtx_conf_cm.o(.constdata)
    os_messageQ_def_osTimerMessageQ          0x08008a50   Data           8  rtx_conf_cm.o(.constdata)
    mp_tmr_size                              0x08008a58   Data           2  rtx_conf_cm.o(.constdata)
    Region$$Table$$Base                      0x08008b4c   Number         0  anon$$obj.o(Region$$Table)
    Region$$Table$$Limit                     0x08008b6c   Number         0  anon$$obj.o(Region$$Table)
    __ctype                                  0x08008b95   Data           0  lc_ctype_c.o(locale$$data)
    SHT$$INIT_ARRAY$$Base                    0x08008c98   Number         0  variables.o(.init_array)
    SHT$$INIT_ARRAY$$Limit                   0x08008c9c   Number         0  init_aeabi.o(.init_array)
    I2C1_Buffer_Tx                           0x20000000   Data           5  peripheral.o(.data)
    SPI1_Buffer_Tx                           0x20000005   Data           5  peripheral.o(.data)
    HeapZone                                 0x2000000c   Data           1  variables.o(.data)
    volt_pval                                0x2000000e   Data          14  variables.o(.data)
    volt_pmin                                0x2000001c   Data          14  variables.o(.data)
    volt_pmax                                0x2000002a   Data          14  variables.o(.data)
    volt_punit                               0x20000038   Data          28  variables.o(.data)
    curr_pval                                0x20000054   Data          14  variables.o(.data)
    curr_pmin                                0x20000062   Data          14  variables.o(.data)
    curr_pmax                                0x20000070   Data          14  variables.o(.data)
    curr_punit                               0x20000080   Data          28  variables.o(.data)
    console_pval                             0x2000009c   Data           8  variables.o(.data)
    console_pmin                             0x200000a4   Data           8  variables.o(.data)
    console_pmax                             0x200000ac   Data           8  variables.o(.data)
    console_punit                            0x200000b4   Data          16  variables.o(.data)
    id_tsk_lcd                               0x200000c4   Data           4  task.o(.data)
    id_tsk_btn                               0x200000c8   Data           4  task.o(.data)
    id_tsk_sending                           0x200000cc   Data           4  task.o(.data)
    id_tmr_trigger                           0x200000d0   Data           4  task.o(.data)
    flag_i2c_err                             0x200000ec   Data           1  task_sending.o(.data)
    osThreadId_osTimerThread                 0x20000110   Data           4  rtx_conf_cm.o(.data)
    osMessageQId_osTimerMessageQ             0x20000114   Data           4  rtx_conf_cm.o(.data)
    os_tmr                                   0x20000118   Data           4  rtx_conf_cm.o(.data)
    m_tmr                                    0x2000011c   Data           4  rtx_conf_cm.o(.data)
    os_thread_def_main                       0x20000124   Data          16  rtx_conf_cm.o(.data)
    SystemCoreClock                          0x20000148   Data           4  system_stm32f10x.o(.data)
    AHBPrescTable                            0x2000014c   Data          16  system_stm32f10x.o(.data)
    os_initialized                           0x2000015c   Data           1  rt_cmsis.o(.data)
    os_running                               0x2000015d   Data           1  rt_cmsis.o(.data)
    os_timer_head                            0x20000160   Data           4  rt_cmsis.o(.data)
    os_tsk                                   0x20000164   Data           8  rt_task.o(.data)
    os_tick_irqn                             0x20000170   Data           4  rt_system.o(.data)
    os_time                                  0x20000174   Data           4  rt_time.o(.data)
    os_robin                                 0x20000178   Data           8  rt_robin.o(.data)
    dbg_msg                                  0x20000180   Data           1  hal_cm.o(.data)
    heap_zone                                0x20000184   Data        8000  type.o(.bss)
    Main_Menu                                0x200020c4   Data          20  variables.o(.bss)
    Voltage_Source                           0x200020d8   Data         484  variables.o(.bss)
    Current_Source                           0x200022bc   Data         484  variables.o(.bss)
    Main_Console                             0x200024a0   Data          28  variables.o(.bss)
    dead_zone1                               0x200024bc   Data          16  variables.o(.bss)
    dead_zone2                               0x200024cc   Data          16  variables.o(.bss)
    os_timer_cb_tmr_Trigger                  0x200024dc   Data          24  task.o(.bss)
    mp_tcb                                   0x20002548   Data         376  rtx_conf_cm.o(.bss)
    mp_stk                                   0x200026c0   Data        1200  rtx_conf_cm.o(.bss)
    os_stack_mem                             0x20002b70   Data        2544  rtx_conf_cm.o(.bss)
    os_fifo                                  0x20003560   Data         132  rtx_conf_cm.o(.bss)
    os_active_TCB                            0x200035e4   Data          28  rtx_conf_cm.o(.bss)
    os_messageQ_q_osTimerMessageQ            0x20003600   Data          32  rtx_conf_cm.o(.bss)
    os_idle_TCB                              0x20003940   Data          52  rt_task.o(.bss)
    os_rdy                                   0x20003974   Data          24  rt_list.o(.bss)
    os_dly                                   0x2000398c   Data          24  rt_list.o(.bss)
    __libspace_start                         0x200039a4   Data          96  libspace.o(.bss)
    __temporary_stack_top$libspace           0x20003a04   Data           0  libspace.o(.bss)



==============================================================================

Memory Map of the image

  Image Entry point : 0x080000ed

  Load Region LR_IROM1 (Base: 0x08000000, Size: 0x00008e20, Max: 0x00010000, ABSOLUTE, COMPRESSED[0x00008d08])

    Execution Region ER_IROM1 (Base: 0x08000000, Size: 0x00008c9c, Max: 0x00010000, ABSOLUTE)

    Base Addr    Size         Type   Attr      Idx    E Section Name        Object

    0x08000000   0x000000ec   Data   RO         1292    RESET               startup_stm32f10x_md.o
    0x080000ec   0x00000008   Code   RO         2606  * !!!main             c_w.l(__main.o)
    0x080000f4   0x00000034   Code   RO         3258    !!!scatter          c_w.l(__scatter.o)
    0x08000128   0x0000005a   Code   RO         3256    !!dczerorl2         c_w.l(__dczerorl2.o)
    0x08000182   0x00000002   PAD
    0x08000184   0x0000001c   Code   RO         3260    !!handler_zi        c_w.l(__scatter_zi.o)
    0x080001a0   0x00000000   Code   RO         2837    .ARM.Collect$$_printf_percent$$00000000  c_w.l(_printf_percent.o)
    0x080001a0   0x00000006   Code   RO         2826    .ARM.Collect$$_printf_percent$$00000001  c_w.l(_printf_n.o)
    0x080001a6   0x00000006   Code   RO         2828    .ARM.Collect$$_printf_percent$$00000002  c_w.l(_printf_p.o)
    0x080001ac   0x00000006   Code   RO         2833    .ARM.Collect$$_printf_percent$$00000003  c_w.l(_printf_f.o)
    0x080001b2   0x00000006   Code   RO         2834    .ARM.Collect$$_printf_percent$$00000004  c_w.l(_printf_e.o)
    0x080001b8   0x00000006   Code   RO         2835    .ARM.Collect$$_printf_percent$$00000005  c_w.l(_printf_g.o)
    0x080001be   0x00000006   Code   RO         2836    .ARM.Collect$$_printf_percent$$00000006  c_w.l(_printf_a.o)
    0x080001c4   0x0000000a   Code   RO         2841    .ARM.Collect$$_printf_percent$$00000007  c_w.l(_printf_ll.o)
    0x080001ce   0x00000006   Code   RO         2830    .ARM.Collect$$_printf_percent$$00000008  c_w.l(_printf_i.o)
    0x080001d4   0x00000006   Code   RO         2831    .ARM.Collect$$_printf_percent$$00000009  c_w.l(_printf_d.o)
    0x080001da   0x00000006   Code   RO         2832    .ARM.Collect$$_printf_percent$$0000000A  c_w.l(_printf_u.o)
    0x080001e0   0x00000006   Code   RO         2829    .ARM.Collect$$_printf_percent$$0000000B  c_w.l(_printf_o.o)
    0x080001e6   0x00000006   Code   RO         2827    .ARM.Collect$$_printf_percent$$0000000C  c_w.l(_printf_x.o)
    0x080001ec   0x00000006   Code   RO         2838    .ARM.Collect$$_printf_percent$$0000000D  c_w.l(_printf_lli.o)
    0x080001f2   0x00000006   Code   RO         2839    .ARM.Collect$$_printf_percent$$0000000E  c_w.l(_printf_lld.o)
    0x080001f8   0x00000006   Code   RO         2840    .ARM.Collect$$_printf_percent$$0000000F  c_w.l(_printf_llu.o)
    0x080001fe   0x00000006   Code   RO         2845    .ARM.Collect$$_printf_percent$$00000010  c_w.l(_printf_llo.o)
    0x08000204   0x00000006   Code   RO         2846    .ARM.Collect$$_printf_percent$$00000011  c_w.l(_printf_llx.o)
    0x0800020a   0x0000000a   Code   RO         2842    .ARM.Collect$$_printf_percent$$00000012  c_w.l(_printf_l.o)
    0x08000214   0x00000006   Code   RO         2824    .ARM.Collect$$_printf_percent$$00000013  c_w.l(_printf_c.o)
    0x0800021a   0x00000006   Code   RO         2825    .ARM.Collect$$_printf_percent$$00000014  c_w.l(_printf_s.o)
    0x08000220   0x00000006   Code   RO         2843    .ARM.Collect$$_printf_percent$$00000015  c_w.l(_printf_lc.o)
    0x08000226   0x00000006   Code   RO         2844    .ARM.Collect$$_printf_percent$$00000016  c_w.l(_printf_ls.o)
    0x0800022c   0x00000004   Code   RO         2954    .ARM.Collect$$_printf_percent$$00000017  c_w.l(_printf_percent_end.o)
    0x08000230   0x00000002   Code   RO         3174    .ARM.Collect$$libinit$$00000000  c_w.l(libinit.o)
    0x08000232   0x00000000   Code   RO         2562    .ARM.Collect$$libinit$$00000002  c_w.l(libinit2.o)
    0x08000232   0x00000000   Code   RO         2564    .ARM.Collect$$libinit$$00000004  c_w.l(libinit2.o)
    0x08000232   0x00000008   Code   RO         2565    .ARM.Collect$$libinit$$00000005  c_w.l(libinit2.o)
    0x0800023a   0x00000000   Code   RO         2567    .ARM.Collect$$libinit$$0000000A  c_w.l(libinit2.o)
    0x0800023a   0x00000000   Code   RO         2569    .ARM.Collect$$libinit$$0000000C  c_w.l(libinit2.o)
    0x0800023a   0x00000000   Code   RO         2571    .ARM.Collect$$libinit$$0000000E  c_w.l(libinit2.o)
    0x0800023a   0x00000006   Code   RO         2572    .ARM.Collect$$libinit$$0000000F  c_w.l(libinit2.o)
    0x08000240   0x00000000   Code   RO         2574    .ARM.Collect$$libinit$$00000011  c_w.l(libinit2.o)
    0x08000240   0x0000000c   Code   RO         2575    .ARM.Collect$$libinit$$00000012  c_w.l(libinit2.o)
    0x0800024c   0x00000000   Code   RO         2576    .ARM.Collect$$libinit$$00000013  c_w.l(libinit2.o)
    0x0800024c   0x00000000   Code   RO         2578    .ARM.Collect$$libinit$$00000015  c_w.l(libinit2.o)
    0x0800024c   0x0000000a   Code   RO         2579    .ARM.Collect$$libinit$$00000016  c_w.l(libinit2.o)
    0x08000256   0x00000000   Code   RO         2580    .ARM.Collect$$libinit$$00000017  c_w.l(libinit2.o)
    0x08000256   0x00000000   Code   RO         2582    .ARM.Collect$$libinit$$00000019  c_w.l(libinit2.o)
    0x08000256   0x00000000   Code   RO         2584    .ARM.Collect$$libinit$$0000001B  c_w.l(libinit2.o)
    0x08000256   0x00000000   Code   RO         2586    .ARM.Collect$$libinit$$0000001D  c_w.l(libinit2.o)
    0x08000256   0x00000000   Code   RO         2588    .ARM.Collect$$libinit$$0000001F  c_w.l(libinit2.o)
    0x08000256   0x00000000   Code   RO         2590    .ARM.Collect$$libinit$$00000021  c_w.l(libinit2.o)
    0x08000256   0x00000000   Code   RO         2592    .ARM.Collect$$libinit$$00000023  c_w.l(libinit2.o)
    0x08000256   0x00000000   Code   RO         2594    .ARM.Collect$$libinit$$00000025  c_w.l(libinit2.o)
    0x08000256   0x00000000   Code   RO         2598    .ARM.Collect$$libinit$$0000002C  c_w.l(libinit2.o)
    0x08000256   0x00000000   Code   RO         2600    .ARM.Collect$$libinit$$0000002E  c_w.l(libinit2.o)
    0x08000256   0x00000000   Code   RO         2602    .ARM.Collect$$libinit$$00000030  c_w.l(libinit2.o)
    0x08000256   0x00000004   Code   RO         2603    .ARM.Collect$$libinit$$00000031  c_w.l(libinit2.o)
    0x0800025a   0x00000000   Code   RO         2604    .ARM.Collect$$libinit$$00000032  c_w.l(libinit2.o)
    0x0800025a   0x00000002   Code   RO         2605    .ARM.Collect$$libinit$$00000033  c_w.l(libinit2.o)
    0x0800025c   0x00000002   Code   RO         3175    .ARM.Collect$$libshutdown$$00000000  c_w.l(libshutdown.o)
    0x0800025e   0x00000006   Code   RO         2967    .ARM.Collect$$libshutdown$$00000001  c_w.l(libshutdown2.o)
    0x08000264   0x00000000   Code   RO         2968    .ARM.Collect$$libshutdown$$00000002  c_w.l(libshutdown2.o)
    0x08000264   0x00000000   Code   RO         2970    .ARM.Collect$$libshutdown$$00000004  c_w.l(libshutdown2.o)
    0x08000264   0x00000000   Code   RO         2973    .ARM.Collect$$libshutdown$$00000007  c_w.l(libshutdown2.o)
    0x08000264   0x00000000   Code   RO         2976    .ARM.Collect$$libshutdown$$0000000A  c_w.l(libshutdown2.o)
    0x08000264   0x00000000   Code   RO         2978    .ARM.Collect$$libshutdown$$0000000C  c_w.l(libshutdown2.o)
    0x08000264   0x00000000   Code   RO         2981    .ARM.Collect$$libshutdown$$0000000F  c_w.l(libshutdown2.o)
    0x08000264   0x00000002   Code   RO         2982    .ARM.Collect$$libshutdown$$00000010  c_w.l(libshutdown2.o)
    0x08000266   0x00000000   Code   RO         2658    .ARM.Collect$$rtentry$$00000000  c_w.l(__rtentry.o)
    0x08000266   0x00000000   Code   RO         2897    .ARM.Collect$$rtentry$$00000002  c_w.l(__rtentry2.o)
    0x08000266   0x00000006   Code   RO         2909    .ARM.Collect$$rtentry$$00000004  c_w.l(__rtentry4.o)
    0x0800026c   0x00000000   Code   RO         2899    .ARM.Collect$$rtentry$$00000009  c_w.l(__rtentry2.o)
    0x0800026c   0x00000004   Code   RO         2900    .ARM.Collect$$rtentry$$0000000A  c_w.l(__rtentry2.o)
    0x08000270   0x00000008   Code   RO         2901    .ARM.Collect$$rtentry$$0000000B  c_w.l(__rtentry2.o)
    0x08000278   0x00000008   Code   RO         2903    .ARM.Collect$$rtentry$$0000000D  c_w.l(__rtentry2.o)
    0x08000280   0x00000002   Code   RO         2659    .ARM.Collect$$rtexit$$00000000  c_w.l(rtexit.o)
    0x08000282   0x00000000   Code   RO         2912    .ARM.Collect$$rtexit$$00000002  c_w.l(rtexit2.o)
    0x08000282   0x00000004   Code   RO         2913    .ARM.Collect$$rtexit$$00000003  c_w.l(rtexit2.o)
    0x08000286   0x00000006   Code   RO         2914    .ARM.Collect$$rtexit$$00000004  c_w.l(rtexit2.o)
    0x0800028c   0x0000001c   Code   RO          957    .emb_text           rtx_conf_cm.o
    0x080002a8   0x00000130   Code   RO         2525    .emb_text           RTX_CM3.lib(hal_cm3.o)
    0x080003d8   0x00000000   Code   RO         2692    .emb_text           c_w.l(maybetermalloc1.o)
    0x080003d8   0x000001f0   Code   RO          100    .text               lcd.o
    0x080005c8   0x000002f8   Code   RO          151    .text               menu.o
    0x080008c0   0x000001a4   Code   RO          309    .text               marx.o
    0x08000a64   0x000003b0   Code   RO          382    .text               peripheral.o
    0x08000e14   0x0000011c   Code   RO          413    .text               variables.o
    0x08000f30   0x000002c8   Code   RO          481    .text               menu_init.o
    0x080011f8   0x00000060   Code   RO          555    .text               task.o
    0x08001258   0x000001b0   Code   RO          595    .text               task_button.o
    0x08001408   0x0000076c   Code   RO          658    .text               task_lcd.o
    0x08001b74   0x000004be   Code   RO          751    .text               task_sending.o
    0x08002032   0x00000002   PAD
    0x08002034   0x00000054   Code   RO          822    .text               timer_trigger.o
    0x08002088   0x00000078   Code   RO          864    .text               main.o
    0x08002100   0x000000a4   Code   RO          958    .text               rtx_conf_cm.o
    0x080021a4   0x000000dc   Code   RO          995    .text               misc.o
    0x08002280   0x00000254   Code   RO         1075    .text               stm32f10x_dma.o
    0x080024d4   0x000005bc   Code   RO         1123    .text               stm32f10x_flash.o
    0x08002a90   0x0000035c   Code   RO         1147    .text               stm32f10x_gpio.o
    0x08002dec   0x00000404   Code   RO         1171    .text               stm32f10x_i2c.o
    0x080031f0   0x000003a4   Code   RO         1195    .text               stm32f10x_rcc.o
    0x08003594   0x0000030c   Code   RO         1221    .text               stm32f10x_spi.o
    0x080038a0   0x00000e1a   Code   RO         1245    .text               stm32f10x_tim.o
    0x080046ba   0x00000002   PAD
    0x080046bc   0x00000040   Code   RO         1293    .text               startup_stm32f10x_md.o
    0x080046fc   0x000001e0   Code   RO         1300    .text               system_stm32f10x.o
    0x080048dc   0x00000008   Code   RO         2540    .text               c_w.l(libspace.o)
    0x080048e4   0x0000008a   Code   RO         2543    .text               c_w.l(init_alloc.o)
    0x0800496e   0x000000ee   Code   RO         2545    .text               c_w.l(lludivv7m.o)
    0x08004a5c   0x00000024   Code   RO         2547    .text               c_w.l(c89vsprintf.o)
    0x08004a80   0x00000012   Code   RO         2549    .text               c_w.l(exit.o)
    0x08004a92   0x0000002e   Code   RO         2554    .text               c_w.l(aeabi_atexit.o)
    0x08004ac0   0x00000006   Code   RO         2557    .text               c_w.l(heapauxi.o)
    0x08004ac6   0x00000002   PAD
    0x08004ac8   0x00000024   Code   RO         2611    .text               c_w.l(init_aeabi.o)
    0x08004aec   0x0000000a   Code   RO         2670    .text               c_w.l(rt_heap_descriptor_twolibspace.o)
    0x08004af6   0x0000000a   Code   RO         2677    .text               c_w.l(rt_new_handler_addr_twolibspace.o)
    0x08004b00   0x0000000a   Code   RO         2684    .text               c_w.l(rt_ddtor_pointer_addr_twolibspace.o)
    0x08004b0a   0x00000004   Code   RO         2686    .text               c_w.l(hguard.o)
    0x08004b0e   0x00000012   Code   RO         2700    .text               c_w.l(h1_init_mt.o)
    0x08004b20   0x0000009e   Code   RO         2702    .text               c_w.l(h1_alloc_mt.o)
    0x08004bbe   0x0000003e   Code   RO         2704    .text               c_w.l(h1_extend_mt.o)
    0x08004bfc   0x0000004e   Code   RO         2758    .text               c_w.l(_printf_pad.o)
    0x08004c4a   0x00000024   Code   RO         2760    .text               c_w.l(_printf_truncate.o)
    0x08004c6e   0x00000052   Code   RO         2762    .text               c_w.l(_printf_str.o)
    0x08004cc0   0x00000078   Code   RO         2764    .text               c_w.l(_printf_dec.o)
    0x08004d38   0x00000028   Code   RO         2766    .text               c_w.l(_printf_charcount.o)
    0x08004d60   0x00000030   Code   RO         2768    .text               c_w.l(_printf_char_common.o)
    0x08004d90   0x0000000a   Code   RO         2770    .text               c_w.l(_sputc.o)
    0x08004d9a   0x00000002   PAD
    0x08004d9c   0x000000bc   Code   RO         2772    .text               c_w.l(_printf_wctomb.o)
    0x08004e58   0x0000007c   Code   RO         2775    .text               c_w.l(_printf_longlong_dec.o)
    0x08004ed4   0x00000070   Code   RO         2781    .text               c_w.l(_printf_oct_int_ll.o)
    0x08004f44   0x00000094   Code   RO         2801    .text               c_w.l(_printf_hex_int_ll_ptr.o)
    0x08004fd8   0x00000188   Code   RO         2821    .text               c_w.l(__printf_flags_ss_wp.o)
    0x08005160   0x00000042   Code   RO         2847    .text               c_w.l(cxa_finalize.o)
    0x080051a2   0x0000000e   Code   RO         2850    .text               c_w.l(defsig_rtmem_outer.o)
    0x080051b0   0x00000004   Code   RO         2862    .text               cpprt_w.l(arm_newhandler_noexceptions.o)
    0x080051b4   0x00000002   Code   RO         2893    .text               c_w.l(use_no_semi.o)
    0x080051b6   0x00000000   Code   RO         2895    .text               c_w.l(indicate_semi.o)
    0x080051b6   0x00000076   Code   RO         2930    .text               c_w.l(h1_free_mt.o)
    0x0800522c   0x0000008a   Code   RO         2942    .text               c_w.l(lludiv10.o)
    0x080052b6   0x000000b2   Code   RO         2944    .text               c_w.l(_printf_intcommon.o)
    0x08005368   0x0000041a   Code   RO         2946    .text               c_w.l(_printf_fp_dec.o)
    0x08005782   0x0000002c   Code   RO         2950    .text               c_w.l(_printf_char.o)
    0x080057ae   0x0000002c   Code   RO         2952    .text               c_w.l(_printf_wchar.o)
    0x080057da   0x00000040   Code   RO         2955    .text               c_w.l(_wcrtomb.o)
    0x0800581a   0x0000000a   Code   RO         2957    .text               c_w.l(defsig_exit.o)
    0x08005824   0x00000050   Code   RO         2959    .text               c_w.l(defsig_rtmem_inner.o)
    0x08005874   0x0000001a   Code   RO         3105    .text               cpprt_w.l(arm_exceptions_terminate.o)
    0x0800588e   0x00000002   PAD
    0x08005890   0x0000000c   Code   RO         3111    .text               c_w.l(sys_exit.o)
    0x0800589c   0x0000004a   Code   RO         3113    .text               c_w.l(sys_stackheap_outer.o)
    0x080058e6   0x00000002   PAD
    0x080058e8   0x00000010   Code   RO         3115    .text               c_w.l(rt_ctype_table.o)
    0x080058f8   0x0000000a   Code   RO         3122    .text               c_w.l(rt_locale_twolibspace.o)
    0x08005902   0x00000002   PAD
    0x08005904   0x00000080   Code   RO         3128    .text               c_w.l(_printf_fp_infnan.o)
    0x08005984   0x000000dc   Code   RO         3130    .text               c_w.l(bigflt0.o)
    0x08005a60   0x00000016   Code   RO         3158    .text               c_w.l(abort.o)
    0x08005a76   0x00000032   Code   RO         3162    .text               c_w.l(defsig_general.o)
    0x08005aa8   0x00000050   Code   RO         3192    .text               cpprt_w.l(arm_exceptions_globs.o)
    0x08005af8   0x0000000e   Code   RO         3206    .text               c_w.l(sys_wrch.o)
    0x08005b06   0x0000000a   Code   RO         3213    .text               c_w.l(rt_eh_globals_addr_twolibspace.o)
    0x08005b10   0x0000000e   Code   RO         3220    .text               c_w.l(defsig_abrt_outer.o)
    0x08005b1e   0x00000002   PAD
    0x08005b20   0x00000080   Code   RO         3228    .text               c_w.l(strcmpv7m.o)
    0x08005ba0   0x0000003c   Code   RO         3233    .text               cpprt_w.l(arm_exceptions_mem.o)
    0x08005bdc   0x00000030   Code   RO         3240    .text               c_w.l(defsig_abrt_inner.o)
    0x08005c0c   0x0000003e   Code   RO         3133    CL$$btod_d2e        c_w.l(btod.o)
    0x08005c4a   0x00000046   Code   RO         3135    CL$$btod_d2e_denorm_low  c_w.l(btod.o)
    0x08005c90   0x00000060   Code   RO         3134    CL$$btod_d2e_norm_op1  c_w.l(btod.o)
    0x08005cf0   0x00000338   Code   RO         3143    CL$$btod_div_common  c_w.l(btod.o)
    0x08006028   0x000000c6   Code   RO         3140    CL$$btod_e2e        c_w.l(btod.o)
    0x080060ee   0x00000028   Code   RO         3137    CL$$btod_ediv       c_w.l(btod.o)
    0x08006116   0x00000028   Code   RO         3136    CL$$btod_emul       c_w.l(btod.o)
    0x0800613e   0x00000244   Code   RO         3142    CL$$btod_mult_common  c_w.l(btod.o)
    0x08006382   0x00000002   PAD
    0x08006384   0x00000004   Code   RO         2535    SVC_TABLE           RTX_CM3.lib(svc_table.o)
    0x08006388   0x0000004e   Code   RO          621    i._Z10Non_Linears   task_button.o
    0x080063d6   0x00000020   Code   RO          774    i._Z9send_datahht   task_sending.o
    0x080063f6   0x00000002   Code   RO          691    i._ZN3LCDD1Ev       task_lcd.o
    0x080063f8   0x0000008c   Code   RO          181    i._ZN4Item4ExecEv   menu.o
    0x08006484   0x00000006   Code   RO          229    i._ZN4Item7getTypeEv  menu.o
    0x0800648a   0x00000006   Code   RO          685    i._ZN4Item8getLabelEv  task_lcd.o
    0x08006490   0x00000022   Code   RO          679    i._ZN4Item8getValueEv  task_lcd.o
    0x080064b2   0x000000c4   Code   RO          175    i._ZN4Item8setValueEsa  menu.o
    0x08006576   0x00000016   Code   RO          503    i._ZN4ItemC1EhP7Param16PKc  menu_init.o
    0x0800658c   0x00000018   Code   RO          515    i._ZN4ItemC1EhP7Param16PKcPPc  menu_init.o
    0x080065a4   0x00000014   Code   RO          509    i._ZN4ItemC1EhPKc   menu_init.o
    0x080065b8   0x00000010   Code   RO          339    i._ZN4Marx8getValueEh  marx.o
    0x080065c8   0x0000004a   Code   RO          333    i._ZN4Marx8setValueEhhs  marx.o
    0x08006612   0x00000036   Code   RO          615    i._ZN4Marx8setValueEhs  task_button.o
    0x08006648   0x00000002   Code   RO          439    i._ZN4MarxD1Ev      variables.o
    0x0800664a   0x0000001e   Code   RO          217    i._ZN4Menu10nextCursorEv  menu.o
    0x08006668   0x0000001e   Code   RO          223    i._ZN4Menu10prevCursorEv  menu.o
    0x08006686   0x00000016   Code   RO          193    i._ZN4Menu7setPageEP9Menu_Node  menu.o
    0x0800669c   0x00000020   Code   RO          199    i._ZN4Menu8nextPageEv  menu.o
    0x080066bc   0x00000020   Code   RO          205    i._ZN4Menu8prevPageEv  menu.o
    0x080066dc   0x00000016   Code   RO          211    i._ZN4Menu9setCursorEP9Menu_Node  menu.o
    0x080066f2   0x00000002   Code   RO          451    i._ZN4MenuD1Ev      variables.o
    0x080066f4   0x00000012   Code   RO          787    i._ZN7Console8getValueEh  task_sending.o
    0x08006706   0x00000002   Code   RO          445    i._ZN7ConsoleD1Ev   variables.o
    0x08006708   0x00000008   Code   RO          781    i._ZN7Param168_get_valEv  task_sending.o
    0x08006710   0x0000001c   Code   RO          169    i._ZN7Param168_set_maxEs  menu.o
    0x0800672c   0x00000028   Code   RO          327    i._ZN7Param16C1Esssf  marx.o
    0x08006754   0x00000002   Code   RO          433    i._ZN7Param16D1Ev   variables.o
    0x08006756   0x0000000e   Code   RO          241    i._ZN9Menu_Node16getCursorHistoryEv  menu.o
    0x08006764   0x00000004   Code   RO          247    i._ZN9Menu_Node16setCursorHistoryEPS_  menu.o
    0x08006768   0x00000008   Code   RO          235    i._ZN9Menu_Node5getIDEv  menu.o
    0x08006770   0x00000016   Code   RO          253    i._ZN9Menu_Node8isToggleEv  menu.o
    0x08006786   0x00000016   Code   RO          187    i._ZN9Menu_NodeC1EsP4ItemPS_S2_  menu.o
    0x0800679c   0x00000028   Code   RO         2614    i._Znwj             cpprt_w.l(new.o)
    0x080067c4   0x00000028   Code   RO         3204    i.__ARM_fpclassify  m_ws.l(fpclassify.o)
    0x080067ec   0x00000010   Code   RO         2618    i.__cxa_guard_acquire  cpprt_w.l(cxa_guard_acquire.o)
    0x080067fc   0x00000046   Code   RO         2424    i._init_box         RTX_CM3.lib(rt_membox.o)
    0x08006842   0x0000000e   Code   RO         2814    i._is_digit         c_w.l(__printf_wp.o)
    0x08006850   0x00000030   Code   RO         2477    i.dbg_init          RTX_CM3.lib(hal_cm.o)
    0x08006880   0x00000020   Code   RO         2478    i.dbg_task_notify   RTX_CM3.lib(hal_cm.o)
    0x080068a0   0x00000010   Code   RO         2479    i.dbg_task_switch   RTX_CM3.lib(hal_cm.o)
    0x080068b0   0x0000002a   Code   RO         1330    i.isrMessageGet     RTX_CM3.lib(rt_cmsis.o)
    0x080068da   0x0000002c   Code   RO         1331    i.isrMessagePut     RTX_CM3.lib(rt_cmsis.o)
    0x08006906   0x00000024   Code   RO         1333    i.isrSignalSet      RTX_CM3.lib(rt_cmsis.o)
    0x0800692a   0x00000002   PAD
    0x0800692c   0x00000028   Code   RO         2161    i.isr_evt_set       RTX_CM3.lib(rt_event.o)
    0x08006954   0x00000052   Code   RO         2279    i.isr_mbx_receive   RTX_CM3.lib(rt_mailbox.o)
    0x080069a6   0x0000000e   Code   RO         2280    i.isr_mbx_send      RTX_CM3.lib(rt_mailbox.o)
    0x080069b4   0x00000018   Code   RO         1334    i.osDelay           RTX_CM3.lib(rt_cmsis.o)
    0x080069cc   0x00000024   Code   RO         1335    i.osKernelInitialize  RTX_CM3.lib(rt_cmsis.o)
    0x080069f0   0x0000006c   Code   RO         1337    i.osKernelStart     RTX_CM3.lib(rt_cmsis.o)
    0x08006a5c   0x00000018   Code   RO         1346    i.osMessageGet      RTX_CM3.lib(rt_cmsis.o)
    0x08006a74   0x00000018   Code   RO         1361    i.osSignalSet       RTX_CM3.lib(rt_cmsis.o)
    0x08006a8c   0x00000018   Code   RO         1362    i.osSignalWait      RTX_CM3.lib(rt_cmsis.o)
    0x08006aa4   0x00000030   Code   RO         1363    i.osThreadCreate    RTX_CM3.lib(rt_cmsis.o)
    0x08006ad4   0x00000018   Code   RO         1364    i.osThreadExit      RTX_CM3.lib(rt_cmsis.o)
    0x08006aec   0x0000000c   Code   RO         1370    i.osTimerCall       RTX_CM3.lib(rt_cmsis.o)
    0x08006af8   0x00000034   Code   RO         1371    i.osTimerCreate     RTX_CM3.lib(rt_cmsis.o)
    0x08006b2c   0x00000018   Code   RO         1373    i.osTimerStart      RTX_CM3.lib(rt_cmsis.o)
    0x08006b44   0x00000018   Code   RO         1374    i.osTimerStop       RTX_CM3.lib(rt_cmsis.o)
    0x08006b5c   0x0000002c   Code   RO         1375    i.osTimerThread     RTX_CM3.lib(rt_cmsis.o)
    0x08006b88   0x00000028   Code   RO         2071    i.os_tick_init      RTX_CM3.lib(rt_system.o)
    0x08006bb0   0x00000002   Code   RO         2072    i.os_tick_irqack    RTX_CM3.lib(rt_system.o)
    0x08006bb2   0x0000001a   Code   RO         2425    i.rt_alloc_box      RTX_CM3.lib(rt_membox.o)
    0x08006bcc   0x0000003e   Code   RO         2453    i.rt_alloc_mem      RTX_CM3.lib(rt_memory.o)
    0x08006c0a   0x00000002   PAD
    0x08006c0c   0x00000038   Code   RO         1952    i.rt_block          RTX_CM3.lib(rt_task.o)
    0x08006c44   0x00000048   Code   RO         2402    i.rt_chk_robin      RTX_CM3.lib(rt_robin.o)
    0x08006c8c   0x00000070   Code   RO         2203    i.rt_dec_dly        RTX_CM3.lib(rt_list.o)
    0x08006cfc   0x00000044   Code   RO         1953    i.rt_dispatch       RTX_CM3.lib(rt_task.o)
    0x08006d40   0x00000006   Code   RO         2369    i.rt_dly_wait       RTX_CM3.lib(rt_time.o)
    0x08006d46   0x00000002   PAD
    0x08006d48   0x00000050   Code   RO         2164    i.rt_evt_psh        RTX_CM3.lib(rt_event.o)
    0x08006d98   0x0000005c   Code   RO         2165    i.rt_evt_set        RTX_CM3.lib(rt_event.o)
    0x08006df4   0x0000003c   Code   RO         2166    i.rt_evt_wait       RTX_CM3.lib(rt_event.o)
    0x08006e30   0x0000002c   Code   RO         2426    i.rt_free_box       RTX_CM3.lib(rt_membox.o)
    0x08006e5c   0x00000028   Code   RO         2454    i.rt_free_mem       RTX_CM3.lib(rt_memory.o)
    0x08006e84   0x00000028   Code   RO         2204    i.rt_get_first      RTX_CM3.lib(rt_list.o)
    0x08006eac   0x00000008   Code   RO         1380    i.rt_id2obj         RTX_CM3.lib(rt_cmsis.o)
    0x08006eb4   0x00000048   Code   RO         1954    i.rt_init_context   RTX_CM3.lib(rt_task.o)
    0x08006efc   0x0000001a   Code   RO         2455    i.rt_init_mem       RTX_CM3.lib(rt_memory.o)
    0x08006f16   0x00000002   PAD
    0x08006f18   0x00000018   Code   RO         2403    i.rt_init_robin     RTX_CM3.lib(rt_robin.o)
    0x08006f30   0x00000080   Code   RO         2480    i.rt_init_stack     RTX_CM3.lib(hal_cm.o)
    0x08006fb0   0x00000008   Code   RO         2281    i.rt_mbx_check      RTX_CM3.lib(rt_mailbox.o)
    0x08006fb8   0x0000001a   Code   RO         2282    i.rt_mbx_init       RTX_CM3.lib(rt_mailbox.o)
    0x08006fd2   0x00000002   PAD
    0x08006fd4   0x000000f0   Code   RO         2283    i.rt_mbx_psh        RTX_CM3.lib(rt_mailbox.o)
    0x080070c4   0x000000b4   Code   RO         2285    i.rt_mbx_wait       RTX_CM3.lib(rt_mailbox.o)
    0x08007178   0x00000044   Code   RO         1381    i.rt_ms2tick        RTX_CM3.lib(rt_cmsis.o)
    0x080071bc   0x00000010   Code   RO         2037    i.rt_mut_init       RTX_CM3.lib(rt_mutex.o)
    0x080071cc   0x000000d8   Code   RO         2038    i.rt_mut_release    RTX_CM3.lib(rt_mutex.o)
    0x080072a4   0x00000068   Code   RO         2039    i.rt_mut_wait       RTX_CM3.lib(rt_mutex.o)
    0x0800730c   0x0000007c   Code   RO         2075    i.rt_pop_req        RTX_CM3.lib(rt_system.o)
    0x08007388   0x00000020   Code   RO         2076    i.rt_psh_req        RTX_CM3.lib(rt_system.o)
    0x080073a8   0x0000005c   Code   RO         2206    i.rt_psq_enq        RTX_CM3.lib(rt_list.o)
    0x08007404   0x00000048   Code   RO         2207    i.rt_put_dly        RTX_CM3.lib(rt_list.o)
    0x0800744c   0x00000036   Code   RO         2208    i.rt_put_prio       RTX_CM3.lib(rt_list.o)
    0x08007482   0x00000002   PAD
    0x08007484   0x00000014   Code   RO         2209    i.rt_put_rdy_first  RTX_CM3.lib(rt_list.o)
    0x08007498   0x00000034   Code   RO         2210    i.rt_resort_prio    RTX_CM3.lib(rt_list.o)
    0x080074cc   0x00000006   Code   RO         2481    i.rt_ret_val        RTX_CM3.lib(hal_cm.o)
    0x080074d2   0x00000008   Code   RO         2482    i.rt_ret_val2       RTX_CM3.lib(hal_cm.o)
    0x080074da   0x00000028   Code   RO         2211    i.rt_rmv_dly        RTX_CM3.lib(rt_list.o)
    0x08007502   0x00000002   PAD
    0x08007504   0x00000030   Code   RO         2212    i.rt_rmv_list       RTX_CM3.lib(rt_list.o)
    0x08007534   0x00000034   Code   RO         2330    i.rt_sem_psh        RTX_CM3.lib(rt_semaphore.o)
    0x08007568   0x00000024   Code   RO         2078    i.rt_stk_check      RTX_CM3.lib(rt_system.o)
    0x0800758c   0x00000028   Code   RO         1955    i.rt_switch_req     RTX_CM3.lib(rt_task.o)
    0x080075b4   0x000000cc   Code   RO         1956    i.rt_sys_init       RTX_CM3.lib(rt_task.o)
    0x08007680   0x00000078   Code   RO         1957    i.rt_sys_start      RTX_CM3.lib(rt_task.o)
    0x080076f8   0x00000040   Code   RO         2080    i.rt_systick        RTX_CM3.lib(rt_system.o)
    0x08007738   0x00000012   Code   RO         1382    i.rt_tid2ptcb       RTX_CM3.lib(rt_cmsis.o)
    0x0800774a   0x00000002   PAD
    0x0800774c   0x00000034   Code   RO         1383    i.rt_timer_insert   RTX_CM3.lib(rt_cmsis.o)
    0x08007780   0x0000003c   Code   RO         1384    i.rt_timer_remove   RTX_CM3.lib(rt_cmsis.o)
    0x080077bc   0x00000088   Code   RO         1958    i.rt_tsk_create     RTX_CM3.lib(rt_task.o)
    0x08007844   0x0000017c   Code   RO         1959    i.rt_tsk_delete     RTX_CM3.lib(rt_task.o)
    0x080079c0   0x0000007c   Code   RO         1961    i.rt_tsk_prio       RTX_CM3.lib(rt_task.o)
    0x08007a3c   0x00000010   Code   RO         1962    i.rt_tsk_self       RTX_CM3.lib(rt_task.o)
    0x08007a4c   0x00000012   Code   RO         1385    i.svcDelay          RTX_CM3.lib(rt_cmsis.o)
    0x08007a5e   0x00000002   PAD
    0x08007a60   0x00000070   Code   RO         1386    i.svcKernelInitialize  RTX_CM3.lib(rt_cmsis.o)
    0x08007ad0   0x00000048   Code   RO         1388    i.svcKernelStart    RTX_CM3.lib(rt_cmsis.o)
    0x08007b18   0x00000024   Code   RO         1391    i.svcMessageCreate  RTX_CM3.lib(rt_cmsis.o)
    0x08007b3c   0x0000003a   Code   RO         1392    i.svcMessageGet     RTX_CM3.lib(rt_cmsis.o)
    0x08007b76   0x00000024   Code   RO         1404    i.svcSignalSet      RTX_CM3.lib(rt_cmsis.o)
    0x08007b9a   0x00000002   PAD
    0x08007b9c   0x00000054   Code   RO         1405    i.svcSignalWait     RTX_CM3.lib(rt_cmsis.o)
    0x08007bf0   0x00000070   Code   RO         1406    i.svcThreadCreate   RTX_CM3.lib(rt_cmsis.o)
    0x08007c60   0x0000001c   Code   RO         1407    i.svcThreadGetId    RTX_CM3.lib(rt_cmsis.o)
    0x08007c7c   0x00000038   Code   RO         1410    i.svcThreadTerminate  RTX_CM3.lib(rt_cmsis.o)
    0x08007cb4   0x00000018   Code   RO         1412    i.svcTimerCall      RTX_CM3.lib(rt_cmsis.o)
    0x08007ccc   0x00000038   Code   RO         1413    i.svcTimerCreate    RTX_CM3.lib(rt_cmsis.o)
    0x08007d04   0x00000064   Code   RO         1415    i.svcTimerStart     RTX_CM3.lib(rt_cmsis.o)
    0x08007d68   0x00000024   Code   RO         1416    i.svcTimerStop      RTX_CM3.lib(rt_cmsis.o)
    0x08007d8c   0x0000005c   Code   RO         1421    i.sysTimerTick      RTX_CM3.lib(rt_cmsis.o)
    0x08007de8   0x0000002c   Code   RO         3156    locale$$code        c_w.l(lc_numeric_c.o)
    0x08007e14   0x0000002c   Code   RO         3216    locale$$code        c_w.l(lc_ctype_c.o)
    0x08007e40   0x00000062   Code   RO         2624    x$fpl$d2f           fz_ws.l(d2f.o)
    0x08007ea2   0x00000002   PAD
    0x08007ea4   0x00000150   Code   RO         2626    x$fpl$dadd          fz_ws.l(daddsub_clz.o)
    0x08007ff4   0x000002b0   Code   RO         2633    x$fpl$ddiv          fz_ws.l(ddiv.o)
    0x080082a4   0x00000154   Code   RO         2636    x$fpl$dmul          fz_ws.l(dmul.o)
    0x080083f8   0x0000009c   Code   RO         2878    x$fpl$dnaninf       fz_ws.l(dnaninf.o)
    0x08008494   0x0000000c   Code   RO         2880    x$fpl$dretinf       fz_ws.l(dretinf.o)
    0x080084a0   0x000001d4   Code   RO         2628    x$fpl$dsub          fz_ws.l(daddsub_clz.o)
    0x08008674   0x00000056   Code   RO         2638    x$fpl$f2d           fz_ws.l(f2d.o)
    0x080086ca   0x00000018   Code   RO         2882    x$fpl$fcmpinf       fz_ws.l(fcmpi.o)
    0x080086e2   0x00000002   PAD
    0x080086e4   0x0000003e   Code   RO         2640    x$fpl$ffixu         fz_ws.l(ffixu.o)
    0x08008722   0x00000002   PAD
    0x08008724   0x00000030   Code   RO         2645    x$fpl$fflt          fz_ws.l(fflt_clz.o)
    0x08008754   0x00000068   Code   RO         2650    x$fpl$fleqf         fz_ws.l(fleqf.o)
    0x080087bc   0x00000102   Code   RO         2652    x$fpl$fmul          fz_ws.l(fmul.o)
    0x080088be   0x0000008c   Code   RO         2884    x$fpl$fnaninf       fz_ws.l(fnaninf.o)
    0x0800894a   0x0000000a   Code   RO         2888    x$fpl$fretinf       fz_ws.l(fretinf.o)
    0x08008954   0x00000062   Code   RO         2654    x$fpl$frleqf        fz_ws.l(frleqf.o)
    0x080089b6   0x00000004   Code   RO         2890    x$fpl$printf1       fz_ws.l(printf1.o)
    0x080089ba   0x00000000   Code   RO         2892    x$fpl$usenofp       fz_ws.l(usenofp.o)
    0x080089ba   0x00000002   PAD
    0x080089bc   0x00000010   Data   RO          483    .constdata          menu_init.o
    0x080089cc   0x00000038   Data   RO          558    .constdata          task.o
    0x08008a04   0x00000056   Data   RO          960    .constdata          rtx_conf_cm.o
    0x08008a5a   0x00000002   PAD
    0x08008a5c   0x00000008   Data   RO         2773    .constdata          c_w.l(_printf_wctomb.o)
    0x08008a64   0x00000028   Data   RO         2802    .constdata          c_w.l(_printf_hex_int_ll_ptr.o)
    0x08008a8c   0x00000011   Data   RO         2822    .constdata          c_w.l(__printf_flags_ss_wp.o)
    0x08008a9d   0x00000003   PAD
    0x08008aa0   0x00000094   Data   RO         3131    .constdata          c_w.l(bigflt0.o)
    0x08008b34   0x00000015   Data   RO          484    .conststring        menu_init.o
    0x08008b49   0x00000003   PAD
    0x08008b4c   0x00000020   Data   RO         3254    Region$$Table       anon$$obj.o
    0x08008b6c   0x0000001c   Data   RO         3155    locale$$data        c_w.l(lc_numeric_c.o)
    0x08008b88   0x00000110   Data   RO         3215    locale$$data        c_w.l(lc_ctype_c.o)
    0x08008c98   0x00000004   Data   RO          417    .init_array         variables.o
    0x08008c9c   0x00000000   Data   RO         2609    .init_array         c_w.l(init_aeabi.o)


    Execution Region RW_IRAM1 (Base: 0x20000000, Size: 0x00004008, Max: 0x00005000, ABSOLUTE, COMPRESSED[0x0000006c])

    Base Addr    Size         Type   Attr      Idx    E Section Name        Object

    0x20000000   0x0000000a   Data   RW          384    .data               peripheral.o
    0x2000000a   0x00000002   PAD
    0x2000000c   0x000000b8   Data   RW          416    .data               variables.o
    0x200000c4   0x00000010   Data   RW          559    .data               task.o
    0x200000d4   0x00000007   Data   RW          597    .data               task_button.o
    0x200000db   0x00000001   PAD
    0x200000dc   0x0000000f   Data   RW          661    .data               task_lcd.o
    0x200000eb   0x00000001   PAD
    0x200000ec   0x00000022   Data   RW          754    .data               task_sending.o
    0x2000010e   0x00000001   Data   RW          866    .data               main.o
    0x2000010f   0x00000001   PAD
    0x20000110   0x00000024   Data   RW          961    .data               rtx_conf_cm.o
    0x20000134   0x00000014   Data   RW         1196    .data               stm32f10x_rcc.o
    0x20000148   0x00000014   Data   RW         1301    .data               system_stm32f10x.o
    0x2000015c   0x00000008   Data   RW         1424    .data               RTX_CM3.lib(rt_cmsis.o)
    0x20000164   0x00000008   Data   RW         1964    .data               RTX_CM3.lib(rt_task.o)
    0x2000016c   0x00000008   Data   RW         2083    .data               RTX_CM3.lib(rt_system.o)
    0x20000174   0x00000004   Data   RW         2373    .data               RTX_CM3.lib(rt_time.o)
    0x20000178   0x00000008   Data   RW         2404    .data               RTX_CM3.lib(rt_robin.o)
    0x20000180   0x00000001   Data   RW         2483    .data               RTX_CM3.lib(hal_cm.o)
    0x20000181   0x00000003   PAD
    0x20000184   0x00001f40   Zero   RW            4    .bss                type.o
    0x200020c4   0x00000418   Zero   RW          415    .bss                variables.o
    0x200024dc   0x00000018   Zero   RW          557    .bss                task.o
    0x200024f4   0x00000038   Zero   RW          660    .bss                task_lcd.o
    0x2000252c   0x00000018   Zero   RW          753    .bss                task_sending.o
    0x20002544   0x00000004   PAD
    0x20002548   0x000013f8   Zero   RW          959    .bss                rtx_conf_cm.o
    0x20003940   0x00000034   Zero   RW         1963    .bss                RTX_CM3.lib(rt_task.o)
    0x20003974   0x00000030   Zero   RW         2213    .bss                RTX_CM3.lib(rt_list.o)
    0x200039a4   0x00000060   Zero   RW         2541    .bss                c_w.l(libspace.o)
    0x20003a04   0x00000004   PAD
    0x20003a08   0x00000200   Zero   RW         1291    HEAP                startup_stm32f10x_md.o
    0x20003c08   0x00000400   Zero   RW         1290    STACK               startup_stm32f10x_md.o


==============================================================================

Image component sizes


      Code (inc. data)   RO Data    RW Data    ZI Data      Debug   Object Name

       496         14          0          0          0       6668   lcd.o
       120         12          0          1          0       1723   main.o
       550          8          0          0          0      10816   marx.o
      1368         12          0          0          0      23564   menu.o
       778        162         37          0          0       9636   menu_init.o
       220         22          0          0          0     274705   misc.o
       944         42          0         10          0       3708   peripheral.o
       192         34         86         36       5112      13229   rtx_conf_cm.o
        64         26        236          0       1536        824   startup_stm32f10x_md.o
       596          8          0          0          0       4490   stm32f10x_dma.o
      1468         34          0          0          0       8334   stm32f10x_flash.o
       860         38          0          0          0       5861   stm32f10x_gpio.o
      1028         16          0          0          0       9351   stm32f10x_i2c.o
       932         36          0         20          0       9024   stm32f10x_rcc.o
       780         14          0          0          0       6738   stm32f10x_spi.o
      3610         88          0          0          0      22968   stm32f10x_tim.o
       480         38          0         20          0       1899   system_stm32f10x.o
        96         34         56         16         24       1297   task.o
       564         48          0          7          0       9183   task_button.o
      1942        192          0         15         56      19445   task_lcd.o
      1272        112          0         34         24      11160   task_sending.o
        84         12          0          0          0       4898   timer_trigger.o
         0          0          0          0       8000     272774   type.o
       292        108          4        184       1048      13548   variables.o

    ----------------------------------------------------------------------
     18740       1110        456        348      15804     745843   Object Totals
         0          0         32          0          0          0   (incl. Generated)
         4          0          5          5          4          0   (incl. Padding)

    ----------------------------------------------------------------------

      Code (inc. data)   RO Data    RW Data    ZI Data      Debug   Library Member Name

       238         24          0          1          0       3256   hal_cm.o
       304         36          0          0          0        760   hal_cm3.o
      1716        194          0          8          0      40235   rt_cmsis.o
       272         18          0          0          0       2618   rt_event.o
       530         34          0          0         48       8165   rt_list.o
       550         10          0          0          0       3897   rt_mailbox.o
       140          0          0          0          0       1901   rt_membox.o
       128          0          0          0          0       2275   rt_memory.o
       336         12          0          0          0       2057   rt_mutex.o
        96         22          0          8          0       1134   rt_robin.o
        52          4          0          0          0        565   rt_semaphore.o
       298         52          0          8          0       6151   rt_system.o
      1216        174          0          8         52       9545   rt_task.o
         6          0          0          4          0        636   rt_time.o
         4          4          0          0          0        200   svc_table.o
        90          0          0          0          0          0   __dczerorl2.o
         8          0          0          0          0         68   __main.o
       392          4         17          0          0         92   __printf_flags_ss_wp.o
        14          0          0          0          0         68   __printf_wp.o
         0          0          0          0          0          0   __rtentry.o
        20          0          0          0          0          0   __rtentry2.o
         6          0          0          0          0          0   __rtentry4.o
        52          8          0          0          0          0   __scatter.o
        28          0          0          0          0          0   __scatter_zi.o
         6          0          0          0          0          0   _printf_a.o
         6          0          0          0          0          0   _printf_c.o
        44          0          0          0          0        108   _printf_char.o
        48          6          0          0          0         96   _printf_char_common.o
        40          0          0          0          0         68   _printf_charcount.o
         6          0          0          0          0          0   _printf_d.o
       120         16          0          0          0         92   _printf_dec.o
         6          0          0          0          0          0   _printf_e.o
         6          0          0          0          0          0   _printf_f.o
      1050          0          0          0          0        216   _printf_fp_dec.o
       128         16          0          0          0         84   _printf_fp_infnan.o
         6          0          0          0          0          0   _printf_g.o
       148          4         40          0          0        160   _printf_hex_int_ll_ptr.o
         6          0          0          0          0          0   _printf_i.o
       178          0          0          0          0         88   _printf_intcommon.o
        10          0          0          0          0          0   _printf_l.o
         6          0          0          0          0          0   _printf_lc.o
        10          0          0          0          0          0   _printf_ll.o
         6          0          0          0          0          0   _printf_lld.o
         6          0          0          0          0          0   _printf_lli.o
         6          0          0          0          0          0   _printf_llo.o
         6          0          0          0          0          0   _printf_llu.o
         6          0          0          0          0          0   _printf_llx.o
       124         16          0          0          0         92   _printf_longlong_dec.o
         6          0          0          0          0          0   _printf_ls.o
         6          0          0          0          0          0   _printf_n.o
         6          0          0          0          0          0   _printf_o.o
       112          8          0          0          0        124   _printf_oct_int_ll.o
         6          0          0          0          0          0   _printf_p.o
        78          0          0          0          0        108   _printf_pad.o
         0          0          0          0          0          0   _printf_percent.o
         4          0          0          0          0          0   _printf_percent_end.o
         6          0          0          0          0          0   _printf_s.o
        82          0          0          0          0         80   _printf_str.o
        36          0          0          0          0         84   _printf_truncate.o
         6          0          0          0          0          0   _printf_u.o
        44          0          0          0          0        108   _printf_wchar.o
       188          6          8          0          0         92   _printf_wctomb.o
         6          0          0          0          0          0   _printf_x.o
        10          0          0          0          0         68   _sputc.o
        64          0          0          0          0         92   _wcrtomb.o
        22          0          0          0          0         80   abort.o
        46          0          0          0          0         84   aeabi_atexit.o
       220          4        148          0          0         96   bigflt0.o
      1910        128          0          0          0        672   btod.o
        36          4          0          0          0         76   c89vsprintf.o
        66          0          0          0          0         84   cxa_finalize.o
        48         34          0          0          0         76   defsig_abrt_inner.o
        14          0          0          0          0         80   defsig_abrt_outer.o
        10          0          0          0          0         68   defsig_exit.o
        50          0          0          0          0         88   defsig_general.o
        80         58          0          0          0         76   defsig_rtmem_inner.o
        14          0          0          0          0         80   defsig_rtmem_outer.o
        18          0          0          0          0         80   exit.o
       158          0          0          0          0        128   h1_alloc_mt.o
        62          0          0          0          0         80   h1_extend_mt.o
       118          0          0          0          0        108   h1_free_mt.o
        18          0          0          0          0         84   h1_init_mt.o
         6          0          0          0          0        152   heapauxi.o
         4          0          0          0          0        136   hguard.o
         0          0          0          0          0          0   indicate_semi.o
        36         10          0          0          0         80   init_aeabi.o
       138          0          0          0          0        168   init_alloc.o
        44         10        272          0          0         76   lc_ctype_c.o
        44         10         28          0          0         76   lc_numeric_c.o
         2          0          0          0          0          0   libinit.o
        42          0          0          0          0          0   libinit2.o
         2          0          0          0          0          0   libshutdown.o
         8          0          0          0          0          0   libshutdown2.o
         8          4          0          0         96         68   libspace.o
       138          0          0          0          0         80   lludiv10.o
       238          0          0          0          0        100   lludivv7m.o
         0          0          0          0          0          0   maybetermalloc1.o
        16          4          0          0          0         76   rt_ctype_table.o
        10          0          0          0          0         76   rt_ddtor_pointer_addr_twolibspace.o
        10          0          0          0          0         76   rt_eh_globals_addr_twolibspace.o
        10          0          0          0          0         76   rt_heap_descriptor_twolibspace.o
        10          0          0          0          0         76   rt_locale_twolibspace.o
        10          0          0          0          0         76   rt_new_handler_addr_twolibspace.o
         2          0          0          0          0          0   rtexit.o
        10          0          0          0          0          0   rtexit2.o
       128          0          0          0          0         68   strcmpv7m.o
        12          4          0          0          0         68   sys_exit.o
        74          0          0          0          0         80   sys_stackheap_outer.o
        14          0          0          0          0         76   sys_wrch.o
         2          0          0          0          0         68   use_no_semi.o
        80         12          0          0          0        104   arm_exceptions_globs.o
        60          0          0          0          0        108   arm_exceptions_mem.o
        26          0          0          0          0         76   arm_exceptions_terminate.o
         4          0          0          0          0         68   arm_newhandler_noexceptions.o
        16          0          0          0          0         68   cxa_guard_acquire.o
        40          6          0          0          0         76   new.o
        98          4          0          0          0         92   d2f.o
       804         16          0          0          0        272   daddsub_clz.o
       688        140          0          0          0        208   ddiv.o
       340         12          0          0          0        104   dmul.o
       156          4          0          0          0         92   dnaninf.o
        12          0          0          0          0         68   dretinf.o
        86          4          0          0          0         84   f2d.o
        24          0          0          0          0         68   fcmpi.o
        62          4          0          0          0         84   ffixu.o
        48          0          0          0          0         68   fflt_clz.o
       104          4          0          0          0         84   fleqf.o
       258          4          0          0          0         84   fmul.o
       140          4          0          0          0         84   fnaninf.o
        10          0          0          0          0         68   fretinf.o
        98          0          0          0          0         68   frleqf.o
         4          0          0          0          0         68   printf1.o
         0          0          0          0          0          0   usenofp.o
        40          0          0          0          0         68   fpclassify.o

    ----------------------------------------------------------------------
     16284       1152        516         40        200      91339   Library Totals
        44          0          3          3          4          0   (incl. Padding)

    ----------------------------------------------------------------------

      Code (inc. data)   RO Data    RW Data    ZI Data      Debug   Library Name

      5886        584          0         37        100      83395   RTX_CM3.lib
      7156        354        513          0         96       5780   c_w.l
       226         18          0          0          0        500   cpprt_w.l
      2932        196          0          0          0       1596   fz_ws.l
        40          0          0          0          0         68   m_ws.l

    ----------------------------------------------------------------------
     16284       1152        516         40        200      91339   Library Totals

    ----------------------------------------------------------------------

==============================================================================


      Code (inc. data)   RO Data    RW Data    ZI Data      Debug   

     35024       2262        972        388      16004     824438   Grand Totals
     35024       2262        972        108      16004     824438   ELF Image Totals (compressed)
     35024       2262        972        108          0          0   ROM Totals

==============================================================================

    Total RO  Size (Code + RO Data)                35996 (  35.15kB)
    Total RW  Size (RW Data + ZI Data)             16392 (  16.01kB)
    Total ROM Size (Code + RO Data + RW Data)      36104 (  35.26kB)

==============================================================================

