Component: ARM Compiler 5.06 update 2 (build 183) Tool: armlink [4d35b7]

==============================================================================

Section Cross References

    lcd.o(.text) refers to stm32f10x_spi.o(.text) for SPI_I2S_GetFlagStatus
    lcd.o(.text) refers to stm32f10x_gpio.o(.text) for GPIO_WriteBit
    lcd.o(.text) refers to c89vsprintf.o(.text) for __c89vsprintf
    lcd.o(.ARM.exidx) refers to lcd.o(.text) for .text
    menu.o(.text) refers to menu.o(i._ZN9Menu_Node5getIDEv) for Menu_Node::getID()
    menu.o(.text) refers to new.o(i._Znwj) for operator new(unsigned)
    menu.o(.text) refers to menu.o(i._ZN9Menu_NodeC1EsP4ItemPS_S2_) for Menu_Node::Menu_Node(short, Item*, Menu_Node*, Menu_Node*)
    menu.o(.text) refers to menu.o(i._ZN4Menu10prevCursorEv) for Menu::prevCursor()
    menu.o(.text) refers to menu.o(i._ZN4Menu10nextCursorEv) for Menu::nextCursor()
    menu.o(.text) refers to menu.o(i._ZN9Menu_Node16getCursorHistoryEv) for Menu_Node::getCursorHistory()
    menu.o(.text) refers to menu.o(i._ZN9Menu_Node8isToggleEv) for Menu_Node::isToggle()
    menu.o(.text) refers to menu.o(i._ZN4Menu9setCursorEP9Menu_Node) for Menu::setCursor(Menu_Node*)
    menu.o(.text) refers to menu.o(i._ZN4Menu7setPageEP9Menu_Node) for Menu::setPage(Menu_Node*)
    menu.o(.text) refers to menu.o(i._ZN4Item7getTypeEv) for Item::getType()
    menu.o(.text) refers to menu.o(i._ZN4Item4ExecEv) for Item::Exec()
    menu.o(.text) refers to menu.o(i._ZN4Item8setValueEsa) for Item::setValue(short, signed char)
    menu.o(.ARM.exidx) refers to menu.o(.text) for .text
    marx.o(.text) refers to new.o(i._Znwj) for operator new(unsigned)
    marx.o(.text) refers to marx.o(i._ZN7Param16C1Esssf) for Param16::Param16(short, short, short, float)
    marx.o(.text) refers to marx.o(i._ZN4Marx8getValueEh) for Marx::getValue(unsigned char)
    marx.o(.text) refers to marx.o(i._ZN4Marx8setValueEhhs) for Marx::setValue(unsigned char, unsigned char, short)
    marx.o(.ARM.exidx) refers to marx.o(.text) for .text
    peripheral.o(.text) refers to stm32f10x_gpio.o(.text) for GPIO_ResetBits
    peripheral.o(.text) refers to stm32f10x_rcc.o(.text) for RCC_APB2PeriphClockCmd
    peripheral.o(.text) refers to stm32f10x_usart.o(.text) for USART_Init
    peripheral.o(.text) refers to stm32f10x_spi.o(.text) for SPI_Init
    peripheral.o(.text) refers to stm32f10x_tim.o(.text) for TIM_TimeBaseInit
    peripheral.o(.ARM.exidx) refers to peripheral.o(.text) for .text
    variables.o(.text) refers to init_alloc.o(.text) for _init_alloc
    variables.o(.text) refers to aeabi_atexit.o(.text) for __aeabi_atexit
    variables.o(.text) refers to marx.o(.text) for Marx::Marx(unsigned char, unsigned char, short*, short*, short*, float*)
    variables.o(.text) refers to variables.o(.data) for HeapZone
    variables.o(.text) refers to type.o(.bss) for heap_zone
    variables.o(.text) refers to variables.o(.bss) for Main_Menu
    variables.o(.text) refers to variables.o(i._ZN4MenuD1Ev) for Menu::~Menu()
    variables.o(.text) refers to variables.o(i._ZN4MarxD1Ev) for Marx::~Marx()
    variables.o(.text) refers to variables.o(i._ZN7ConsoleD1Ev) for Console::~Console()
    variables.o(.ARM.exidx) refers to variables.o(.text) for .text
    variables.o(.init_array) refers to variables.o(.text) for __sti___13_variables_cpp_HeapZone
    variables.o(.init_array) refers to init_aeabi.o(.text) for __cpp_initialize__aeabi_
    menu_init.o(.text) refers to new.o(i._Znwj) for operator new(unsigned)
    menu_init.o(.text) refers to menu_init.o(i._ZN4ItemC1EhPKc) for Item::Item(unsigned char, const char*)
    menu_init.o(.text) refers to menu.o(.text) for Menu::Menu_Insert(short, Item*, short)
    menu_init.o(.text) refers to menu_init.o(i._ZN4ItemC1EhP7Param16PKc) for Item::Item(unsigned char, Param16*, const char*)
    menu_init.o(.text) refers to variables.o(.bss) for Main_Menu
    menu_init.o(.ARM.exidx) refers to menu_init.o(.text) for .text
    task.o(.text) refers to rt_cmsis.o(i.osThreadCreate) for osThreadCreate
    task.o(.text) refers to rt_cmsis.o(i.osTimerCreate) for osTimerCreate
    task.o(.text) refers to rt_cmsis.o(i.osTimerStop) for osTimerStop
    task.o(.text) refers to task.o(.constdata) for os_thread_def_task_Button
    task.o(.text) refers to task.o(.data) for id_tsk_btn
    task.o(.ARM.exidx) refers to task.o(.text) for .text
    task.o(.constdata) refers to task_lcd.o(.text) for task_LCD(const void*)
    task.o(.constdata) refers to task_button.o(.text) for task_Button(const void*)
    task.o(.constdata) refers to task_sending.o(.text) for task_Sending(const void*)
    task.o(.constdata) refers to timer_trigger.o(.text) for timer_Trigger(const void*)
    task.o(.constdata) refers to task.o(.bss) for os_timer_cb_tmr_Trigger
    task_button.o(.text) refers to stm32f10x_gpio.o(.text) for GPIO_ReadInputDataBit
    task_button.o(.text) refers to menu.o(.text) for Menu::onButton(unsigned char)
[...]
    TIM_ForcedOC3Config                      0x08003529   Thumb Code    12  stm32f10x_tim.o(.text)
    TIM_ForcedOC4Config                      0x08003535   Thumb Code    20  stm32f10x_tim.o(.text)
    TIM_ARRPreloadConfig                     0x08003549   Thumb Code    24  stm32f10x_tim.o(.text)
    TIM_SelectCOM                            0x08003561   Thumb Code    24  stm32f10x_tim.o(.text)
    TIM_SelectCCDMA                          0x08003579   Thumb Code    24  stm32f10x_tim.o(.text)
    TIM_CCPreloadControl                     0x08003591   Thumb Code    24  stm32f10x_tim.o(.text)
    TIM_OC1PreloadConfig                     0x080035a9   Thumb Code    12  stm32f10x_tim.o(.text)
    TIM_OC2PreloadConfig                     0x080035b5   Thumb Code    20  stm32f10x_tim.o(.text)
    TIM_OC3PreloadConfig                     0x080035c9   Thumb Code    12  stm32f10x_tim.o(.text)
    TIM_OC4PreloadConfig                     0x080035d5   Thumb Code    20  stm32f10x_tim.o(.text)
    TIM_OC1FastConfig                        0x080035e9   Thumb Code    12  stm32f10x_tim.o(.text)
    TIM_OC2FastConfig                        0x080035f5   Thumb Code    20  stm32f10x_tim.o(.text)
    TIM_OC3FastConfig                        0x08003609   Thumb Code    12  stm32f10x_tim.o(.text)
    TIM_OC4FastConfig                        0x08003615   Thumb Code    20  stm32f10x_tim.o(.text)
    TIM_ClearOC1Ref                          0x08003629   Thumb Code    12  stm32f10x_tim.o(.text)
    TIM_ClearOC2Ref                          0x08003635   Thumb Code    20  stm32f10x_tim.o(.text)
    TIM_ClearOC3Ref                          0x08003649   Thumb Code    12  stm32f10x_tim.o(.text)
    TIM_ClearOC4Ref                          0x08003655   Thumb Code    20  stm32f10x_tim.o(.text)
    TIM_OC1PolarityConfig                    0x08003669   Thumb Code    12  stm32f10x_tim.o(.text)
    TIM_OC1NPolarityConfig                   0x08003675   Thumb Code    12  stm32f10x_tim.o(.text)
    TIM_OC2PolarityConfig                    0x08003681   Thumb Code    20  stm32f10x_tim.o(.text)
    TIM_OC2NPolarityConfig                   0x08003695   Thumb Code    20  stm32f10x_tim.o(.text)
    TIM_OC3PolarityConfig                    0x080036a9   Thumb Code    20  stm32f10x_tim.o(.text)
    TIM_OC3NPolarityConfig                   0x080036bd   Thumb Code    20  stm32f10x_tim.o(.text)
    TIM_OC4PolarityConfig                    0x080036d1   Thumb Code    20  stm32f10x_tim.o(.text)
    TIM_CCxCmd                               0x080036e5   Thumb Code    22  stm32f10x_tim.o(.text)
    TIM_CCxNCmd                              0x080036fb   Thumb Code    22  stm32f10x_tim.o(.text)
    TIM_SelectOCxM                           0x08003711   Thumb Code    76  stm32f10x_tim.o(.text)
    TIM_UpdateDisableConfig                  0x0800375d   Thumb Code    24  stm32f10x_tim.o(.text)
    TIM_UpdateRequestConfig                  0x08003775   Thumb Code    24  stm32f10x_tim.o(.text)
    TIM_SelectHallSensor                     0x0800378d   Thumb Code    24  stm32f10x_tim.o(.text)
    TIM_SelectOnePulseMode                   0x080037a5   Thumb Code    16  stm32f10x_tim.o(.text)
    TIM_SelectOutputTrigger                  0x080037b5   Thumb Code    16  stm32f10x_tim.o(.text)
    TIM_SelectSlaveMode                      0x080037c5   Thumb Code    16  stm32f10x_tim.o(.text)
    TIM_SelectMasterSlaveMode                0x080037d5   Thumb Code    16  stm32f10x_tim.o(.text)
    TIM_SetCounter                           0x080037e5   Thumb Code     4  stm32f10x_tim.o(.text)
    TIM_SetAutoreload                        0x080037e9   Thumb Code     4  stm32f10x_tim.o(.text)
    TIM_SetCompare1                          0x080037ed   Thumb Code     4  stm32f10x_tim.o(.text)
    TIM_SetCompare2                          0x080037f1   Thumb Code     4  stm32f10x_tim.o(.text)
    TIM_SetCompare3                          0x080037f5   Thumb Code     4  stm32f10x_tim.o(.text)
    TIM_SetCompare4                          0x080037f9   Thumb Code     6  stm32f10x_tim.o(.text)
    TIM_SetClockDivision                     0x080037ff   Thumb Code    16  stm32f10x_tim.o(.text)
    TIM_GetCapture1                          0x0800380f   Thumb Code     4  stm32f10x_tim.o(.text)
    TIM_GetCapture2                          0x08003813   Thumb Code     4  stm32f10x_tim.o(.text)
    TIM_GetCapture3                          0x08003817   Thumb Code     4  stm32f10x_tim.o(.text)
    TIM_GetCapture4                          0x0800381b   Thumb Code     6  stm32f10x_tim.o(.text)
    TIM_GetCounter                           0x08003821   Thumb Code     4  stm32f10x_tim.o(.text)
    TIM_GetPrescaler                         0x08003825   Thumb Code     4  stm32f10x_tim.o(.text)
    TIM_GetFlagStatus                        0x08003829   Thumb Code    14  stm32f10x_tim.o(.text)
    TIM_ClearFlag                            0x08003837   Thumb Code     6  stm32f10x_tim.o(.text)
    TIM_GetITStatus                          0x0800383d   Thumb Code    24  stm32f10x_tim.o(.text)
    TIM_ClearITPendingBit                    0x08003855   Thumb Code     6  stm32f10x_tim.o(.text)
    USART_DeInit                             0x0800385d   Thumb Code   144  stm32f10x_usart.o(.text)
    USART_Init                               0x080038ed   Thumb Code   182  stm32f10x_usart.o(.text)
    USART_StructInit                         0x080039a3   Thumb Code    22  stm32f10x_usart.o(.text)
    USART_ClockInit                          0x080039b9   Thumb Code    30  stm32f10x_usart.o(.text)
    USART_ClockStructInit                    0x080039d7   Thumb Code    12  stm32f10x_usart.o(.text)
    USART_Cmd                                0x080039e3   Thumb Code    24  stm32f10x_usart.o(.text)
    USART_ITConfig                           0x080039fb   Thumb Code    54  stm32f10x_usart.o(.text)
    USART_DMACmd                             0x08003a31   Thumb Code    20  stm32f10x_usart.o(.text)
    USART_SetAddress                         0x08003a45   Thumb Code    16  stm32f10x_usart.o(.text)
    USART_WakeUpConfig                       0x08003a55   Thumb Code    16  stm32f10x_usart.o(.text)
    USART_ReceiverWakeUpCmd                  0x08003a65   Thumb Code    24  stm32f10x_usart.o(.text)
    USART_LINBreakDetectLengthConfig         0x08003a7d   Thumb Code    16  stm32f10x_usart.o(.text)
    USART_LINCmd                             0x08003a8d   Thumb Code    24  stm32f10x_usart.o(.text)
    USART_SendData                           0x08003aa5   Thumb Code     8  stm32f10x_usart.o(.text)
    USART_ReceiveData                        0x08003aad   Thumb Code     8  stm32f10x_usart.o(.text)
    USART_SendBreak                          0x08003ab5   Thumb Code    10  stm32f10x_usart.o(.text)
    USART_SetGuardTime                       0x08003abf   Thumb Code    16  stm32f10x_usart.o(.text)
    USART_SetPrescaler                       0x08003acf   Thumb Code    16  stm32f10x_usart.o(.text)
    USART_SmartCardCmd                       0x08003adf   Thumb Code    24  stm32f10x_usart.o(.text)
    USART_SmartCardNACKCmd                   0x08003af7   Thumb Code    24  stm32f10x_usart.o(.text)
    USART_HalfDuplexCmd                      0x08003b0f   Thumb Code    24  stm32f10x_usart.o(.text)
    USART_OverSampling8Cmd                   0x08003b27   Thumb Code    24  stm32f10x_usart.o(.text)
    USART_OneBitMethodCmd                    0x08003b3f   Thumb Code    24  stm32f10x_usart.o(.text)
    USART_IrDAConfig                         0x08003b57   Thumb Code    16  stm32f10x_usart.o(.text)
    USART_IrDACmd                            0x08003b67   Thumb Code    24  stm32f10x_usart.o(.text)
    USART_GetFlagStatus                      0x08003b7f   Thumb Code    14  stm32f10x_usart.o(.text)
    USART_ClearFlag                          0x08003b8d   Thumb Code     8  stm32f10x_usart.o(.text)
    USART_GetITStatus                        0x08003b95   Thumb Code    64  stm32f10x_usart.o(.text)
    USART_ClearITPendingBit                  0x08003bd5   Thumb Code    16  stm32f10x_usart.o(.text)
    Reset_Handler                            0x08003bf9   Thumb Code     8  startup_stm32f10x_md.o(.text)
    NMI_Handler                              0x08003c01   Thumb Code     2  startup_stm32f10x_md.o(.text)
    HardFault_Handler                        0x08003c03   Thumb Code     2  startup_stm32f10x_md.o(.text)
    MemManage_Handler                        0x08003c05   Thumb Code     2  startup_stm32f10x_md.o(.text)
    BusFault_Handler                         0x08003c07   Thumb Code     2  startup_stm32f10x_md.o(.text)
    UsageFault_Handler                       0x08003c09   Thumb Code     2  startup_stm32f10x_md.o(.text)
    DebugMon_Handler                         0x08003c0d   Thumb Code     2  startup_stm32f10x_md.o(.text)
    ADC1_2_IRQHandler                        0x08003c13   Thumb Code     0  startup_stm32f10x_md.o(.text)
    CAN1_RX1_IRQHandler                      0x08003c13   Thumb Code     0  startup_stm32f10x_md.o(.text)
    CAN1_SCE_IRQHandler                      0x08003c13   Thumb Code     0  startup_stm32f10x_md.o(.text)
    DMA1_Channel1_IRQHandler                 0x08003c13   Thumb Code     0  startup_stm32f10x_md.o(.text)
    DMA1_Channel2_IRQHandler                 0x08003c13   Thumb Code     0  startup_stm32f10x_md.o(.text)
    DMA1_Channel3_IRQHandler                 0x08003c13   Thumb Code     0  startup_stm32f10x_md.o(.text)
    DMA1_Channel4_IRQHandler                 0x08003c13   Thumb Code     0  startup_stm32f10x_md.o(.text)
    DMA1_Channel5_IRQHandler                 0x08003c13   Thumb Code     0  startup_stm32f10x_md.o(.text)
    DMA1_Channel6_IRQHandler                 0x08003c13   Thumb Code     0  startup_stm32f10x_md.o(.text)
    DMA1_Channel7_IRQHandler                 0x08003c13   Thumb Code     0  startup_stm32f10x_md.o(.text)
    EXTI0_IRQHandler                         0x08003c13   Thumb Code     0  startup_stm32f10x_md.o(.text)
    EXTI15_10_IRQHandler                     0x08003c13   Thumb Code     0  startup_stm32f10x_md.o(.text)
    EXTI1_IRQHandler                         0x08003c13   Thumb Code     0  startup_stm32f10x_md.o(.text)
    EXTI2_IRQHandler                         0x08003c13   Thumb Code     0  startup_stm32f10x_md.o(.text)
    EXTI3_IRQHandler                         0x08003c13   Thumb Code     0  startup_stm32f10x_md.o(.text)
    EXTI4_IRQHandler                         0x08003c13   Thumb Code     0  startup_stm32f10x_md.o(.text)
    EXTI9_5_IRQHandler                       0x08003c13   Thumb Code     0  startup_stm32f10x_md.o(.text)
    FLASH_IRQHandler                         0x08003c13   Thumb Code     0  startup_stm32f10x_md.o(.text)
    I2C1_ER_IRQHandler                       0x08003c13   Thumb Code     0  startup_stm32f10x_md.o(.text)
    I2C1_EV_IRQHandler                       0x08003c13   Thumb Code     0  startup_stm32f10x_md.o(.text)
    I2C2_ER_IRQHandler                       0x08003c13   Thumb Code     0  startup_stm32f10x_md.o(.text)
    I2C2_EV_IRQHandler                       0x08003c13   Thumb Code     0  startup_stm32f10x_md.o(.text)
    PVD_IRQHandler                           0x08003c13   Thumb Code     0  startup_stm32f10x_md.o(.text)
    RCC_IRQHandler                           0x08003c13   Thumb Code     0  startup_stm32f10x_md.o(.text)
    RTCAlarm_IRQHandler                      0x08003c13   Thumb Code     0  startup_stm32f10x_md.o(.text)
    RTC_IRQHandler                           0x08003c13   Thumb Code     0  startup_stm32f10x_md.o(.text)
    SPI1_IRQHandler                          0x08003c13   Thumb Code     0  startup_stm32f10x_md.o(.text)
    SPI2_IRQHandler                          0x08003c13   Thumb Code     0  startup_stm32f10x_md.o(.text)
    TAMPER_IRQHandler                        0x08003c13   Thumb Code     0  startup_stm32f10x_md.o(.text)
    TIM1_BRK_IRQHandler                      0x08003c13   Thumb Code     0  startup_stm32f10x_md.o(.text)
    TIM1_CC_IRQHandler                       0x08003c13   Thumb Code     0  startup_stm32f10x_md.o(.text)
    TIM1_TRG_COM_IRQHandler                  0x08003c13   Thumb Code     0  startup_stm32f10x_md.o(.text)
    TIM1_UP_IRQHandler                       0x08003c13   Thumb Code     0  startup_stm32f10x_md.o(.text)
    TIM2_IRQHandler                          0x08003c13   Thumb Code     0  startup_stm32f10x_md.o(.text)
    TIM3_IRQHandler                          0x08003c13   Thumb Code     0  startup_stm32f10x_md.o(.text)
    TIM4_IRQHandler                          0x08003c13   Thumb Code     0  startup_stm32f10x_md.o(.text)
    USART1_IRQHandler                        0x08003c13   Thumb Code     0  startup_stm32f10x_md.o(.text)
    USART2_IRQHandler                        0x08003c13   Thumb Code     0  startup_stm32f10x_md.o(.text)
    USART3_IRQHandler                        0x08003c13   Thumb Code     0  startup_stm32f10x_md.o(.text)
    USBWakeUp_IRQHandler                     0x08003c13   Thumb Code     0  startup_stm32f10x_md.o(.text)
    USB_HP_CAN1_TX_IRQHandler                0x08003c13   Thumb Code     0  startup_stm32f10x_md.o(.text)
    USB_LP_CAN1_RX0_IRQHandler               0x08003c13   Thumb Code     0  startup_stm32f10x_md.o(.text)
    WWDG_IRQHandler                          0x08003c13   Thumb Code     0  startup_stm32f10x_md.o(.text)
    __user_initial_stackheap                 0x08003c15   Thumb Code     0  startup_stm32f10x_md.o(.text)
    SystemInit                               0x08003ce1   Thumb Code    64  system_stm32f10x.o(.text)
    SystemCoreClockUpdate                    0x08003d21   Thumb Code   106  system_stm32f10x.o(.text)
    __user_libspace                          0x08003dad   Thumb Code     8  libspace.o(.text)
    __user_perproc_libspace                  0x08003dad   Thumb Code     0  libspace.o(.text)
    _terminate_user_alloc                    0x08003db5   Thumb Code     2  init_alloc.o(.text)
    _init_user_alloc                         0x08003db7   Thumb Code     2  init_alloc.o(.text)
    __Heap_Full                              0x08003db9   Thumb Code    34  init_alloc.o(.text)
    __Heap_Broken                            0x08003ddb   Thumb Code     6  init_alloc.o(.text)
    _init_alloc                              0x08003de1   Thumb Code    94  init_alloc.o(.text)
    __aeabi_uldivmod                         0x08003e3f   Thumb Code     0  lludivv7m.o(.text)
    _ll_udiv                                 0x08003e3f   Thumb Code   238  lludivv7m.o(.text)
    __c89vsprintf                            0x08003f2d   Thumb Code    32  c89vsprintf.o(.text)
    exit                                     0x08003f51   Thumb Code    18  exit.o(.text)
    __aeabi_atexit                           0x08003f63   Thumb Code    46  aeabi_atexit.o(.text)
    __use_two_region_memory                  0x08003f91   Thumb Code     2  heapauxi.o(.text)
    __rt_heap_escrow                         0x08003f93   Thumb Code     2  heapauxi.o(.text)
    __rt_heap_expand                         0x08003f95   Thumb Code     2  heapauxi.o(.text)
    __cpp_initialize__aeabi_                 0x08003f99   Thumb Code    26  init_aeabi.o(.text)
    __rt_heap_descriptor                     0x08003fbd   Thumb Code    10  rt_heap_descriptor_twolibspace.o(.text)
    __rt_new_handler_addr                    0x08003fc7   Thumb Code    10  rt_new_handler_addr_twolibspace.o(.text)
    __rt_ddtor_pointer_addr                  0x08003fd1   Thumb Code    10  rt_ddtor_pointer_addr_twolibspace.o(.text)
    __use_no_heap                            0x08003fdb   Thumb Code     2  hguard.o(.text)
    __heap$guard                             0x08003fdd   Thumb Code     2  hguard.o(.text)
    __Heap_Initialize                        0x08003fdf   Thumb Code    14  h1_init_mt.o(.text)
    __Heap_DescSize                          0x08003fed   Thumb Code     4  h1_init_mt.o(.text)
    _malloc_internal                         0x08003ff9   Thumb Code   130  h1_alloc_mt.o(.text)
    malloc                                   0x0800407b   Thumb Code    20  h1_alloc_mt.o(.text)
    __Heap_ProvideMemory                     0x0800408f   Thumb Code    62  h1_extend_mt.o(.text)
    _printf_pre_padding                      0x080040cd   Thumb Code    44  _printf_pad.o(.text)
    _printf_post_padding                     0x080040f9   Thumb Code    34  _printf_pad.o(.text)
    _printf_truncate_signed                  0x0800411b   Thumb Code    18  _printf_truncate.o(.text)
    _printf_truncate_unsigned                0x0800412d   Thumb Code    18  _printf_truncate.o(.text)
    _printf_str                              0x0800413f   Thumb Code    82  _printf_str.o(.text)
    _printf_int_dec                          0x08004191   Thumb Code   104  _printf_dec.o(.text)
    _printf_charcount                        0x08004209   Thumb Code    40  _printf_charcount.o(.text)
    _printf_char_common                      0x0800423b   Thumb Code    32  _printf_char_common.o(.text)
    _sputc                                   0x08004261   Thumb Code    10  _sputc.o(.text)
    _printf_wctomb                           0x0800426d   Thumb Code   182  _printf_wctomb.o(.text)
    _printf_longlong_dec                     0x08004329   Thumb Code   108  _printf_longlong_dec.o(.text)
    _printf_longlong_oct                     0x080043a5   Thumb Code    68  _printf_oct_int_ll.o(.text)
    _printf_int_oct                          0x080043e9   Thumb Code    24  _printf_oct_int_ll.o(.text)
    _printf_ll_oct                           0x08004401   Thumb Code    12  _printf_oct_int_ll.o(.text)
    _printf_longlong_hex                     0x08004415   Thumb Code    86  _printf_hex_int_ll_ptr.o(.text)
    _printf_int_hex                          0x0800446b   Thumb Code    28  _printf_hex_int_ll_ptr.o(.text)
    _printf_ll_hex                           0x08004487   Thumb Code    12  _printf_hex_int_ll_ptr.o(.text)
    _printf_hex_ptr                          0x08004493   Thumb Code    18  _printf_hex_int_ll_ptr.o(.text)
    __printf                                 0x080044a9   Thumb Code   388  __printf_flags_ss_wp.o(.text)
    __cxa_finalize                           0x08004631   Thumb Code    66  cxa_finalize.o(.text)
    __rt_SIGRTMEM                            0x08004673   Thumb Code    14  defsig_rtmem_outer.o(.text)
    __default_new_handler()                  0x08004681   Thumb Code     4  arm_newhandler_noexceptions.o(.text)
    __I$use$semihosting                      0x08004685   Thumb Code     0  use_no_semi.o(.text)
    __use_no_semihosting_swi                 0x08004685   Thumb Code     2  use_no_semi.o(.text)
    __semihosting_library_function           0x08004687   Thumb Code     0  indicate_semi.o(.text)
    _free_internal                           0x08004687   Thumb Code    98  h1_free_mt.o(.text)
    free                                     0x080046e9   Thumb Code    20  h1_free_mt.o(.text)
    _ll_udiv10                               0x080046fd   Thumb Code   138  lludiv10.o(.text)
    _printf_int_common                       0x08004787   Thumb Code   178  _printf_intcommon.o(.text)
    __lib_sel_fp_printf                      0x08004839   Thumb Code     2  _printf_fp_dec.o(.text)
    _printf_fp_dec_real                      0x080049e7   Thumb Code   620  _printf_fp_dec.o(.text)
    _printf_cs_common                        0x08004c53   Thumb Code    20  _printf_char.o(.text)
    _printf_char                             0x08004c67   Thumb Code    16  _printf_char.o(.text)
    _printf_string                           0x08004c77   Thumb Code     8  _printf_char.o(.text)
    _printf_lcs_common                       0x08004c7f   Thumb Code    20  _printf_wchar.o(.text)
    _printf_wchar                            0x08004c93   Thumb Code    16  _printf_wchar.o(.text)
    _printf_wstring                          0x08004ca3   Thumb Code     8  _printf_wchar.o(.text)
    _wcrtomb                                 0x08004cab   Thumb Code    64  _wcrtomb.o(.text)
    __sig_exit                               0x08004ceb   Thumb Code    10  defsig_exit.o(.text)
    __rt_SIGRTMEM_inner                      0x08004cf5   Thumb Code    22  defsig_rtmem_inner.o(.text)
    std::terminate()                         0x08004d45   Thumb Code    26  arm_exceptions_terminate.o(.text)
    _sys_exit                                0x08004d61   Thumb Code     8  sys_exit.o(.text)
    __user_setup_stackheap                   0x08004d6d   Thumb Code    74  sys_stackheap_outer.o(.text)
    __rt_ctype_table                         0x08004db9   Thumb Code    16  rt_ctype_table.o(.text)
    __rt_locale                              0x08004dc9   Thumb Code    10  rt_locale_twolibspace.o(.text)
    _printf_fp_infnan                        0x08004dd5   Thumb Code   112  _printf_fp_infnan.o(.text)
    _btod_etento                             0x08004e55   Thumb Code   216  bigflt0.o(.text)
    abort                                    0x08004f31   Thumb Code    22  abort.o(.text)
    __default_signal_display                 0x08004f47   Thumb Code    50  defsig_general.o(.text)
    __cxa_get_globals                        0x08004f7f   Thumb Code    62  arm_exceptions_globs.o(.text)
    _ttywrch                                 0x08004fc9   Thumb Code    14  sys_wrch.o(.text)
    __rt_eh_globals_addr                     0x08004fd7   Thumb Code    10  rt_eh_globals_addr_twolibspace.o(.text)
    __rt_SIGABRT                             0x08004fe1   Thumb Code    14  defsig_abrt_outer.o(.text)
    strcmp                                   0x08004ff1   Thumb Code   128  strcmpv7m.o(.text)
    __ARM_exceptions_buffer_init             0x08005071   Thumb Code    18  arm_exceptions_mem.o(.text)
    __ARM_exceptions_buffer_allocate         0x08005083   Thumb Code    22  arm_exceptions_mem.o(.text)
    __ARM_exceptions_buffer_free             0x08005099   Thumb Code    20  arm_exceptions_mem.o(.text)
    __rt_SIGABRT_inner                       0x080050ad   Thumb Code    14  defsig_abrt_inner.o(.text)
    _btod_d2e                                0x080050dd   Thumb Code    62  btod.o(CL$$btod_d2e)
    _d2e_denorm_low                          0x0800511b   Thumb Code    70  btod.o(CL$$btod_d2e_denorm_low)
    _d2e_norm_op1                            0x08005161   Thumb Code    96  btod.o(CL$$btod_d2e_norm_op1)
    __btod_div_common                        0x080051c1   Thumb Code   696  btod.o(CL$$btod_div_common)
    _e2e                                     0x080054f9   Thumb Code   198  btod.o(CL$$btod_e2e)
    _btod_ediv                               0x080055bf   Thumb Code    40  btod.o(CL$$btod_ediv)
    _btod_emul                               0x080055e7   Thumb Code    40  btod.o(CL$$btod_emul)
    __btod_mult_common                       0x0800560f   Thumb Code   580  btod.o(CL$$btod_mult_common)
    SVC_Count                                0x08005854   Data           4  svc_table.o(SVC_TABLE)
    SVC_Table                                0x08005858   Data           0  svc_table.o(SVC_TABLE)
    send_data(unsigned char, unsigned char, unsigned short) 0x08005859   Thumb Code   178  task_sending.o(i._Z9send_datahht)
    LCD::~LCD()                              0x08005911   Thumb Code     2  task_lcd.o(i._ZN3LCDD1Ev)
    LCD::~LCD__sub_object()                  0x08005911   Thumb Code     0  task_lcd.o(i._ZN3LCDD1Ev)
    Item::Exec()                             0x08005913   Thumb Code   140  menu.o(i._ZN4Item4ExecEv)
    Item::getType()                          0x0800599f   Thumb Code     6  menu.o(i._ZN4Item7getTypeEv)
    Item::getLabel()                         0x080059a5   Thumb Code     6  task_lcd.o(i._ZN4Item8getLabelEv)
    Item::getValue()                         0x080059ab   Thumb Code    34  task_lcd.o(i._ZN4Item8getValueEv)
    Item::setValue(short, signed char)       0x080059cd   Thumb Code   196  menu.o(i._ZN4Item8setValueEsa)
    Item::Item(unsigned char, Param16*, const char*) 0x08005a91   Thumb Code    22  menu_init.o(i._ZN4ItemC1EhP7Param16PKc)
    Item::Item__sub_object(unsigned char, Param16*, const char*) 0x08005a91   Thumb Code     0  menu_init.o(i._ZN4ItemC1EhP7Param16PKc)
    Item::Item(unsigned char, const char*)   0x08005aa7   Thumb Code    20  menu_init.o(i._ZN4ItemC1EhPKc)
    Item::Item__sub_object(unsigned char, const char*) 0x08005aa7   Thumb Code     0  menu_init.o(i._ZN4ItemC1EhPKc)
    Marx::setUpdated(unsigned char, bool)    0x08005abb   Thumb Code    10  task_sending.o(i._ZN4Marx10setUpdatedEhb)
    Marx::getQty()                           0x08005ac5   Thumb Code     6  task_sending.o(i._ZN4Marx6getQtyEv)
    Marx::getValue(unsigned char)            0x08005acb   Thumb Code    16  marx.o(i._ZN4Marx8getValueEh)
    Marx::setValue(unsigned char, unsigned char, short) 0x08005adb   Thumb Code    74  marx.o(i._ZN4Marx8setValueEhhs)
    Marx::setValue(unsigned char, short)     0x08005b25   Thumb Code    54  task_button.o(i._ZN4Marx8setValueEhs)
    Marx::isUpdated(unsigned char)           0x08005b5b   Thumb Code    12  task_sending.o(i._ZN4Marx9isUpdatedEh)
    Marx::~Marx()                            0x08005b67   Thumb Code     2  variables.o(i._ZN4MarxD1Ev)
    Marx::~Marx__sub_object()                0x08005b67   Thumb Code     0  variables.o(i._ZN4MarxD1Ev)
    Menu::nextCursor()                       0x08005b69   Thumb Code    30  menu.o(i._ZN4Menu10nextCursorEv)
    Menu::prevCursor()                       0x08005b87   Thumb Code    30  menu.o(i._ZN4Menu10prevCursorEv)
    Menu::setPage(Menu_Node*)                0x08005ba5   Thumb Code    22  menu.o(i._ZN4Menu7setPageEP9Menu_Node)
    Menu::setCursor(Menu_Node*)              0x08005bbb   Thumb Code    22  menu.o(i._ZN4Menu9setCursorEP9Menu_Node)
    Menu::~Menu()                            0x08005bd1   Thumb Code     2  variables.o(i._ZN4MenuD1Ev)
    Menu::~Menu__sub_object()                0x08005bd1   Thumb Code     0  variables.o(i._ZN4MenuD1Ev)
    Console::setTrigger(bool)                0x08005bd3   Thumb Code     4  timer_trigger.o(i._ZN7Console10setTriggerEb)
    Console::setUpdated(unsigned char, bool) 0x08005bd7   Thumb Code    10  task_sending.o(i._ZN7Console10setUpdatedEhb)
    Console::setRepetition(bool)             0x08005be1   Thumb Code     4  timer_trigger.o(i._ZN7Console13setRepetitionEb)
    Console::getValue(unsigned char)         0x08005be5   Thumb Code    16  timer_trigger.o(i._ZN7Console8getValueEh)
    Console::~Console()                      0x08005bf5   Thumb Code     2  variables.o(i._ZN7ConsoleD1Ev)
    Console::~Console__sub_object()          0x08005bf5   Thumb Code     0  variables.o(i._ZN7ConsoleD1Ev)
    Param16::Param16(short, short, short, float) 0x08005bf7   Thumb Code    40  marx.o(i._ZN7Param16C1Esssf)
    Param16::Param16__sub_object(short, short, short, float) 0x08005bf7   Thumb Code     0  marx.o(i._ZN7Param16C1Esssf)
    Menu_Node::getCursorHistory()            0x08005c1f   Thumb Code    14  menu.o(i._ZN9Menu_Node16getCursorHistoryEv)
    Menu_Node::setCursorHistory(Menu_Node*)  0x08005c2d   Thumb Code     4  menu.o(i._ZN9Menu_Node16setCursorHistoryEPS_)
    Menu_Node::getID()                       0x08005c31   Thumb Code     8  menu.o(i._ZN9Menu_Node5getIDEv)
    Menu_Node::isToggle()                    0x08005c39   Thumb Code    22  menu.o(i._ZN9Menu_Node8isToggleEv)
    Menu_Node::Menu_Node(short, Item*, Menu_Node*, Menu_Node*) 0x08005c4f   Thumb Code    22  menu.o(i._ZN9Menu_NodeC1EsP4ItemPS_S2_)
    Menu_Node::Menu_Node__sub_object(short, Item*, Menu_Node*, Menu_Node*) 0x08005c4f   Thumb Code     0  menu.o(i._ZN9Menu_NodeC1EsP4ItemPS_S2_)
    operator new(unsigned)                   0x08005c65   Thumb Code    34  new.o(i._Znwj)
    __ARM_fpclassify                         0x08005c8d   Thumb Code    40  fpclassify.o(i.__ARM_fpclassify)
    __cxa_guard_acquire                      0x08005cb5   Thumb Code    16  cxa_guard_acquire.o(i.__cxa_guard_acquire)
    _init_box                                0x08005cc5   Thumb Code    70  rt_membox.o(i._init_box)
    _is_digit                                0x08005d0b   Thumb Code    14  __printf_wp.o(i._is_digit)
    dbg_init                                 0x08005d19   Thumb Code    34  hal_cm.o(i.dbg_init)
    dbg_task_notify                          0x08005d49   Thumb Code    32  hal_cm.o(i.dbg_task_notify)
    dbg_task_switch                          0x08005d69   Thumb Code    16  hal_cm.o(i.dbg_task_switch)
    isrMessageGet                            0x08005d79   Thumb Code    42  rt_cmsis.o(i.isrMessageGet)
    isrMessagePut                            0x08005da3   Thumb Code    44  rt_cmsis.o(i.isrMessagePut)
    isr_mbx_receive                          0x08005dd1   Thumb Code    82  rt_mailbox.o(i.isr_mbx_receive)
    isr_mbx_send                             0x08005e23   Thumb Code    14  rt_mailbox.o(i.isr_mbx_send)
    osDelay                                  0x08005e31   Thumb Code    18  rt_cmsis.o(i.osDelay)
    osKernelInitialize                       0x08005e49   Thumb Code    30  rt_cmsis.o(i.osKernelInitialize)
    osKernelStart                            0x08005e6d   Thumb Code    98  rt_cmsis.o(i.osKernelStart)
    osMessageGet                             0x08005ed9   Thumb Code    18  rt_cmsis.o(i.osMessageGet)
    osThreadCreate                           0x08005ef1   Thumb Code    38  rt_cmsis.o(i.osThreadCreate)
    osThreadExit                             0x08005f21   Thumb Code    14  rt_cmsis.o(i.osThreadExit)
    osTimerCall                              0x08005f39   Thumb Code     8  rt_cmsis.o(i.osTimerCall)
    osTimerCreate                            0x08005f45   Thumb Code    44  rt_cmsis.o(i.osTimerCreate)
    osTimerStart                             0x08005f79   Thumb Code    18  rt_cmsis.o(i.osTimerStart)
    osTimerStop                              0x08005f91   Thumb Code    18  rt_cmsis.o(i.osTimerStop)
    osTimerThread                            0x08005fa9   Thumb Code    38  rt_cmsis.o(i.osTimerThread)
    os_tick_init                             0x08005fd5   Thumb Code    32  rt_system.o(i.os_tick_init)
    os_tick_irqack                           0x08005ffd   Thumb Code     2  rt_system.o(i.os_tick_irqack)
    rt_alloc_box                             0x08005fff   Thumb Code    26  rt_membox.o(i.rt_alloc_box)
    rt_alloc_mem                             0x08006019   Thumb Code    62  rt_memory.o(i.rt_alloc_mem)
    rt_block                                 0x08006059   Thumb Code    48  rt_task.o(i.rt_block)
    rt_chk_robin                             0x08006091   Thumb Code    60  rt_robin.o(i.rt_chk_robin)
    rt_dec_dly                               0x080060d9   Thumb Code   102  rt_list.o(i.rt_dec_dly)
    rt_dispatch                              0x08006149   Thumb Code    60  rt_task.o(i.rt_dispatch)
    rt_dly_wait                              0x0800618d   Thumb Code     6  rt_time.o(i.rt_dly_wait)
    rt_evt_psh                               0x08006195   Thumb Code    76  rt_event.o(i.rt_evt_psh)
    rt_free_box                              0x080061e5   Thumb Code    44  rt_membox.o(i.rt_free_box)
    rt_free_mem                              0x08006211   Thumb Code    40  rt_memory.o(i.rt_free_mem)
    rt_get_first                             0x08006239   Thumb Code    40  rt_list.o(i.rt_get_first)
    rt_init_mem                              0x080062b1   Thumb Code    26  rt_memory.o(i.rt_init_mem)
    rt_init_robin                            0x080062cd   Thumb Code    14  rt_robin.o(i.rt_init_robin)
    rt_init_stack                            0x080062e5   Thumb Code   118  hal_cm.o(i.rt_init_stack)
    rt_mbx_check                             0x08006365   Thumb Code     8  rt_mailbox.o(i.rt_mbx_check)
    rt_mbx_init                              0x0800636d   Thumb Code    26  rt_mailbox.o(i.rt_mbx_init)
    rt_mbx_psh                               0x08006389   Thumb Code   236  rt_mailbox.o(i.rt_mbx_psh)
    rt_mbx_wait                              0x08006479   Thumb Code   174  rt_mailbox.o(i.rt_mbx_wait)
    rt_mut_init                              0x08006571   Thumb Code    16  rt_mutex.o(i.rt_mut_init)
    rt_mut_release                           0x08006581   Thumb Code   208  rt_mutex.o(i.rt_mut_release)
    rt_mut_wait                              0x08006659   Thumb Code   100  rt_mutex.o(i.rt_mut_wait)
    rt_pop_req                               0x080066c1   Thumb Code   112  rt_system.o(i.rt_pop_req)
    rt_psh_req                               0x0800673d   Thumb Code    22  rt_system.o(i.rt_psh_req)
    rt_psq_enq                               0x0800675d   Thumb Code    88  rt_list.o(i.rt_psq_enq)
    rt_put_dly                               0x080067b9   Thumb Code    68  rt_list.o(i.rt_put_dly)
    rt_put_prio                              0x08006801   Thumb Code    54  rt_list.o(i.rt_put_prio)
    rt_put_rdy_first                         0x08006839   Thumb Code    14  rt_list.o(i.rt_put_rdy_first)
    rt_resort_prio                           0x0800684d   Thumb Code    46  rt_list.o(i.rt_resort_prio)
    rt_ret_val                               0x08006881   Thumb Code     6  hal_cm.o(i.rt_ret_val)
    rt_ret_val2                              0x08006887   Thumb Code     8  hal_cm.o(i.rt_ret_val2)
    rt_rmv_dly                               0x0800688f   Thumb Code    40  rt_list.o(i.rt_rmv_dly)
    rt_rmv_list                              0x080068b9   Thumb Code    44  rt_list.o(i.rt_rmv_list)
    rt_sem_psh                               0x080068e9   Thumb Code    48  rt_semaphore.o(i.rt_sem_psh)
    rt_stk_check                             0x0800691d   Thumb Code    28  rt_system.o(i.rt_stk_check)
    rt_switch_req                            0x08006941   Thumb Code    30  rt_task.o(i.rt_switch_req)
    rt_sys_init                              0x08006969   Thumb Code   138  rt_task.o(i.rt_sys_init)
    rt_sys_start                             0x08006a35   Thumb Code   110  rt_task.o(i.rt_sys_start)
    rt_systick                               0x08006aad   Thumb Code    50  rt_system.o(i.rt_systick)
    rt_tsk_create                            0x08006b71   Thumb Code   118  rt_task.o(i.rt_tsk_create)
    rt_tsk_delete                            0x08006bf9   Thumb Code   352  rt_task.o(i.rt_tsk_delete)
    rt_tsk_prio                              0x08006d75   Thumb Code   108  rt_task.o(i.rt_tsk_prio)
    rt_tsk_self                              0x08006df1   Thumb Code    12  rt_task.o(i.rt_tsk_self)
    svcDelay                                 0x08006e01   Thumb Code    18  rt_cmsis.o(i.svcDelay)
    svcKernelInitialize                      0x08006e15   Thumb Code    80  rt_cmsis.o(i.svcKernelInitialize)
    svcKernelStart                           0x08006e85   Thumb Code    62  rt_cmsis.o(i.svcKernelStart)
    svcMessageCreate                         0x08006ecd   Thumb Code    36  rt_cmsis.o(i.svcMessageCreate)
    svcMessageGet                            0x08006ef1   Thumb Code    58  rt_cmsis.o(i.svcMessageGet)
    svcThreadCreate                          0x08006f2d   Thumb Code   100  rt_cmsis.o(i.svcThreadCreate)
    svcThreadGetId                           0x08006f9d   Thumb Code    22  rt_cmsis.o(i.svcThreadGetId)
    svcThreadTerminate                       0x08006fb9   Thumb Code    50  rt_cmsis.o(i.svcThreadTerminate)
    svcTimerCall                             0x08006ff1   Thumb Code    24  rt_cmsis.o(i.svcTimerCall)
    svcTimerCreate                           0x08007009   Thumb Code    52  rt_cmsis.o(i.svcTimerCreate)
    svcTimerStart                            0x08007041   Thumb Code    96  rt_cmsis.o(i.svcTimerStart)
    svcTimerStop                             0x080070a5   Thumb Code    36  rt_cmsis.o(i.svcTimerStop)
    sysTimerTick                             0x080070c9   Thumb Code    84  rt_cmsis.o(i.sysTimerTick)
    _get_lc_numeric                          0x08007125   Thumb Code    44  lc_numeric_c.o(locale$$code)
    _get_lc_ctype                            0x08007151   Thumb Code    44  lc_ctype_c.o(locale$$code)
    __aeabi_ddiv                             0x0800717d   Thumb Code     0  ddiv.o(x$fpl$ddiv)
    _ddiv                                    0x0800717d   Thumb Code   552  ddiv.o(x$fpl$ddiv)
    __aeabi_d2uiz                            0x0800742d   Thumb Code     0  dfixu.o(x$fpl$dfixu)
    _dfixu                                   0x0800742d   Thumb Code    90  dfixu.o(x$fpl$dfixu)
    __aeabi_i2d                              0x08007487   Thumb Code     0  dflt_clz.o(x$fpl$dflt)
    _dflt                                    0x08007487   Thumb Code    46  dflt_clz.o(x$fpl$dflt)
    __fpl_dnaninf                            0x080074b5   Thumb Code   156  dnaninf.o(x$fpl$dnaninf)
    __fpl_dretinf                            0x08007551   Thumb Code    12  dretinf.o(x$fpl$dretinf)
    __aeabi_f2d                              0x0800755d   Thumb Code     0  f2d.o(x$fpl$f2d)
    _f2d                                     0x0800755d   Thumb Code    86  f2d.o(x$fpl$f2d)
    __aeabi_i2f                              0x080075b5   Thumb Code     0  fflt_clz.o(x$fpl$fflt)
    _fflt                                    0x080075b5   Thumb Code    48  fflt_clz.o(x$fpl$fflt)
    __aeabi_fmul                             0x080075e5   Thumb Code     0  fmul.o(x$fpl$fmul)
    _fmul                                    0x080075e5   Thumb Code   258  fmul.o(x$fpl$fmul)
    __fpl_fnaninf                            0x080076e7   Thumb Code   140  fnaninf.o(x$fpl$fnaninf)
    __fpl_fretinf                            0x08007773   Thumb Code    10  fretinf.o(x$fpl$fretinf)
    _printf_fp_dec                           0x0800777d   Thumb Code     4  printf1.o(x$fpl$printf1)
    __I$use$fp                               0x08007780   Number         0  usenofp.o(x$fpl$usenofp)
    os_maxtaskrun                            0x080077b8   Data           2  rtx_conf_cm.o(.constdata)
    os_stackinfo                             0x080077bc   Data           4  rtx_conf_cm.o(.constdata)
    os_rrobin                                0x080077c0   Data           4  rtx_conf_cm.o(.constdata)
    os_tickfreq                              0x080077c4   Data           4  rtx_conf_cm.o(.constdata)
    os_tickus_i                              0x080077c8   Data           2  rtx_conf_cm.o(.constdata)
    os_tickus_f                              0x080077ca   Data           2  rtx_conf_cm.o(.constdata)
    os_trv                                   0x080077cc   Data           4  rtx_conf_cm.o(.constdata)
    os_flags                                 0x080077d0   Data           1  rtx_conf_cm.o(.constdata)
    CMSIS_RTOS_API_Version                   0x080077d4   Data           4  rtx_conf_cm.o(.constdata)
    CMSIS_RTOS_RTX_Version                   0x080077d8   Data           4  rtx_conf_cm.o(.constdata)
    os_clockrate                             0x080077dc   Data           4  rtx_conf_cm.o(.constdata)
    os_timernum                              0x080077e0   Data           4  rtx_conf_cm.o(.constdata)
    mp_tcb_size                              0x080077e4   Data           2  rtx_conf_cm.o(.constdata)
    mp_stk_size                              0x080077e8   Data           4  rtx_conf_cm.o(.constdata)
    os_stack_sz                              0x080077ec   Data           4  rtx_conf_cm.o(.constdata)
    os_fifo_size                             0x080077f0   Data           1  rtx_conf_cm.o(.constdata)
    os_thread_def_osTimerThread              0x080077f4   Data          16  rtx_conf_cm.o(.constdata)
    os_messageQ_def_osTimerMessageQ          0x08007804   Data           8  rtx_conf_cm.o(.constdata)
    mp_tmr_size                              0x0800780c   Data           2  rtx_conf_cm.o(.constdata)
    Region$$Table$$Base                      0x080078e8   Number         0  anon$$obj.o(Region$$Table)
    Region$$Table$$Limit                     0x08007908   Number         0  anon$$obj.o(Region$$Table)
    __ctype                                  0x08007931   Data           0  lc_ctype_c.o(locale$$data)
    SHT$$INIT_ARRAY$$Base                    0x08007a34   Number         0  variables.o(.init_array)
    SHT$$INIT_ARRAY$$Limit                   0x08007a38   Number         0  init_aeabi.o(.init_array)
    HeapZone                                 0x20000000   Data           1  variables.o(.data)
    volt_pval                                0x20000002   Data          14  variables.o(.data)
    volt_pmin                                0x20000010   Data          14  variables.o(.data)
    volt_pmax                                0x2000001e   Data          14  variables.o(.data)
    volt_punit                               0x2000002c   Data          28  variables.o(.data)
    curr_pval                                0x20000048   Data          14  variables.o(.data)
    curr_pmin                                0x20000056   Data          14  variables.o(.data)
    curr_pmax                                0x20000064   Data          14  variables.o(.data)
    curr_punit                               0x20000074   Data          28  variables.o(.data)
    console_pval                             0x20000090   Data           6  variables.o(.data)
    console_pmin                             0x20000096   Data           6  variables.o(.data)
    console_pmax                             0x2000009c   Data           6  variables.o(.data)
    console_punit                            0x200000a4   Data          12  variables.o(.data)
    id_tsk_lcd                               0x200000b0   Data           4  task.o(.data)
    id_tsk_btn                               0x200000b4   Data           4  task.o(.data)
    id_tsk_sending                           0x200000b8   Data           4  task.o(.data)
    id_tmr_trigger                           0x200000bc   Data           4  task.o(.data)
    osThreadId_osTimerThread                 0x200000e0   Data           4  rtx_conf_cm.o(.data)
    osMessageQId_osTimerMessageQ             0x200000e4   Data           4  rtx_conf_cm.o(.data)
    os_tmr                                   0x200000e8   Data           4  rtx_conf_cm.o(.data)
    m_tmr                                    0x200000ec   Data           4  rtx_conf_cm.o(.data)
    os_thread_def_main                       0x200000f4   Data          16  rtx_conf_cm.o(.data)
    SystemCoreClock                          0x20000118   Data           4  system_stm32f10x.o(.data)
    AHBPrescTable                            0x2000011c   Data          16  system_stm32f10x.o(.data)
    os_initialized                           0x2000012c   Data           1  rt_cmsis.o(.data)
    os_running                               0x2000012d   Data           1  rt_cmsis.o(.data)
    os_timer_head                            0x20000130   Data           4  rt_cmsis.o(.data)
    os_tsk                                   0x20000134   Data           8  rt_task.o(.data)
    os_tick_irqn                             0x20000140   Data           4  rt_system.o(.data)
    os_time                                  0x20000144   Data           4  rt_time.o(.data)
    os_robin                                 0x20000148   Data           8  rt_robin.o(.data)
    dbg_msg                                  0x20000150   Data           1  hal_cm.o(.data)
    heap_zone                                0x20000154   Data        8000  type.o(.bss)
    Main_Menu                                0x20002094   Data          20  variables.o(.bss)
    Voltage_Source                           0x200020a8   Data         484  variables.o(.bss)
    Current_Source                           0x2000228c   Data         484  variables.o(.bss)
    Main_Console                             0x20002470   Data          20  variables.o(.bss)
    os_timer_cb_tmr_Trigger                  0x20002484   Data          24  task.o(.bss)
    mp_tcb                                   0x200024d8   Data         376  rtx_conf_cm.o(.bss)
    mp_stk                                   0x20002650   Data         616  rtx_conf_cm.o(.bss)
    os_stack_mem                             0x200028b8   Data        4456  rtx_conf_cm.o(.bss)
    os_fifo                                  0x20003a20   Data         132  rtx_conf_cm.o(.bss)
    os_active_TCB                            0x20003aa4   Data          28  rtx_conf_cm.o(.bss)
    os_messageQ_q_osTimerMessageQ            0x20003ac0   Data          32  rtx_conf_cm.o(.bss)
    os_idle_TCB                              0x20003e00   Data          52  rt_task.o(.bss)
    os_rdy                                   0x20003e34   Data          24  rt_list.o(.bss)
    os_dly                                   0x20003e4c   Data          24  rt_list.o(.bss)
    __libspace_start                         0x20003e64   Data          96  libspace.o(.bss)
    __temporary_stack_top$libspace           0x20003ec4   Data           0  libspace.o(.bss)



==============================================================================

Memory Map of the image

  Image Entry point : 0x080000ed

  Load Region LR_IROM1 (Base: 0x08000000, Size: 0x00007b8c, Max: 0x00010000, ABSOLUTE, COMPRESSED[0x00007a98])

    Execution Region ER_IROM1 (Base: 0x08000000, Size: 0x00007a38, Max: 0x00010000, ABSOLUTE)

    Base Addr    Size         Type   Attr      Idx    E Section Name        Object

    0x08000000   0x000000ec   Data   RO         1273    RESET               startup_stm32f10x_md.o
    0x080000ec   0x00000008   Code   RO         2587  * !!!main             c_w.l(__main.o)
    0x080000f4   0x00000034   Code   RO         3229    !!!scatter          c_w.l(__scatter.o)
    0x08000128   0x0000005a   Code   RO         3227    !!dczerorl2         c_w.l(__dczerorl2.o)
    0x08000182   0x00000002   PAD
    0x08000184   0x0000001c   Code   RO         3231    !!handler_zi        c_w.l(__scatter_zi.o)
    0x080001a0   0x00000000   Code   RO         2810    .ARM.Collect$$_printf_percent$$00000000  c_w.l(_printf_percent.o)
    0x080001a0   0x00000006   Code   RO         2799    .ARM.Collect$$_printf_percent$$00000001  c_w.l(_printf_n.o)
    0x080001a6   0x00000006   Code   RO         2801    .ARM.Collect$$_printf_percent$$00000002  c_w.l(_printf_p.o)
    0x080001ac   0x00000006   Code   RO         2806    .ARM.Collect$$_printf_percent$$00000003  c_w.l(_printf_f.o)
    0x080001b2   0x00000006   Code   RO         2807    .ARM.Collect$$_printf_percent$$00000004  c_w.l(_printf_e.o)
    0x080001b8   0x00000006   Code   RO         2808    .ARM.Collect$$_printf_percent$$00000005  c_w.l(_printf_g.o)
    0x080001be   0x00000006   Code   RO         2809    .ARM.Collect$$_printf_percent$$00000006  c_w.l(_printf_a.o)
    0x080001c4   0x0000000a   Code   RO         2814    .ARM.Collect$$_printf_percent$$00000007  c_w.l(_printf_ll.o)
    0x080001ce   0x00000006   Code   RO         2803    .ARM.Collect$$_printf_percent$$00000008  c_w.l(_printf_i.o)
    0x080001d4   0x00000006   Code   RO         2804    .ARM.Collect$$_printf_percent$$00000009  c_w.l(_printf_d.o)
    0x080001da   0x00000006   Code   RO         2805    .ARM.Collect$$_printf_percent$$0000000A  c_w.l(_printf_u.o)
    0x080001e0   0x00000006   Code   RO         2802    .ARM.Collect$$_printf_percent$$0000000B  c_w.l(_printf_o.o)
    0x080001e6   0x00000006   Code   RO         2800    .ARM.Collect$$_printf_percent$$0000000C  c_w.l(_printf_x.o)
    0x080001ec   0x00000006   Code   RO         2811    .ARM.Collect$$_printf_percent$$0000000D  c_w.l(_printf_lli.o)
    0x080001f2   0x00000006   Code   RO         2812    .ARM.Collect$$_printf_percent$$0000000E  c_w.l(_printf_lld.o)
    0x080001f8   0x00000006   Code   RO         2813    .ARM.Collect$$_printf_percent$$0000000F  c_w.l(_printf_llu.o)
    0x080001fe   0x00000006   Code   RO         2818    .ARM.Collect$$_printf_percent$$00000010  c_w.l(_printf_llo.o)
    0x08000204   0x00000006   Code   RO         2819    .ARM.Collect$$_printf_percent$$00000011  c_w.l(_printf_llx.o)
    0x0800020a   0x0000000a   Code   RO         2815    .ARM.Collect$$_printf_percent$$00000012  c_w.l(_printf_l.o)
    0x08000214   0x00000006   Code   RO         2797    .ARM.Collect$$_printf_percent$$00000013  c_w.l(_printf_c.o)
    0x0800021a   0x00000006   Code   RO         2798    .ARM.Collect$$_printf_percent$$00000014  c_w.l(_printf_s.o)
    0x08000220   0x00000006   Code   RO         2816    .ARM.Collect$$_printf_percent$$00000015  c_w.l(_printf_lc.o)
    0x08000226   0x00000006   Code   RO         2817    .ARM.Collect$$_printf_percent$$00000016  c_w.l(_printf_ls.o)
    0x0800022c   0x00000004   Code   RO         2925    .ARM.Collect$$_printf_percent$$00000017  c_w.l(_printf_percent_end.o)
    0x08000230   0x00000002   Code   RO         3145    .ARM.Collect$$libinit$$00000000  c_w.l(libinit.o)
    0x08000232   0x00000000   Code   RO         2543    .ARM.Collect$$libinit$$00000002  c_w.l(libinit2.o)
    0x08000232   0x00000000   Code   RO         2545    .ARM.Collect$$libinit$$00000004  c_w.l(libinit2.o)
    0x08000232   0x00000008   Code   RO         2546    .ARM.Collect$$libinit$$00000005  c_w.l(libinit2.o)
    0x0800023a   0x00000000   Code   RO         2548    .ARM.Collect$$libinit$$0000000A  c_w.l(libinit2.o)
    0x0800023a   0x00000000   Code   RO         2550    .ARM.Collect$$libinit$$0000000C  c_w.l(libinit2.o)
    0x0800023a   0x00000000   Code   RO         2552    .ARM.Collect$$libinit$$0000000E  c_w.l(libinit2.o)
    0x0800023a   0x00000006   Code   RO         2553    .ARM.Collect$$libinit$$0000000F  c_w.l(libinit2.o)
    0x08000240   0x00000000   Code   RO         2555    .ARM.Collect$$libinit$$00000011  c_w.l(libinit2.o)
    0x08000240   0x0000000c   Code   RO         2556    .ARM.Collect$$libinit$$00000012  c_w.l(libinit2.o)
    0x0800024c   0x00000000   Code   RO         2557    .ARM.Collect$$libinit$$00000013  c_w.l(libinit2.o)
    0x0800024c   0x00000000   Code   RO         2559    .ARM.Collect$$libinit$$00000015  c_w.l(libinit2.o)
    0x0800024c   0x0000000a   Code   RO         2560    .ARM.Collect$$libinit$$00000016  c_w.l(libinit2.o)
    0x08000256   0x00000000   Code   RO         2561    .ARM.Collect$$libinit$$00000017  c_w.l(libinit2.o)
    0x08000256   0x00000000   Code   RO         2563    .ARM.Collect$$libinit$$00000019  c_w.l(libinit2.o)
    0x08000256   0x00000000   Code   RO         2565    .ARM.Collect$$libinit$$0000001B  c_w.l(libinit2.o)
    0x08000256   0x00000000   Code   RO         2567    .ARM.Collect$$libinit$$0000001D  c_w.l(libinit2.o)
    0x08000256   0x00000000   Code   RO         2569    .ARM.Collect$$libinit$$0000001F  c_w.l(libinit2.o)
    0x08000256   0x00000000   Code   RO         2571    .ARM.Collect$$libinit$$00000021  c_w.l(libinit2.o)
    0x08000256   0x00000000   Code   RO         2573    .ARM.Collect$$libinit$$00000023  c_w.l(libinit2.o)
    0x08000256   0x00000000   Code   RO         2575    .ARM.Collect$$libinit$$00000025  c_w.l(libinit2.o)
    0x08000256   0x00000000   Code   RO         2579    .ARM.Collect$$libinit$$0000002C  c_w.l(libinit2.o)
    0x08000256   0x00000000   Code   RO         2581    .ARM.Collect$$libinit$$0000002E  c_w.l(libinit2.o)
    0x08000256   0x00000000   Code   RO         2583    .ARM.Collect$$libinit$$00000030  c_w.l(libinit2.o)
    0x08000256   0x00000004   Code   RO         2584    .ARM.Collect$$libinit$$00000031  c_w.l(libinit2.o)
    0x0800025a   0x00000000   Code   RO         2585    .ARM.Collect$$libinit$$00000032  c_w.l(libinit2.o)
    0x0800025a   0x00000002   Code   RO         2586    .ARM.Collect$$libinit$$00000033  c_w.l(libinit2.o)
    0x0800025c   0x00000002   Code   RO         3146    .ARM.Collect$$libshutdown$$00000000  c_w.l(libshutdown.o)
    0x0800025e   0x00000006   Code   RO         2938    .ARM.Collect$$libshutdown$$00000001  c_w.l(libshutdown2.o)
    0x08000264   0x00000000   Code   RO         2939    .ARM.Collect$$libshutdown$$00000002  c_w.l(libshutdown2.o)
    0x08000264   0x00000000   Code   RO         2941    .ARM.Collect$$libshutdown$$00000004  c_w.l(libshutdown2.o)
    0x08000264   0x00000000   Code   RO         2944    .ARM.Collect$$libshutdown$$00000007  c_w.l(libshutdown2.o)
    0x08000264   0x00000000   Code   RO         2947    .ARM.Collect$$libshutdown$$0000000A  c_w.l(libshutdown2.o)
    0x08000264   0x00000000   Code   RO         2949    .ARM.Collect$$libshutdown$$0000000C  c_w.l(libshutdown2.o)
    0x08000264   0x00000000   Code   RO         2952    .ARM.Collect$$libshutdown$$0000000F  c_w.l(libshutdown2.o)
    0x08000264   0x00000002   Code   RO         2953    .ARM.Collect$$libshutdown$$00000010  c_w.l(libshutdown2.o)
    0x08000266   0x00000000   Code   RO         2631    .ARM.Collect$$rtentry$$00000000  c_w.l(__rtentry.o)
    0x08000266   0x00000000   Code   RO         2868    .ARM.Collect$$rtentry$$00000002  c_w.l(__rtentry2.o)
    0x08000266   0x00000006   Code   RO         2880    .ARM.Collect$$rtentry$$00000004  c_w.l(__rtentry4.o)
    0x0800026c   0x00000000   Code   RO         2870    .ARM.Collect$$rtentry$$00000009  c_w.l(__rtentry2.o)
    0x0800026c   0x00000004   Code   RO         2871    .ARM.Collect$$rtentry$$0000000A  c_w.l(__rtentry2.o)
    0x08000270   0x00000008   Code   RO         2872    .ARM.Collect$$rtentry$$0000000B  c_w.l(__rtentry2.o)
    0x08000278   0x00000008   Code   RO         2874    .ARM.Collect$$rtentry$$0000000D  c_w.l(__rtentry2.o)
    0x08000280   0x00000002   Code   RO         2632    .ARM.Collect$$rtexit$$00000000  c_w.l(rtexit.o)
    0x08000282   0x00000000   Code   RO         2883    .ARM.Collect$$rtexit$$00000002  c_w.l(rtexit2.o)
    0x08000282   0x00000004   Code   RO         2884    .ARM.Collect$$rtexit$$00000003  c_w.l(rtexit2.o)
    0x08000286   0x00000006   Code   RO         2885    .ARM.Collect$$rtexit$$00000004  c_w.l(rtexit2.o)
    0x0800028c   0x0000001c   Code   RO          938    .emb_text           rtx_conf_cm.o
    0x080002a8   0x00000130   Code   RO         2506    .emb_text           RTX_CM3.lib(hal_cm3.o)
    0x080003d8   0x00000000   Code   RO         2665    .emb_text           c_w.l(maybetermalloc1.o)
    0x080003d8   0x000001f0   Code   RO          100    .text               lcd.o
    0x080005c8   0x0000027c   Code   RO          150    .text               menu.o
    0x08000844   0x000001a4   Code   RO          285    .text               marx.o
    0x080009e8   0x000002c0   Code   RO          358    .text               peripheral.o
    0x08000ca8   0x000000d8   Code   RO          383    .text               variables.o
    0x08000d80   0x00000280   Code   RO          445    .text               menu_init.o
    0x08001000   0x00000060   Code   RO          510    .text               task.o
    0x08001060   0x000001a4   Code   RO          550    .text               task_button.o
    0x08001204   0x00000744   Code   RO          607    .text               task_lcd.o
    0x08001948   0x000002ec   Code   RO          698    .text               task_sending.o
    0x08001c34   0x000001fc   Code   RO          781    .text               timer_trigger.o
    0x08001e30   0x00000078   Code   RO          849    .text               main.o
    0x08001ea8   0x000000a4   Code   RO          939    .text               rtx_conf_cm.o
    0x08001f4c   0x000004a4   Code   RO         1104    .text               stm32f10x_flash.o
    0x080023f0   0x00000298   Code   RO         1128    .text               stm32f10x_gpio.o
    0x08002688   0x000002f4   Code   RO         1176    .text               stm32f10x_rcc.o
    0x0800297c   0x000002b4   Code   RO         1202    .text               stm32f10x_spi.o
    0x08002c30   0x00000c2a   Code   RO         1226    .text               stm32f10x_tim.o
    0x0800385a   0x00000002   PAD
    0x0800385c   0x0000039c   Code   RO         1250    .text               stm32f10x_usart.o
    0x08003bf8   0x00000040   Code   RO         1274    .text               startup_stm32f10x_md.o
    0x08003c38   0x00000174   Code   RO         1281    .text               system_stm32f10x.o
    0x08003dac   0x00000008   Code   RO         2521    .text               c_w.l(libspace.o)
    0x08003db4   0x0000008a   Code   RO         2524    .text               c_w.l(init_alloc.o)
    0x08003e3e   0x000000ee   Code   RO         2526    .text               c_w.l(lludivv7m.o)
    0x08003f2c   0x00000024   Code   RO         2528    .text               c_w.l(c89vsprintf.o)
    0x08003f50   0x00000012   Code   RO         2530    .text               c_w.l(exit.o)
    0x08003f62   0x0000002e   Code   RO         2535    .text               c_w.l(aeabi_atexit.o)
    0x08003f90   0x00000006   Code   RO         2538    .text               c_w.l(heapauxi.o)
    0x08003f96   0x00000002   PAD
    0x08003f98   0x00000024   Code   RO         2592    .text               c_w.l(init_aeabi.o)
    0x08003fbc   0x0000000a   Code   RO         2643    .text               c_w.l(rt_heap_descriptor_twolibspace.o)
    0x08003fc6   0x0000000a   Code   RO         2650    .text               c_w.l(rt_new_handler_addr_twolibspace.o)
    0x08003fd0   0x0000000a   Code   RO         2657    .text               c_w.l(rt_ddtor_pointer_addr_twolibspace.o)
    0x08003fda   0x00000004   Code   RO         2659    .text               c_w.l(hguard.o)
    0x08003fde   0x00000012   Code   RO         2673    .text               c_w.l(h1_init_mt.o)
    0x08003ff0   0x0000009e   Code   RO         2675    .text               c_w.l(h1_alloc_mt.o)
    0x0800408e   0x0000003e   Code   RO         2677    .text               c_w.l(h1_extend_mt.o)
    0x080040cc   0x0000004e   Code   RO         2731    .text               c_w.l(_printf_pad.o)
    0x0800411a   0x00000024   Code   RO         2733    .text               c_w.l(_printf_truncate.o)
    0x0800413e   0x00000052   Code   RO         2735    .text               c_w.l(_printf_str.o)
    0x08004190   0x00000078   Code   RO         2737    .text               c_w.l(_printf_dec.o)
    0x08004208   0x00000028   Code   RO         2739    .text               c_w.l(_printf_charcount.o)
    0x08004230   0x00000030   Code   RO         2741    .text               c_w.l(_printf_char_common.o)
    0x08004260   0x0000000a   Code   RO         2743    .text               c_w.l(_sputc.o)
    0x0800426a   0x00000002   PAD
    0x0800426c   0x000000bc   Code   RO         2745    .text               c_w.l(_printf_wctomb.o)
    0x08004328   0x0000007c   Code   RO         2748    .text               c_w.l(_printf_longlong_dec.o)
    0x080043a4   0x00000070   Code   RO         2754    .text               c_w.l(_printf_oct_int_ll.o)
    0x08004414   0x00000094   Code   RO         2774    .text               c_w.l(_printf_hex_int_ll_ptr.o)
    0x080044a8   0x00000188   Code   RO         2794    .text               c_w.l(__printf_flags_ss_wp.o)
    0x08004630   0x00000042   Code   RO         2820    .text               c_w.l(cxa_finalize.o)
    0x08004672   0x0000000e   Code   RO         2823    .text               c_w.l(defsig_rtmem_outer.o)
    0x08004680   0x00000004   Code   RO         2835    .text               cpprt_w.l(arm_newhandler_noexceptions.o)
    0x08004684   0x00000002   Code   RO         2864    .text               c_w.l(use_no_semi.o)
    0x08004686   0x00000000   Code   RO         2866    .text               c_w.l(indicate_semi.o)
    0x08004686   0x00000076   Code   RO         2901    .text               c_w.l(h1_free_mt.o)
    0x080046fc   0x0000008a   Code   RO         2913    .text               c_w.l(lludiv10.o)
    0x08004786   0x000000b2   Code   RO         2915    .text               c_w.l(_printf_intcommon.o)
    0x08004838   0x0000041a   Code   RO         2917    .text               c_w.l(_printf_fp_dec.o)
    0x08004c52   0x0000002c   Code   RO         2921    .text               c_w.l(_printf_char.o)
    0x08004c7e   0x0000002c   Code   RO         2923    .text               c_w.l(_printf_wchar.o)
    0x08004caa   0x00000040   Code   RO         2926    .text               c_w.l(_wcrtomb.o)
    0x08004cea   0x0000000a   Code   RO         2928    .text               c_w.l(defsig_exit.o)
    0x08004cf4   0x00000050   Code   RO         2930    .text               c_w.l(defsig_rtmem_inner.o)
    0x08004d44   0x0000001a   Code   RO         3076    .text               cpprt_w.l(arm_exceptions_terminate.o)
    0x08004d5e   0x00000002   PAD
    0x08004d60   0x0000000c   Code   RO         3082    .text               c_w.l(sys_exit.o)
    0x08004d6c   0x0000004a   Code   RO         3084    .text               c_w.l(sys_stackheap_outer.o)
    0x08004db6   0x00000002   PAD
    0x08004db8   0x00000010   Code   RO         3086    .text               c_w.l(rt_ctype_table.o)
    0x08004dc8   0x0000000a   Code   RO         3093    .text               c_w.l(rt_locale_twolibspace.o)
    0x08004dd2   0x00000002   PAD
    0x08004dd4   0x00000080   Code   RO         3099    .text               c_w.l(_printf_fp_infnan.o)
    0x08004e54   0x000000dc   Code   RO         3101    .text               c_w.l(bigflt0.o)
    0x08004f30   0x00000016   Code   RO         3129    .text               c_w.l(abort.o)
    0x08004f46   0x00000032   Code   RO         3133    .text               c_w.l(defsig_general.o)
    0x08004f78   0x00000050   Code   RO         3163    .text               cpprt_w.l(arm_exceptions_globs.o)
    0x08004fc8   0x0000000e   Code   RO         3177    .text               c_w.l(sys_wrch.o)
    0x08004fd6   0x0000000a   Code   RO         3184    .text               c_w.l(rt_eh_globals_addr_twolibspace.o)
    0x08004fe0   0x0000000e   Code   RO         3191    .text               c_w.l(defsig_abrt_outer.o)
    0x08004fee   0x00000002   PAD
    0x08004ff0   0x00000080   Code   RO         3199    .text               c_w.l(strcmpv7m.o)
    0x08005070   0x0000003c   Code   RO         3204    .text               cpprt_w.l(arm_exceptions_mem.o)
    0x080050ac   0x00000030   Code   RO         3211    .text               c_w.l(defsig_abrt_inner.o)
    0x080050dc   0x0000003e   Code   RO         3104    CL$$btod_d2e        c_w.l(btod.o)
    0x0800511a   0x00000046   Code   RO         3106    CL$$btod_d2e_denorm_low  c_w.l(btod.o)
    0x08005160   0x00000060   Code   RO         3105    CL$$btod_d2e_norm_op1  c_w.l(btod.o)
    0x080051c0   0x00000338   Code   RO         3114    CL$$btod_div_common  c_w.l(btod.o)
    0x080054f8   0x000000c6   Code   RO         3111    CL$$btod_e2e        c_w.l(btod.o)
    0x080055be   0x00000028   Code   RO         3108    CL$$btod_ediv       c_w.l(btod.o)
    0x080055e6   0x00000028   Code   RO         3107    CL$$btod_emul       c_w.l(btod.o)
    0x0800560e   0x00000244   Code   RO         3113    CL$$btod_mult_common  c_w.l(btod.o)
    0x08005852   0x00000002   PAD
    0x08005854   0x00000004   Code   RO         2516    SVC_TABLE           RTX_CM3.lib(svc_table.o)
    0x08005858   0x000000b8   Code   RO          718    i._Z9send_datahht   task_sending.o
    0x08005910   0x00000002   Code   RO          640    i._ZN3LCDD1Ev       task_lcd.o
    0x08005912   0x0000008c   Code   RO          174    i._ZN4Item4ExecEv   menu.o
    0x0800599e   0x00000006   Code   RO          210    i._ZN4Item7getTypeEv  menu.o
    0x080059a4   0x00000006   Code   RO          634    i._ZN4Item8getLabelEv  task_lcd.o
    0x080059aa   0x00000022   Code   RO          628    i._ZN4Item8getValueEv  task_lcd.o
    0x080059cc   0x000000c4   Code   RO          168    i._ZN4Item8setValueEsa  menu.o
    0x08005a90   0x00000016   Code   RO          470    i._ZN4ItemC1EhP7Param16PKc  menu_init.o
    0x08005aa6   0x00000014   Code   RO          464    i._ZN4ItemC1EhPKc   menu_init.o
    0x08005aba   0x0000000a   Code   RO          737    i._ZN4Marx10setUpdatedEhb  task_sending.o
    0x08005ac4   0x00000006   Code   RO          731    i._ZN4Marx6getQtyEv  task_sending.o
    0x08005aca   0x00000010   Code   RO          315    i._ZN4Marx8getValueEh  marx.o
    0x08005ada   0x0000004a   Code   RO          309    i._ZN4Marx8setValueEhhs  marx.o
    0x08005b24   0x00000036   Code   RO          570    i._ZN4Marx8setValueEhs  task_button.o
    0x08005b5a   0x0000000c   Code   RO          743    i._ZN4Marx9isUpdatedEh  task_sending.o
    0x08005b66   0x00000002   Code   RO          403    i._ZN4MarxD1Ev      variables.o
    0x08005b68   0x0000001e   Code   RO          198    i._ZN4Menu10nextCursorEv  menu.o
    0x08005b86   0x0000001e   Code   RO          204    i._ZN4Menu10prevCursorEv  menu.o
    0x08005ba4   0x00000016   Code   RO          186    i._ZN4Menu7setPageEP9Menu_Node  menu.o
    0x08005bba   0x00000016   Code   RO          192    i._ZN4Menu9setCursorEP9Menu_Node  menu.o
    0x08005bd0   0x00000002   Code   RO          415    i._ZN4MenuD1Ev      variables.o
    0x08005bd2   0x00000004   Code   RO          800    i._ZN7Console10setTriggerEb  timer_trigger.o
    0x08005bd6   0x0000000a   Code   RO          725    i._ZN7Console10setUpdatedEhb  task_sending.o
    0x08005be0   0x00000004   Code   RO          806    i._ZN7Console13setRepetitionEb  timer_trigger.o
    0x08005be4   0x00000010   Code   RO          812    i._ZN7Console8getValueEh  timer_trigger.o
    0x08005bf4   0x00000002   Code   RO          409    i._ZN7ConsoleD1Ev   variables.o
    0x08005bf6   0x00000028   Code   RO          303    i._ZN7Param16C1Esssf  marx.o
    0x08005c1e   0x0000000e   Code   RO          222    i._ZN9Menu_Node16getCursorHistoryEv  menu.o
    0x08005c2c   0x00000004   Code   RO          228    i._ZN9Menu_Node16setCursorHistoryEPS_  menu.o
    0x08005c30   0x00000008   Code   RO          216    i._ZN9Menu_Node5getIDEv  menu.o
    0x08005c38   0x00000016   Code   RO          234    i._ZN9Menu_Node8isToggleEv  menu.o
    0x08005c4e   0x00000016   Code   RO          180    i._ZN9Menu_NodeC1EsP4ItemPS_S2_  menu.o
    0x08005c64   0x00000028   Code   RO         2595    i._Znwj             cpprt_w.l(new.o)
    0x08005c8c   0x00000028   Code   RO         3175    i.__ARM_fpclassify  m_ws.l(fpclassify.o)
    0x08005cb4   0x00000010   Code   RO         2599    i.__cxa_guard_acquire  cpprt_w.l(cxa_guard_acquire.o)
    0x08005cc4   0x00000046   Code   RO         2405    i._init_box         RTX_CM3.lib(rt_membox.o)
    0x08005d0a   0x0000000e   Code   RO         2787    i._is_digit         c_w.l(__printf_wp.o)
    0x08005d18   0x00000030   Code   RO         2458    i.dbg_init          RTX_CM3.lib(hal_cm.o)
    0x08005d48   0x00000020   Code   RO         2459    i.dbg_task_notify   RTX_CM3.lib(hal_cm.o)
    0x08005d68   0x00000010   Code   RO         2460    i.dbg_task_switch   RTX_CM3.lib(hal_cm.o)
    0x08005d78   0x0000002a   Code   RO         1311    i.isrMessageGet     RTX_CM3.lib(rt_cmsis.o)
    0x08005da2   0x0000002c   Code   RO         1312    i.isrMessagePut     RTX_CM3.lib(rt_cmsis.o)
    0x08005dce   0x00000002   PAD
    0x08005dd0   0x00000052   Code   RO         2260    i.isr_mbx_receive   RTX_CM3.lib(rt_mailbox.o)
    0x08005e22   0x0000000e   Code   RO         2261    i.isr_mbx_send      RTX_CM3.lib(rt_mailbox.o)
    0x08005e30   0x00000018   Code   RO         1315    i.osDelay           RTX_CM3.lib(rt_cmsis.o)
    0x08005e48   0x00000024   Code   RO         1316    i.osKernelInitialize  RTX_CM3.lib(rt_cmsis.o)
    0x08005e6c   0x0000006c   Code   RO         1318    i.osKernelStart     RTX_CM3.lib(rt_cmsis.o)
    0x08005ed8   0x00000018   Code   RO         1327    i.osMessageGet      RTX_CM3.lib(rt_cmsis.o)
    0x08005ef0   0x00000030   Code   RO         1344    i.osThreadCreate    RTX_CM3.lib(rt_cmsis.o)
    0x08005f20   0x00000018   Code   RO         1345    i.osThreadExit      RTX_CM3.lib(rt_cmsis.o)
    0x08005f38   0x0000000c   Code   RO         1351    i.osTimerCall       RTX_CM3.lib(rt_cmsis.o)
    0x08005f44   0x00000034   Code   RO         1352    i.osTimerCreate     RTX_CM3.lib(rt_cmsis.o)
    0x08005f78   0x00000018   Code   RO         1354    i.osTimerStart      RTX_CM3.lib(rt_cmsis.o)
    0x08005f90   0x00000018   Code   RO         1355    i.osTimerStop       RTX_CM3.lib(rt_cmsis.o)
    0x08005fa8   0x0000002c   Code   RO         1356    i.osTimerThread     RTX_CM3.lib(rt_cmsis.o)
    0x08005fd4   0x00000028   Code   RO         2052    i.os_tick_init      RTX_CM3.lib(rt_system.o)
    0x08005ffc   0x00000002   Code   RO         2053    i.os_tick_irqack    RTX_CM3.lib(rt_system.o)
    0x08005ffe   0x0000001a   Code   RO         2406    i.rt_alloc_box      RTX_CM3.lib(rt_membox.o)
    0x08006018   0x0000003e   Code   RO         2434    i.rt_alloc_mem      RTX_CM3.lib(rt_memory.o)
    0x08006056   0x00000002   PAD
    0x08006058   0x00000038   Code   RO         1933    i.rt_block          RTX_CM3.lib(rt_task.o)
    0x08006090   0x00000048   Code   RO         2383    i.rt_chk_robin      RTX_CM3.lib(rt_robin.o)
    0x080060d8   0x00000070   Code   RO         2184    i.rt_dec_dly        RTX_CM3.lib(rt_list.o)
    0x08006148   0x00000044   Code   RO         1934    i.rt_dispatch       RTX_CM3.lib(rt_task.o)
    0x0800618c   0x00000006   Code   RO         2350    i.rt_dly_wait       RTX_CM3.lib(rt_time.o)
    0x08006192   0x00000002   PAD
    0x08006194   0x00000050   Code   RO         2145    i.rt_evt_psh        RTX_CM3.lib(rt_event.o)
    0x080061e4   0x0000002c   Code   RO         2407    i.rt_free_box       RTX_CM3.lib(rt_membox.o)
    0x08006210   0x00000028   Code   RO         2435    i.rt_free_mem       RTX_CM3.lib(rt_memory.o)
    0x08006238   0x00000028   Code   RO         2185    i.rt_get_first      RTX_CM3.lib(rt_list.o)
    0x08006260   0x00000008   Code   RO         1361    i.rt_id2obj         RTX_CM3.lib(rt_cmsis.o)
    0x08006268   0x00000048   Code   RO         1935    i.rt_init_context   RTX_CM3.lib(rt_task.o)
    0x080062b0   0x0000001a   Code   RO         2436    i.rt_init_mem       RTX_CM3.lib(rt_memory.o)
    0x080062ca   0x00000002   PAD
    0x080062cc   0x00000018   Code   RO         2384    i.rt_init_robin     RTX_CM3.lib(rt_robin.o)
    0x080062e4   0x00000080   Code   RO         2461    i.rt_init_stack     RTX_CM3.lib(hal_cm.o)
    0x08006364   0x00000008   Code   RO         2262    i.rt_mbx_check      RTX_CM3.lib(rt_mailbox.o)
    0x0800636c   0x0000001a   Code   RO         2263    i.rt_mbx_init       RTX_CM3.lib(rt_mailbox.o)
    0x08006386   0x00000002   PAD
    0x08006388   0x000000f0   Code   RO         2264    i.rt_mbx_psh        RTX_CM3.lib(rt_mailbox.o)
    0x08006478   0x000000b4   Code   RO         2266    i.rt_mbx_wait       RTX_CM3.lib(rt_mailbox.o)
    0x0800652c   0x00000044   Code   RO         1362    i.rt_ms2tick        RTX_CM3.lib(rt_cmsis.o)
    0x08006570   0x00000010   Code   RO         2018    i.rt_mut_init       RTX_CM3.lib(rt_mutex.o)
    0x08006580   0x000000d8   Code   RO         2019    i.rt_mut_release    RTX_CM3.lib(rt_mutex.o)
    0x08006658   0x00000068   Code   RO         2020    i.rt_mut_wait       RTX_CM3.lib(rt_mutex.o)
    0x080066c0   0x0000007c   Code   RO         2056    i.rt_pop_req        RTX_CM3.lib(rt_system.o)
    0x0800673c   0x00000020   Code   RO         2057    i.rt_psh_req        RTX_CM3.lib(rt_system.o)
    0x0800675c   0x0000005c   Code   RO         2187    i.rt_psq_enq        RTX_CM3.lib(rt_list.o)
    0x080067b8   0x00000048   Code   RO         2188    i.rt_put_dly        RTX_CM3.lib(rt_list.o)
    0x08006800   0x00000036   Code   RO         2189    i.rt_put_prio       RTX_CM3.lib(rt_list.o)
    0x08006836   0x00000002   PAD
    0x08006838   0x00000014   Code   RO         2190    i.rt_put_rdy_first  RTX_CM3.lib(rt_list.o)
    0x0800684c   0x00000034   Code   RO         2191    i.rt_resort_prio    RTX_CM3.lib(rt_list.o)
    0x08006880   0x00000006   Code   RO         2462    i.rt_ret_val        RTX_CM3.lib(hal_cm.o)
    0x08006886   0x00000008   Code   RO         2463    i.rt_ret_val2       RTX_CM3.lib(hal_cm.o)
    0x0800688e   0x00000028   Code   RO         2192    i.rt_rmv_dly        RTX_CM3.lib(rt_list.o)
    0x080068b6   0x00000002   PAD
    0x080068b8   0x00000030   Code   RO         2193    i.rt_rmv_list       RTX_CM3.lib(rt_list.o)
    0x080068e8   0x00000034   Code   RO         2311    i.rt_sem_psh        RTX_CM3.lib(rt_semaphore.o)
    0x0800691c   0x00000024   Code   RO         2059    i.rt_stk_check      RTX_CM3.lib(rt_system.o)
    0x08006940   0x00000028   Code   RO         1936    i.rt_switch_req     RTX_CM3.lib(rt_task.o)
    0x08006968   0x000000cc   Code   RO         1937    i.rt_sys_init       RTX_CM3.lib(rt_task.o)
    0x08006a34   0x00000078   Code   RO         1938    i.rt_sys_start      RTX_CM3.lib(rt_task.o)
    0x08006aac   0x00000040   Code   RO         2061    i.rt_systick        RTX_CM3.lib(rt_system.o)
    0x08006aec   0x00000012   Code   RO         1363    i.rt_tid2ptcb       RTX_CM3.lib(rt_cmsis.o)
    0x08006afe   0x00000002   PAD
    0x08006b00   0x00000034   Code   RO         1364    i.rt_timer_insert   RTX_CM3.lib(rt_cmsis.o)
    0x08006b34   0x0000003c   Code   RO         1365    i.rt_timer_remove   RTX_CM3.lib(rt_cmsis.o)
    0x08006b70   0x00000088   Code   RO         1939    i.rt_tsk_create     RTX_CM3.lib(rt_task.o)
    0x08006bf8   0x0000017c   Code   RO         1940    i.rt_tsk_delete     RTX_CM3.lib(rt_task.o)
    0x08006d74   0x0000007c   Code   RO         1942    i.rt_tsk_prio       RTX_CM3.lib(rt_task.o)
    0x08006df0   0x00000010   Code   RO         1943    i.rt_tsk_self       RTX_CM3.lib(rt_task.o)
    0x08006e00   0x00000012   Code   RO         1366    i.svcDelay          RTX_CM3.lib(rt_cmsis.o)
    0x08006e12   0x00000002   PAD
    0x08006e14   0x00000070   Code   RO         1367    i.svcKernelInitialize  RTX_CM3.lib(rt_cmsis.o)
    0x08006e84   0x00000048   Code   RO         1369    i.svcKernelStart    RTX_CM3.lib(rt_cmsis.o)
    0x08006ecc   0x00000024   Code   RO         1372    i.svcMessageCreate  RTX_CM3.lib(rt_cmsis.o)
    0x08006ef0   0x0000003a   Code   RO         1373    i.svcMessageGet     RTX_CM3.lib(rt_cmsis.o)
    0x08006f2a   0x00000002   PAD
    0x08006f2c   0x00000070   Code   RO         1387    i.svcThreadCreate   RTX_CM3.lib(rt_cmsis.o)
    0x08006f9c   0x0000001c   Code   RO         1388    i.svcThreadGetId    RTX_CM3.lib(rt_cmsis.o)
    0x08006fb8   0x00000038   Code   RO         1391    i.svcThreadTerminate  RTX_CM3.lib(rt_cmsis.o)
    0x08006ff0   0x00000018   Code   RO         1393    i.svcTimerCall      RTX_CM3.lib(rt_cmsis.o)
    0x08007008   0x00000038   Code   RO         1394    i.svcTimerCreate    RTX_CM3.lib(rt_cmsis.o)
    0x08007040   0x00000064   Code   RO         1396    i.svcTimerStart     RTX_CM3.lib(rt_cmsis.o)
    0x080070a4   0x00000024   Code   RO         1397    i.svcTimerStop      RTX_CM3.lib(rt_cmsis.o)
    0x080070c8   0x0000005c   Code   RO         1402    i.sysTimerTick      RTX_CM3.lib(rt_cmsis.o)
    0x08007124   0x0000002c   Code   RO         3127    locale$$code        c_w.l(lc_numeric_c.o)
    0x08007150   0x0000002c   Code   RO         3187    locale$$code        c_w.l(lc_ctype_c.o)
    0x0800717c   0x000002b0   Code   RO         2606    x$fpl$ddiv          fz_ws.l(ddiv.o)
    0x0800742c   0x0000005a   Code   RO         2609    x$fpl$dfixu         fz_ws.l(dfixu.o)
    0x08007486   0x0000002e   Code   RO         2614    x$fpl$dflt          fz_ws.l(dflt_clz.o)
    0x080074b4   0x0000009c   Code   RO         2851    x$fpl$dnaninf       fz_ws.l(dnaninf.o)
    0x08007550   0x0000000c   Code   RO         2853    x$fpl$dretinf       fz_ws.l(dretinf.o)
    0x0800755c   0x00000056   Code   RO         2619    x$fpl$f2d           fz_ws.l(f2d.o)
    0x080075b2   0x00000002   PAD
    0x080075b4   0x00000030   Code   RO         2622    x$fpl$fflt          fz_ws.l(fflt_clz.o)
    0x080075e4   0x00000102   Code   RO         2627    x$fpl$fmul          fz_ws.l(fmul.o)
    0x080076e6   0x0000008c   Code   RO         2855    x$fpl$fnaninf       fz_ws.l(fnaninf.o)
    0x08007772   0x0000000a   Code   RO         2859    x$fpl$fretinf       fz_ws.l(fretinf.o)
    0x0800777c   0x00000004   Code   RO         2861    x$fpl$printf1       fz_ws.l(printf1.o)
    0x08007780   0x00000000   Code   RO         2863    x$fpl$usenofp       fz_ws.l(usenofp.o)
    0x08007780   0x00000038   Data   RO          513    .constdata          task.o
    0x080077b8   0x00000056   Data   RO          941    .constdata          rtx_conf_cm.o
    0x0800780e   0x00000002   PAD
    0x08007810   0x00000008   Data   RO         2746    .constdata          c_w.l(_printf_wctomb.o)
    0x08007818   0x00000028   Data   RO         2775    .constdata          c_w.l(_printf_hex_int_ll_ptr.o)
    0x08007840   0x00000011   Data   RO         2795    .constdata          c_w.l(__printf_flags_ss_wp.o)
    0x08007851   0x00000003   PAD
    0x08007854   0x00000094   Data   RO         3102    .constdata          c_w.l(bigflt0.o)
    0x080078e8   0x00000020   Data   RO         3225    Region$$Table       anon$$obj.o
    0x08007908   0x0000001c   Data   RO         3126    locale$$data        c_w.l(lc_numeric_c.o)
    0x08007924   0x00000110   Data   RO         3186    locale$$data        c_w.l(lc_ctype_c.o)
    0x08007a34   0x00000004   Data   RO          387    .init_array         variables.o
    0x08007a38   0x00000000   Data   RO         2590    .init_array         c_w.l(init_aeabi.o)


    Execution Region RW_IRAM1 (Base: 0x20000000, Size: 0x000044c8, Max: 0x00005000, ABSOLUTE, COMPRESSED[0x00000060])

    Base Addr    Size         Type   Attr      Idx    E Section Name        Object

    0x20000000   0x000000b0   Data   RW          386    .data               variables.o
    0x200000b0   0x00000010   Data   RW          514    .data               task.o
    0x200000c0   0x00000007   Data   RW          552    .data               task_button.o
    0x200000c7   0x00000001   PAD
    0x200000c8   0x0000000f   Data   RW          610    .data               task_lcd.o
    0x200000d7   0x00000001   PAD
    0x200000d8   0x00000004   Data   RW          700    .data               task_sending.o
    0x200000dc   0x00000001   Data   RW          851    .data               main.o
    0x200000dd   0x00000003   PAD
    0x200000e0   0x00000024   Data   RW          942    .data               rtx_conf_cm.o
    0x20000104   0x00000014   Data   RW         1177    .data               stm32f10x_rcc.o
    0x20000118   0x00000014   Data   RW         1282    .data               system_stm32f10x.o
    0x2000012c   0x00000008   Data   RW         1405    .data               RTX_CM3.lib(rt_cmsis.o)
    0x20000134   0x00000008   Data   RW         1945    .data               RTX_CM3.lib(rt_task.o)
    0x2000013c   0x00000008   Data   RW         2064    .data               RTX_CM3.lib(rt_system.o)
    0x20000144   0x00000004   Data   RW         2354    .data               RTX_CM3.lib(rt_time.o)
    0x20000148   0x00000008   Data   RW         2385    .data               RTX_CM3.lib(rt_robin.o)
    0x20000150   0x00000001   Data   RW         2464    .data               RTX_CM3.lib(hal_cm.o)
    0x20000151   0x00000003   PAD
    0x20000154   0x00001f40   Zero   RW            4    .bss                type.o
    0x20002094   0x000003f0   Zero   RW          385    .bss                variables.o
    0x20002484   0x00000018   Zero   RW          512    .bss                task.o
    0x2000249c   0x00000038   Zero   RW          609    .bss                task_lcd.o
    0x200024d4   0x00000004   PAD
    0x200024d8   0x00001928   Zero   RW          940    .bss                rtx_conf_cm.o
    0x20003e00   0x00000034   Zero   RW         1944    .bss                RTX_CM3.lib(rt_task.o)
    0x20003e34   0x00000030   Zero   RW         2194    .bss                RTX_CM3.lib(rt_list.o)
    0x20003e64   0x00000060   Zero   RW         2522    .bss                c_w.l(libspace.o)
    0x20003ec4   0x00000004   PAD
    0x20003ec8   0x00000200   Zero   RW         1272    HEAP                startup_stm32f10x_md.o
    0x200040c8   0x00000400   Zero   RW         1271    STACK               startup_stm32f10x_md.o


==============================================================================

Image component sizes


      Code (inc. data)   RO Data    RW Data    ZI Data      Debug   Object Name

       496         14          0          0          0       6668   lcd.o
       120         12          0          1          0       1723   main.o
       550          8          0          0          0      10788   marx.o
      1152          6          0          0          0      19060   menu.o
       682        132          0          0          0       8616   menu_init.o
         0          0          0          0          0     259172   misc.o
       704         30          0          0          0       2603   peripheral.o
       192         34         86         36       6440      13229   rtx_conf_cm.o
        64         26        236          0       1536        824   startup_stm32f10x_md.o
      1188         22          0          0          0       9214   stm32f10x_flash.o
       664         36          0          0          0       6361   stm32f10x_gpio.o
       756         32          0         20          0       9476   stm32f10x_rcc.o
       692         12          0          0          0       7290   stm32f10x_spi.o
      3114         84          0          0          0      25252   stm32f10x_tim.o
       924         20          0          0          0       9316   stm32f10x_usart.o
       372         34          0         20          0       1951   system_stm32f10x.o
        96         34         56         16         24       1297   task.o
       474         38          0          7          0       8607   task_button.o
      1902        208          0         15         56      19041   task_lcd.o
       970         26          0          4          0      10903   task_sending.o
       532         30          0          0          0       7148   timer_trigger.o
         0          0          0          0       8000     259166   type.o
       222         92          4        176       1008      13098   variables.o

    ----------------------------------------------------------------------
     15868        930        416        300      17068     710803   Object Totals
         0          0         32          0          0          0   (incl. Generated)
         2          0          2          5          4          0   (incl. Padding)

    ----------------------------------------------------------------------

      Code (inc. data)   RO Data    RW Data    ZI Data      Debug   Library Member Name

       238         24          0          1          0       3256   hal_cm.o
       304         36          0          0          0        760   hal_cm3.o
      1512        178          0          8          0      36975   rt_cmsis.o
        80          4          0          0          0        653   rt_event.o
       530         34          0          0         48       8165   rt_list.o
       550         10          0          0          0       3897   rt_mailbox.o
       140          0          0          0          0       1901   rt_membox.o
       128          0          0          0          0       2275   rt_memory.o
       336         12          0          0          0       2057   rt_mutex.o
        96         22          0          8          0       1134   rt_robin.o
        52          4          0          0          0        565   rt_semaphore.o
       298         52          0          8          0       6151   rt_system.o
      1216        174          0          8         52       9545   rt_task.o
         6          0          0          4          0        636   rt_time.o
         4          4          0          0          0        200   svc_table.o
        90          0          0          0          0          0   __dczerorl2.o
         8          0          0          0          0         68   __main.o
       392          4         17          0          0         92   __printf_flags_ss_wp.o
        14          0          0          0          0         68   __printf_wp.o
         0          0          0          0          0          0   __rtentry.o
        20          0          0          0          0          0   __rtentry2.o
         6          0          0          0          0          0   __rtentry4.o
        52          8          0          0          0          0   __scatter.o
        28          0          0          0          0          0   __scatter_zi.o
         6          0          0          0          0          0   _printf_a.o
         6          0          0          0          0          0   _printf_c.o
        44          0          0          0          0        108   _printf_char.o
        48          6          0          0          0         96   _printf_char_common.o
        40          0          0          0          0         68   _printf_charcount.o
         6          0          0          0          0          0   _printf_d.o
       120         16          0          0          0         92   _printf_dec.o
         6          0          0          0          0          0   _printf_e.o
         6          0          0          0          0          0   _printf_f.o
      1050          0          0          0          0        216   _printf_fp_dec.o
       128         16          0          0          0         84   _printf_fp_infnan.o
         6          0          0          0          0          0   _printf_g.o
       148          4         40          0          0        160   _printf_hex_int_ll_ptr.o
         6          0          0          0          0          0   _printf_i.o
       178          0          0          0          0         88   _printf_intcommon.o
        10          0          0          0          0          0   _printf_l.o
         6          0          0          0          0          0   _printf_lc.o
        10          0          0          0          0          0   _printf_ll.o
         6          0          0          0          0          0   _printf_lld.o
         6          0          0          0          0          0   _printf_lli.o
         6          0          0          0          0          0   _printf_llo.o
         6          0          0          0          0          0   _printf_llu.o
         6          0          0          0          0          0   _printf_llx.o
       124         16          0          0          0         92   _printf_longlong_dec.o
         6          0          0          0          0          0   _printf_ls.o
         6          0          0          0          0          0   _printf_n.o
         6          0          0          0          0          0   _printf_o.o
       112          8          0          0          0        124   _printf_oct_int_ll.o
         6          0          0          0          0          0   _printf_p.o
        78          0          0          0          0        108   _printf_pad.o
         0          0          0          0          0          0   _printf_percent.o
         4          0          0          0          0          0   _printf_percent_end.o
         6          0          0          0          0          0   _printf_s.o
        82          0          0          0          0         80   _printf_str.o
        36          0          0          0          0         84   _printf_truncate.o
         6          0          0          0          0          0   _printf_u.o
        44          0          0          0          0        108   _printf_wchar.o
       188          6          8          0          0         92   _printf_wctomb.o
         6          0          0          0          0          0   _printf_x.o
        10          0          0          0          0         68   _sputc.o
        64          0          0          0          0         92   _wcrtomb.o
        22          0          0          0          0         80   abort.o
        46          0          0          0          0         84   aeabi_atexit.o
       220          4        148          0          0         96   bigflt0.o
      1910        128          0          0          0        672   btod.o
        36          4          0          0          0         76   c89vsprintf.o
        66          0          0          0          0         84   cxa_finalize.o
        48         34          0          0          0         76   defsig_abrt_inner.o
        14          0          0          0          0         80   defsig_abrt_outer.o
        10          0          0          0          0         68   defsig_exit.o
        50          0          0          0          0         88   defsig_general.o
        80         58          0          0          0         76   defsig_rtmem_inner.o
        14          0          0          0          0         80   defsig_rtmem_outer.o
        18          0          0          0          0         80   exit.o
       158          0          0          0          0        128   h1_alloc_mt.o
        62          0          0          0          0         80   h1_extend_mt.o
       118          0          0          0          0        108   h1_free_mt.o
        18          0          0          0          0         84   h1_init_mt.o
         6          0          0          0          0        152   heapauxi.o
         4          0          0          0          0        136   hguard.o
         0          0          0          0          0          0   indicate_semi.o
        36         10          0          0          0         80   init_aeabi.o
       138          0          0          0          0        168   init_alloc.o
        44         10        272          0          0         76   lc_ctype_c.o
        44         10         28          0          0         76   lc_numeric_c.o
         2          0          0          0          0          0   libinit.o
        42          0          0          0          0          0   libinit2.o
         2          0          0          0          0          0   libshutdown.o
         8          0          0          0          0          0   libshutdown2.o
         8          4          0          0         96         68   libspace.o
       138          0          0          0          0         80   lludiv10.o
       238          0          0          0          0        100   lludivv7m.o
         0          0          0          0          0          0   maybetermalloc1.o
        16          4          0          0          0         76   rt_ctype_table.o
        10          0          0          0          0         76   rt_ddtor_pointer_addr_twolibspace.o
        10          0          0          0          0         76   rt_eh_globals_addr_twolibspace.o
        10          0          0          0          0         76   rt_heap_descriptor_twolibspace.o
        10          0          0          0          0         76   rt_locale_twolibspace.o
        10          0          0          0          0         76   rt_new_handler_addr_twolibspace.o
         2          0          0          0          0          0   rtexit.o
        10          0          0          0          0          0   rtexit2.o
       128          0          0          0          0         68   strcmpv7m.o
        12          4          0          0          0         68   sys_exit.o
        74          0          0          0          0         80   sys_stackheap_outer.o
        14          0          0          0          0         76   sys_wrch.o
         2          0          0          0          0         68   use_no_semi.o
        80         12          0          0          0        104   arm_exceptions_globs.o
        60          0          0          0          0        108   arm_exceptions_mem.o
        26          0          0          0          0         76   arm_exceptions_terminate.o
         4          0          0          0          0         68   arm_newhandler_noexceptions.o
        16          0          0          0          0         68   cxa_guard_acquire.o
        40          6          0          0          0         76   new.o
       688        140          0          0          0        208   ddiv.o
        90          4          0          0          0         92   dfixu.o
        46          0          0          0          0         68   dflt_clz.o
       156          4          0          0          0         92   dnaninf.o
        12          0          0          0          0         68   dretinf.o
        86          4          0          0          0         84   f2d.o
        48          0          0          0          0         68   fflt_clz.o
       258          4          0          0          0         84   fmul.o
       140          4          0          0          0         84   fnaninf.o
        10          0          0          0          0         68   fretinf.o
         4          0          0          0          0         68   printf1.o
         0          0          0          0          0          0   usenofp.o
        40          0          0          0          0         68   fpclassify.o

    ----------------------------------------------------------------------
     14488       1086        516         40        200      85502   Library Totals
        38          0          3          3          4          0   (incl. Padding)

    ----------------------------------------------------------------------

      Code (inc. data)   RO Data    RW Data    ZI Data      Debug   Library Name

      5490        554          0         37        100      78170   RTX_CM3.lib
      7156        354        513          0         96       5780   c_w.l
       226         18          0          0          0        500   cpprt_w.l
      1538        160          0          0          0        984   fz_ws.l
        40          0          0          0          0         68   m_ws.l

    ----------------------------------------------------------------------
     14488       1086        516         40        200      85502   Library Totals

    ----------------------------------------------------------------------

==============================================================================


      Code (inc. data)   RO Data    RW Data    ZI Data      Debug   

     30356       2016        932        340      17268     784393   Grand Totals
     30356       2016        932         96      17268     784393   ELF Image Totals (compressed)
     30356       2016        932         96          0          0   ROM Totals

==============================================================================

    Total RO  Size (Code + RO Data)                31288 (  30.55kB)
    Total RW  Size (RW Data + ZI Data)             17608 (  17.20kB)
    Total ROM Size (Code + RO Data + RW Data)      31384 (  30.65kB)

==============================================================================

